Component: ARM Compiler 5.06 update 6 (build 750) Tool: armlink [4d35ed]

==============================================================================

Section Cross References

    main.o(i.adc_start) refers to main.o(i.__sd_nvic_app_accessible_irq) for __sd_nvic_app_accessible_irq
    main.o(i.adc_start) refers to app_error.o(i.app_error_handler_bare) for app_error_handler_bare
    main.o(i.adc_start) refers to app_util_platform.o(.data) for nrf_nvic_state
    main.o(i.assert_nrf_callback) refers to app_error.o(i.app_error_handler) for app_error_handler
    main.o(i.ble_evt_dispatch) refers to ble_conn_params.o(i.ble_conn_params_on_ble_evt) for ble_conn_params_on_ble_evt
    main.o(i.ble_evt_dispatch) refers to ble_nus.o(i.ble_nus_on_ble_evt) for ble_nus_on_ble_evt
    main.o(i.ble_evt_dispatch) refers to main.o(i.on_ble_evt) for on_ble_evt
    main.o(i.ble_evt_dispatch) refers to ble_advertising.o(i.ble_advertising_on_ble_evt) for ble_advertising_on_ble_evt
    main.o(i.ble_evt_dispatch) refers to bsp_btn_ble.o(i.bsp_btn_ble_on_ble_evt) for bsp_btn_ble_on_ble_evt
    main.o(i.ble_evt_dispatch) refers to main.o(.bss) for .bss
    main.o(i.bsp_event_handler) refers to main.o(i.sleep_mode_enter) for sleep_mode_enter
    main.o(i.bsp_event_handler) refers to app_error.o(i.app_error_handler_bare) for app_error_handler_bare
    main.o(i.bsp_event_handler) refers to ble_advertising.o(i.ble_advertising_restart_without_whitelist) for ble_advertising_restart_without_whitelist
    main.o(i.bsp_event_handler) refers to main.o(.data) for .data
    main.o(i.conn_params_error_handler) refers to app_error.o(i.app_error_handler_bare) for app_error_handler_bare
    main.o(i.in_pin_handler) refers to printf1.o(i.__0printf$1) for __2printf
    main.o(i.in_pin_handler) refers to main.o(i.nrf_delay_ms) for nrf_delay_ms
    main.o(i.in_pin_handler) refers to main.o(.data) for .data
    main.o(i.main) refers to memseta.o(.text) for __aeabi_memclr4
    main.o(i.main) refers to main.o(i.nrf_gpio_cfg_input) for nrf_gpio_cfg_input
    main.o(i.main) refers to eeprom.o(i.twi_init) for twi_init
    main.o(i.main) refers to app_timer.o(i.app_timer_init) for app_timer_init
    main.o(i.main) refers to app_error.o(i.app_error_handler_bare) for app_error_handler_bare
    main.o(i.main) refers to memcpya.o(.text) for __aeabi_memcpy4
    main.o(i.main) refers to app_uart_fifo.o(i.app_uart_init) for app_uart_init
    main.o(i.main) refers to softdevice_handler.o(i.softdevice_handler_init) for softdevice_handler_init
    main.o(i.main) refers to softdevice_handler.o(i.softdevice_enable_get_default_config) for softdevice_enable_get_default_config
    main.o(i.main) refers to softdevice_handler.o(i.softdevice_enable) for softdevice_enable
    main.o(i.main) refers to softdevice_handler.o(i.softdevice_ble_evt_handler_set) for softdevice_ble_evt_handler_set
    main.o(i.main) refers to ble_nus.o(i.ble_nus_init) for ble_nus_init
    main.o(i.main) refers to ble_advertising.o(i.ble_advertising_init) for ble_advertising_init
    main.o(i.main) refers to ble_conn_params.o(i.ble_conn_params_init) for ble_conn_params_init
    main.o(i.main) refers to printf1.o(i.__0printf$1) for __2printf
    main.o(i.main) refers to ble_advertising.o(i.ble_advertising_start) for ble_advertising_start
    main.o(i.main) refers to main.o(i.adc_start) for adc_start
    main.o(i.main) refers to printf1.o(i.__0sprintf$1) for __2sprintf
    main.o(i.main) refers to eeprom.o(i.write_EEPROM_data) for write_EEPROM_data
    main.o(i.main) refers to main.o(i.nrf_delay_ms) for nrf_delay_ms
    main.o(i.main) refers to strlen.o(.text) for strlen
    main.o(i.main) refers to ble_nus.o(i.ble_nus_string_send) for ble_nus_string_send
    main.o(i.main) refers to main.o(.bss) for .bss
    main.o(i.main) refers to main.o(.constdata) for .constdata
    main.o(i.main) refers to main.o(i.uart_event_handle) for uart_event_handle
    main.o(i.main) refers to main.o(i.ble_evt_dispatch) for ble_evt_dispatch
    main.o(i.main) refers to main.o(i.nus_data_handler) for nus_data_handler
    main.o(i.main) refers to main.o(.data) for .data
    main.o(i.main) refers to main.o(i.on_adv_evt) for on_adv_evt
    main.o(i.main) refers to main.o(i.on_conn_params_evt) for on_conn_params_evt
    main.o(i.main) refers to main.o(i.conn_params_error_handler) for conn_params_error_handler
    main.o(i.nrf_delay_ms) refers to system_nrf51.o(.data) for SystemCoreClock
    main.o(i.nus_data_handler) refers to app_uart_fifo.o(i.app_uart_put) for app_uart_put
    main.o(i.on_adv_evt) refers to bsp.o(i.bsp_indication_set) for bsp_indication_set
    main.o(i.on_adv_evt) refers to app_error.o(i.app_error_handler_bare) for app_error_handler_bare
    main.o(i.on_adv_evt) refers to main.o(i.sleep_mode_enter) for sleep_mode_enter
    main.o(i.on_ble_evt) refers to bsp.o(i.bsp_indication_set) for bsp_indication_set
    main.o(i.on_ble_evt) refers to app_error.o(i.app_error_handler_bare) for app_error_handler_bare
[...]
    ..\\..\\..\\..\\..\\..\\components\\libraries\\util\\app_util_platform.c 0x00000000   Number         0  app_util_platform.o ABSOLUTE
    ..\\..\\..\\..\\..\\..\\components\\libraries\\util\\nrf_assert.c 0x00000000   Number         0  nrf_assert.o ABSOLUTE
    ..\\..\\..\\..\\..\\..\\components\\softdevice\\common\\softdevice_handler\\softdevice_handler.c 0x00000000   Number         0  softdevice_handler.o ABSOLUTE
    ..\\..\\..\\..\\..\\..\\external\\segger_rtt\\SEGGER_RTT.c 0x00000000   Number         0  segger_rtt.o ABSOLUTE
    ..\\..\\..\\eeprom.c                     0x00000000   Number         0  eeprom.o ABSOLUTE
    ..\\..\\..\\main.c                       0x00000000   Number         0  main.o ABSOLUTE
    RTE\Device\nRF51822_xxAA\arm_startup_nrf51.s 0x00000000   Number         0  arm_startup_nrf51.o ABSOLUTE
    RTE\Device\nRF51822_xxAA\system_nrf51.c  0x00000000   Number         0  system_nrf51.o ABSOLUTE
    RTE\\Device\\nRF51822_xxAA\\system_nrf51.c 0x00000000   Number         0  system_nrf51.o ABSOLUTE
    cdrcmple.s                               0x00000000   Number         0  cdrcmple.o ABSOLUTE
    dc.s                                     0x00000000   Number         0  dc.o ABSOLUTE
    handlers.s                               0x00000000   Number         0  handlers.o ABSOLUTE
    init.s                                   0x00000000   Number         0  init.o ABSOLUTE
    RESET                                    0x0001b000   Section      192  arm_startup_nrf51.o(RESET)
    .ARM.Collect$$$$00000000                 0x0001b0c0   Section        0  entry.o(.ARM.Collect$$$$00000000)
    .ARM.Collect$$$$00000001                 0x0001b0c0   Section        4  entry2.o(.ARM.Collect$$$$00000001)
    .ARM.Collect$$$$00000004                 0x0001b0c4   Section        4  entry5.o(.ARM.Collect$$$$00000004)
    .ARM.Collect$$$$00000008                 0x0001b0c8   Section        0  entry7b.o(.ARM.Collect$$$$00000008)
    .ARM.Collect$$$$0000000A                 0x0001b0c8   Section        0  entry8b.o(.ARM.Collect$$$$0000000A)
    .ARM.Collect$$$$0000000B                 0x0001b0c8   Section        8  entry9a.o(.ARM.Collect$$$$0000000B)
    .ARM.Collect$$$$0000000D                 0x0001b0d0   Section        0  entry10a.o(.ARM.Collect$$$$0000000D)
    .ARM.Collect$$$$0000000F                 0x0001b0d0   Section        0  entry11a.o(.ARM.Collect$$$$0000000F)
    .ARM.Collect$$$$00002712                 0x0001b0d0   Section        4  entry2.o(.ARM.Collect$$$$00002712)
    __lit__00000000                          0x0001b0d0   Data           4  entry2.o(.ARM.Collect$$$$00002712)
    .text                                    0x0001b0d4   Section       56  arm_startup_nrf51.o(.text)
    .text                                    0x0001b10c   Section        0  uidiv.o(.text)
    .text                                    0x0001b138   Section        0  memcpya.o(.text)
    .text                                    0x0001b15c   Section        0  memseta.o(.text)
    .text                                    0x0001b180   Section        0  strlen.o(.text)
    .text                                    0x0001b190   Section       36  init.o(.text)
    i.ADC_IRQHandler                         0x0001b1b4   Section        0  nrf_drv_adc.o(i.ADC_IRQHandler)
    i.GPIOTE_IRQHandler                      0x0001b214   Section        0  nrf_drv_gpiote.o(i.GPIOTE_IRQHandler)
    i.NVIC_SetPriority                       0x0001b38c   Section        0  app_timer.o(i.NVIC_SetPriority)
    NVIC_SetPriority                         0x0001b38d   Thumb Code    60  app_timer.o(i.NVIC_SetPriority)
    i.POWER_CLOCK_IRQHandler                 0x0001b3d0   Section        0  nrf_drv_clock.o(i.POWER_CLOCK_IRQHandler)
    i.RTC1_IRQHandler                        0x0001b424   Section        0  app_timer.o(i.RTC1_IRQHandler)
    i.SPI0_TWI0_IRQHandler                   0x0001b444   Section        0  nrf_drv_twi.o(i.SPI0_TWI0_IRQHandler)
    i.SWI0_IRQHandler                        0x0001b458   Section        0  app_timer.o(i.SWI0_IRQHandler)
    i.SWI2_IRQHandler                        0x0001b460   Section        0  softdevice_handler.o(i.SWI2_IRQHandler)
    i.SystemInit                             0x0001b480   Section        0  system_nrf51.o(i.SystemInit)
    i.UART0_IRQHandler                       0x0001b520   Section        0  nrf_drv_uart.o(i.UART0_IRQHandler)
    i.__0printf$1                            0x0001b534   Section        0  printf1.o(i.__0printf$1)
    i.__0sprintf$1                           0x0001b554   Section        0  printf1.o(i.__0sprintf$1)
    i.__ARM_common_switch8                   0x0001b57c   Section        0  bsp.o(i.__ARM_common_switch8)
    i.__scatterload_copy                     0x0001b596   Section       14  handlers.o(i.__scatterload_copy)
    i.__scatterload_null                     0x0001b5a4   Section        2  handlers.o(i.__scatterload_null)
    i.__scatterload_zeroinit                 0x0001b5a6   Section       14  handlers.o(i.__scatterload_zeroinit)
    i.__sd_nvic_app_accessible_irq           0x0001b5b4   Section        0  main.o(i.__sd_nvic_app_accessible_irq)
    __sd_nvic_app_accessible_irq             0x0001b5b5   Thumb Code    22  main.o(i.__sd_nvic_app_accessible_irq)
    i.__sd_nvic_app_accessible_irq           0x0001b5d0   Section        0  softdevice_handler.o(i.__sd_nvic_app_accessible_irq)
    __sd_nvic_app_accessible_irq             0x0001b5d1   Thumb Code    22  softdevice_handler.o(i.__sd_nvic_app_accessible_irq)
    i._printf_core                           0x0001b5ec   Section        0  printf1.o(i._printf_core)
    _printf_core                             0x0001b5ed   Thumb Code   332  printf1.o(i._printf_core)
    i._sputc                                 0x0001b73c   Section        0  printf1.o(i._sputc)
    _sputc                                   0x0001b73d   Thumb Code    10  printf1.o(i._sputc)
    i.adc_sample_process                     0x0001b748   Section        0  nrf_drv_adc.o(i.adc_sample_process)
    adc_sample_process                       0x0001b749   Thumb Code    80  nrf_drv_adc.o(i.adc_sample_process)
    i.adc_start                              0x0001b7a8   Section        0  main.o(i.adc_start)
    i.adv_data_encode                        0x0001b890   Section        0  ble_advdata.o(i.adv_data_encode)
    i.adv_mode_next_avail_get                0x0001ba20   Section        0  ble_advertising.o(i.adv_mode_next_avail_get)
    adv_mode_next_avail_get                  0x0001ba21   Thumb Code    94  ble_advertising.o(i.adv_mode_next_avail_get)
    i.advertising_buttons_configure          0x0001ba88   Section        0  bsp_btn_ble.o(i.advertising_buttons_configure)
    advertising_buttons_configure            0x0001ba89   Thumb Code    60  bsp_btn_ble.o(i.advertising_buttons_configure)
    i.app_error_fault_handler                0x0001bac4   Section        0  app_error_weak.o(i.app_error_fault_handler)
    i.app_error_handler_bare                 0x0001bae0   Section        0  app_error.o(i.app_error_handler_bare)
    i.app_fifo_get                           0x0001baf8   Section        0  app_fifo.o(i.app_fifo_get)
    i.app_fifo_init                          0x0001bb0e   Section        0  app_fifo.o(i.app_fifo_init)
    i.app_fifo_put                           0x0001bb32   Section        0  app_fifo.o(i.app_fifo_put)
    i.app_timer_create                       0x0001bb4c   Section        0  app_timer.o(i.app_timer_create)
    i.app_timer_init                         0x0001bb7c   Section        0  app_timer.o(i.app_timer_init)
    i.app_timer_start                        0x0001bbf0   Section        0  app_timer.o(i.app_timer_start)
    i.app_timer_stop                         0x0001bc78   Section        0  app_timer.o(i.app_timer_stop)
    i.app_uart_get                           0x0001bca0   Section        0  app_uart_fifo.o(i.app_uart_get)
    i.app_uart_init                          0x0001bcd8   Section        0  app_uart_fifo.o(i.app_uart_init)
    i.app_uart_put                           0x0001bd88   Section        0  app_uart_fifo.o(i.app_uart_put)
    i.app_util_critical_region_enter         0x0001bdc8   Section        0  app_util_platform.o(i.app_util_critical_region_enter)
    i.app_util_critical_region_exit          0x0001be04   Section        0  app_util_platform.o(i.app_util_critical_region_exit)
    i.apply_config                           0x0001be30   Section        0  nrf_drv_uart.o(i.apply_config)
    apply_config                             0x0001be31   Thumb Code   128  nrf_drv_uart.o(i.apply_config)
    i.ble_advdata_set                        0x0001beb4   Section        0  ble_advdata.o(i.ble_advdata_set)
    i.ble_advertising_init                   0x0001bf1c   Section        0  ble_advertising.o(i.ble_advertising_init)
    i.ble_advertising_on_ble_evt             0x0001c078   Section        0  ble_advertising.o(i.ble_advertising_on_ble_evt)
    i.ble_advertising_start                  0x0001c0d0   Section        0  ble_advertising.o(i.ble_advertising_start)
    i.ble_conn_params_init                   0x0001c1d8   Section        0  ble_conn_params.o(i.ble_conn_params_init)
    i.ble_conn_params_on_ble_evt             0x0001c22c   Section        0  ble_conn_params.o(i.ble_conn_params_on_ble_evt)
    i.ble_device_addr_encode                 0x0001c2bc   Section        0  ble_advdata.o(i.ble_device_addr_encode)
    ble_device_addr_encode                   0x0001c2bd   Thumb Code    94  ble_advdata.o(i.ble_device_addr_encode)
    i.ble_evt_dispatch                       0x0001c31c   Section        0  main.o(i.ble_evt_dispatch)
    ble_evt_dispatch                         0x0001c31d   Thumb Code    36  main.o(i.ble_evt_dispatch)
    i.ble_nus_init                           0x0001c344   Section        0  ble_nus.o(i.ble_nus_init)
    i.ble_nus_on_ble_evt                     0x0001c3ac   Section        0  ble_nus.o(i.ble_nus_on_ble_evt)
    i.ble_nus_string_send                    0x0001c408   Section        0  ble_nus.o(i.ble_nus_string_send)
    i.ble_srv_is_notification_enabled        0x0001c45c   Section        0  ble_srv_common.o(i.ble_srv_is_notification_enabled)
    i.bsp_board_button_idx_to_pin            0x0001c46c   Section        0  boards.o(i.bsp_board_button_idx_to_pin)
    i.bsp_board_led_invert                   0x0001c478   Section        0  boards.o(i.bsp_board_led_invert)
    i.bsp_board_led_off                      0x0001c498   Section        0  boards.o(i.bsp_board_led_off)
    i.bsp_board_led_on                       0x0001c4ac   Section        0  boards.o(i.bsp_board_led_on)
    i.bsp_board_led_state_get                0x0001c4c0   Section        0  boards.o(i.bsp_board_led_state_get)
    i.bsp_board_leds_off                     0x0001c4e0   Section        0  boards.o(i.bsp_board_leds_off)
    i.bsp_board_leds_on                      0x0001c4f2   Section        0  boards.o(i.bsp_board_leds_on)
    i.bsp_board_pin_to_button_idx            0x0001c504   Section        0  boards.o(i.bsp_board_pin_to_button_idx)
    i.bsp_btn_ble_on_ble_evt                 0x0001c528   Section        0  bsp_btn_ble.o(i.bsp_btn_ble_on_ble_evt)
    i.bsp_btn_ble_sleep_mode_prepare         0x0001c5a0   Section        0  bsp_btn_ble.o(i.bsp_btn_ble_sleep_mode_prepare)
    i.bsp_button_event_handler               0x0001c5c4   Section        0  bsp.o(i.bsp_button_event_handler)
    bsp_button_event_handler                 0x0001c5c5   Thumb Code   134  bsp.o(i.bsp_button_event_handler)
    i.bsp_event_to_button_action_assign      0x0001c658   Section        0  bsp.o(i.bsp_event_to_button_action_assign)
    i.bsp_indication_set                     0x0001c6a0   Section        0  bsp.o(i.bsp_indication_set)
    i.bsp_led_indication                     0x0001c6bc   Section        0  bsp.o(i.bsp_led_indication)
    bsp_led_indication                       0x0001c6bd   Thumb Code   376  bsp.o(i.bsp_led_indication)
    i.bsp_wakeup_button_enable               0x0001c83c   Section        0  bsp.o(i.bsp_wakeup_button_enable)
    i.channel_port_get                       0x0001c84c   Section        0  nrf_drv_gpiote.o(i.channel_port_get)
    channel_port_get                         0x0001c84d   Thumb Code    10  nrf_drv_gpiote.o(i.channel_port_get)
    i.clock_clk_started_notify               0x0001c85c   Section        0  nrf_drv_clock.o(i.clock_clk_started_notify)
    clock_clk_started_notify                 0x0001c85d   Thumb Code    34  nrf_drv_clock.o(i.clock_clk_started_notify)
    i.compare_reg_update                     0x0001c884   Section        0  app_timer.o(i.compare_reg_update)
    compare_reg_update                       0x0001c885   Thumb Code   142  app_timer.o(i.compare_reg_update)
    i.conn_int_encode                        0x0001c92c   Section        0  ble_advdata.o(i.conn_int_encode)
    conn_int_encode                          0x0001c92d   Thumb Code   130  ble_advdata.o(i.conn_int_encode)
    i.conn_params_error_handler              0x0001c9b4   Section        0  main.o(i.conn_params_error_handler)
    conn_params_error_handler                0x0001c9b5   Thumb Code     8  main.o(i.conn_params_error_handler)
    i.conn_params_negotiation                0x0001c9bc   Section        0  ble_conn_params.o(i.conn_params_negotiation)
    conn_params_negotiation                  0x0001c9bd   Thumb Code    92  ble_conn_params.o(i.conn_params_negotiation)
    i.elapsed_ticks_acquire                  0x0001ca24   Section        0  app_timer.o(i.elapsed_ticks_acquire)
    elapsed_ticks_acquire                    0x0001ca25   Thumb Code    58  app_timer.o(i.elapsed_ticks_acquire)
    i.fifo_get                               0x0001ca64   Section        0  app_fifo.o(i.fifo_get)
    fifo_get                                 0x0001ca65   Thumb Code    20  app_fifo.o(i.fifo_get)
    i.fifo_put                               0x0001ca78   Section        0  app_fifo.o(i.fifo_put)
    fifo_put                                 0x0001ca79   Thumb Code    18  app_fifo.o(i.fifo_put)
    i.fputc                                  0x0001ca8a   Section        0  retarget.o(i.fputc)
    i.fs_queued_op_count_get                 0x0001ca98   Section        0  fstorage.o(i.fs_queued_op_count_get)
    i.intern_softdevice_events_execute       0x0001cab0   Section        0  softdevice_handler.o(i.intern_softdevice_events_execute)
    i.irq_handler_twi                        0x0001cb30   Section        0  nrf_drv_twi.o(i.irq_handler_twi)
    irq_handler_twi                          0x0001cb31   Thumb Code   172  nrf_drv_twi.o(i.irq_handler_twi)
    i.is_conn_params_ok                      0x0001cbdc   Section        0  ble_conn_params.o(i.is_conn_params_ok)
    is_conn_params_ok                        0x0001cbdd   Thumb Code    24  ble_conn_params.o(i.is_conn_params_ok)
    i.is_manual_peripheral_setup_needed      0x0001cbf8   Section        0  system_nrf51.o(i.is_manual_peripheral_setup_needed)
    is_manual_peripheral_setup_needed        0x0001cbf9   Thumb Code    66  system_nrf51.o(i.is_manual_peripheral_setup_needed)
    i.list_deletions_handler                 0x0001cc40   Section        0  app_timer.o(i.list_deletions_handler)
    list_deletions_handler                   0x0001cc41   Thumb Code   162  app_timer.o(i.list_deletions_handler)
    i.list_insertions_handler                0x0001ccec   Section        0  app_timer.o(i.list_insertions_handler)
    list_insertions_handler                  0x0001cced   Thumb Code   178  app_timer.o(i.list_insertions_handler)
    i.main                                   0x0001cda8   Section        0  main.o(i.main)
    i.manuf_specific_data_encode             0x0001d034   Section        0  ble_advdata.o(i.manuf_specific_data_encode)
    manuf_specific_data_encode               0x0001d035   Thumb Code   104  ble_advdata.o(i.manuf_specific_data_encode)
    i.name_encode                            0x0001d09c   Section        0  ble_advdata.o(i.name_encode)
    name_encode                              0x0001d09d   Thumb Code   158  ble_advdata.o(i.name_encode)
    i.nrf_bitmask_bit_is_set                 0x0001d13a   Section        0  nrf_drv_gpiote.o(i.nrf_bitmask_bit_is_set)
    nrf_bitmask_bit_is_set                   0x0001d13b   Thumb Code    16  nrf_drv_gpiote.o(i.nrf_bitmask_bit_is_set)
    i.nrf_clock_event_check                  0x0001d14a   Section        0  nrf_drv_clock.o(i.nrf_clock_event_check)
    nrf_clock_event_check                    0x0001d14b   Thumb Code    16  nrf_drv_clock.o(i.nrf_clock_event_check)
    i.nrf_delay_ms                           0x0001d15c   Section        0  main.o(i.nrf_delay_ms)
    nrf_delay_ms                             0x0001d15d   Thumb Code    42  main.o(i.nrf_delay_ms)
    i.nrf_delay_us                           0x0001d190   Section        0  nrf_drv_twi.o(i.nrf_delay_us)
    nrf_delay_us                             0x0001d191   Thumb Code    38  nrf_drv_twi.o(i.nrf_delay_us)
    i.nrf_delay_us                           0x0001d1c0   Section        0  app_timer.o(i.nrf_delay_us)
    nrf_delay_us                             0x0001d1c1   Thumb Code    38  app_timer.o(i.nrf_delay_us)
    i.nrf_drv_clock_init                     0x0001d1f0   Section        0  nrf_drv_clock.o(i.nrf_drv_clock_init)
    i.nrf_drv_clock_on_sd_enable             0x0001d238   Section        0  nrf_drv_clock.o(i.nrf_drv_clock_on_sd_enable)
    i.nrf_drv_clock_on_soc_event             0x0001d26c   Section        0  nrf_drv_clock.o(i.nrf_drv_clock_on_soc_event)
    i.nrf_drv_common_irq_enable              0x0001d278   Section        0  nrf_drv_common.o(i.nrf_drv_common_irq_enable)
    i.nrf_drv_twi_enable                     0x0001d2d8   Section        0  nrf_drv_twi.o(i.nrf_drv_twi_enable)
    i.nrf_drv_twi_init                       0x0001d2f8   Section        0  nrf_drv_twi.o(i.nrf_drv_twi_init)
    i.nrf_drv_twi_tx                         0x0001d380   Section        0  nrf_drv_twi.o(i.nrf_drv_twi_tx)
    i.nrf_drv_twi_xfer                       0x0001d3a4   Section        0  nrf_drv_twi.o(i.nrf_drv_twi_xfer)
    i.nrf_drv_uart_init                      0x0001d3cc   Section        0  nrf_drv_uart.o(i.nrf_drv_uart_init)
    i.nrf_drv_uart_rx                        0x0001d44c   Section        0  nrf_drv_uart.o(i.nrf_drv_uart_rx)
    i.nrf_drv_uart_rx_enable                 0x0001d4a8   Section        0  nrf_drv_uart.o(i.nrf_drv_uart_rx_enable)
    i.nrf_drv_uart_rx_for_uart               0x0001d4d4   Section        0  nrf_drv_uart.o(i.nrf_drv_uart_rx_for_uart)
    nrf_drv_uart_rx_for_uart                 0x0001d4d5   Thumb Code   164  nrf_drv_uart.o(i.nrf_drv_uart_rx_for_uart)
    i.nrf_drv_uart_tx                        0x0001d57c   Section        0  nrf_drv_uart.o(i.nrf_drv_uart_tx)
    i.nrf_drv_uart_tx_for_uart               0x0001d5b0   Section        0  nrf_drv_uart.o(i.nrf_drv_uart_tx_for_uart)
    nrf_drv_uart_tx_for_uart                 0x0001d5b1   Thumb Code   134  nrf_drv_uart.o(i.nrf_drv_uart_tx_for_uart)
    i.nrf_drv_uart_tx_in_progress            0x0001d63c   Section        0  nrf_drv_uart.o(i.nrf_drv_uart_tx_in_progress)
    i.nrf_gpio_cfg                           0x0001d654   Section        0  nrf_drv_uart.o(i.nrf_gpio_cfg)
    nrf_gpio_cfg                             0x0001d655   Thumb Code    40  nrf_drv_uart.o(i.nrf_gpio_cfg)
    i.nrf_gpio_cfg_input                     0x0001d67c   Section        0  main.o(i.nrf_gpio_cfg_input)
    nrf_gpio_cfg_input                       0x0001d67d   Thumb Code    20  main.o(i.nrf_gpio_cfg_input)
    i.nrf_gpio_cfg_input                     0x0001d690   Section        0  nrf_drv_uart.o(i.nrf_gpio_cfg_input)
    nrf_gpio_cfg_input                       0x0001d691   Thumb Code    18  nrf_drv_uart.o(i.nrf_gpio_cfg_input)
    i.nrf_gpio_cfg_output                    0x0001d6a2   Section        0  nrf_drv_uart.o(i.nrf_gpio_cfg_output)
    nrf_gpio_cfg_output                      0x0001d6a3   Thumb Code    20  nrf_drv_uart.o(i.nrf_gpio_cfg_output)
    i.nrf_gpio_cfg_sense_set                 0x0001d6b6   Section        0  bsp.o(i.nrf_gpio_cfg_sense_set)
    nrf_gpio_cfg_sense_set                   0x0001d6b7   Thumb Code    34  bsp.o(i.nrf_gpio_cfg_sense_set)
    i.nrf_gpio_cfg_sense_set                 0x0001d6d8   Section        0  nrf_drv_gpiote.o(i.nrf_gpio_cfg_sense_set)
    nrf_gpio_cfg_sense_set                   0x0001d6d9   Thumb Code    34  nrf_drv_gpiote.o(i.nrf_gpio_cfg_sense_set)
    i.nrf_gpio_pin_set                       0x0001d6fc   Section        0  nrf_drv_twi.o(i.nrf_gpio_pin_set)
    nrf_gpio_pin_set                         0x0001d6fd   Thumb Code    10  nrf_drv_twi.o(i.nrf_gpio_pin_set)
    i.nrf_gpio_pin_write                     0x0001d70c   Section        0  boards.o(i.nrf_gpio_pin_write)
    nrf_gpio_pin_write                       0x0001d70d   Thumb Code    18  boards.o(i.nrf_gpio_pin_write)
    i.nrf_gpio_ports_read                    0x0001d724   Section        0  nrf_drv_gpiote.o(i.nrf_gpio_ports_read)
    nrf_gpio_ports_read                      0x0001d725   Thumb Code    36  nrf_drv_gpiote.o(i.nrf_gpio_ports_read)
    i.nrf_gpiote_event_clear                 0x0001d74c   Section        0  nrf_drv_gpiote.o(i.nrf_gpiote_event_clear)
    nrf_gpiote_event_clear                   0x0001d74d   Thumb Code    10  nrf_drv_gpiote.o(i.nrf_gpiote_event_clear)
    i.nrf_gpiote_event_is_set                0x0001d75c   Section        0  nrf_drv_gpiote.o(i.nrf_gpiote_event_is_set)
    nrf_gpiote_event_is_set                  0x0001d75d   Thumb Code    14  nrf_drv_gpiote.o(i.nrf_gpiote_event_is_set)
    i.nrf_twi_event_check                    0x0001d770   Section        0  nrf_drv_twi.o(i.nrf_twi_event_check)
    nrf_twi_event_check                      0x0001d771   Thumb Code    10  nrf_drv_twi.o(i.nrf_twi_event_check)
    i.nrf_uart_event_check                   0x0001d77a   Section        0  nrf_drv_uart.o(i.nrf_uart_event_check)
    nrf_uart_event_check                     0x0001d77b   Thumb Code    10  nrf_drv_uart.o(i.nrf_uart_event_check)
    i.nrf_uart_int_enable_check              0x0001d784   Section        0  nrf_drv_uart.o(i.nrf_uart_int_enable_check)
    nrf_uart_int_enable_check                0x0001d785   Thumb Code    16  nrf_drv_uart.o(i.nrf_uart_int_enable_check)
    i.nus_data_handler                       0x0001d794   Section        0  main.o(i.nus_data_handler)
    nus_data_handler                         0x0001d795   Thumb Code    48  main.o(i.nus_data_handler)
    i.on_adv_evt                             0x0001d7c4   Section        0  main.o(i.on_adv_evt)
    on_adv_evt                               0x0001d7c5   Thumb Code    32  main.o(i.on_adv_evt)
    i.on_ble_evt                             0x0001d7e4   Section        0  main.o(i.on_ble_evt)
    on_ble_evt                               0x0001d7e5   Thumb Code   204  main.o(i.on_ble_evt)
    i.on_conn_params_evt                     0x0001d8b4   Section        0  main.o(i.on_conn_params_evt)
    on_conn_params_evt                       0x0001d8b5   Thumb Code    26  main.o(i.on_conn_params_evt)
    i.rtc1_stop                              0x0001d8d4   Section        0  app_timer.o(i.rtc1_stop)
    rtc1_stop                                0x0001d8d5   Thumb Code    50  app_timer.o(i.rtc1_stop)
    i.rx_byte                                0x0001d918   Section        0  nrf_drv_uart.o(i.rx_byte)
    rx_byte                                  0x0001d919   Thumb Code    38  nrf_drv_uart.o(i.rx_byte)
    i.rx_char_add                            0x0001d93e   Section        0  ble_nus.o(i.rx_char_add)
    rx_char_add                              0x0001d93f   Thumb Code   158  ble_nus.o(i.rx_char_add)
    i.rx_done_event                          0x0001d9dc   Section        0  nrf_drv_uart.o(i.rx_done_event)
    rx_done_event                            0x0001d9dd   Thumb Code    20  nrf_drv_uart.o(i.rx_done_event)
    i.rx_enable                              0x0001d9f0   Section        0  nrf_drv_uart.o(i.rx_enable)
    rx_enable                                0x0001d9f1   Thumb Code    26  nrf_drv_uart.o(i.rx_enable)
    i.sd_nvic_EnableIRQ                      0x0001da0c   Section        0  softdevice_handler.o(i.sd_nvic_EnableIRQ)
    sd_nvic_EnableIRQ                        0x0001da0d   Thumb Code   112  softdevice_handler.o(i.sd_nvic_EnableIRQ)
    i.service_data_encode                    0x0001da90   Section        0  ble_advdata.o(i.service_data_encode)
    service_data_encode                      0x0001da91   Thumb Code   142  ble_advdata.o(i.service_data_encode)
    i.set_adv_mode_fast                      0x0001db20   Section        0  ble_advertising.o(i.set_adv_mode_fast)
    set_adv_mode_fast                        0x0001db21   Thumb Code    80  ble_advertising.o(i.set_adv_mode_fast)
    i.set_adv_mode_slow                      0x0001db78   Section        0  ble_advertising.o(i.set_adv_mode_slow)
    set_adv_mode_slow                        0x0001db79   Thumb Code    76  ble_advertising.o(i.set_adv_mode_slow)
    i.sleep_mode_enter                       0x0001dbcc   Section        0  main.o(i.sleep_mode_enter)
    sleep_mode_enter                         0x0001dbcd   Thumb Code    40  main.o(i.sleep_mode_enter)
    i.softdevice_ble_evt_handler_set         0x0001dbf4   Section        0  softdevice_handler.o(i.softdevice_ble_evt_handler_set)
    i.softdevice_enable                      0x0001dc08   Section        0  softdevice_handler.o(i.softdevice_enable)
    i.softdevice_enable_get_default_config   0x0001dc1c   Section        0  softdevice_handler.o(i.softdevice_enable_get_default_config)
    i.softdevice_fault_handler               0x0001dc44   Section        0  softdevice_handler.o(i.softdevice_fault_handler)
    i.softdevice_handler_init                0x0001dc4c   Section        0  softdevice_handler.o(i.softdevice_handler_init)
    i.softdevice_handler_is_enabled          0x0001dca4   Section        0  softdevice_handler.o(i.softdevice_handler_is_enabled)
    i.timer_list_handler                     0x0001dcb0   Section        0  app_timer.o(i.timer_list_handler)
    timer_list_handler                       0x0001dcb1   Thumb Code   128  app_timer.o(i.timer_list_handler)
    i.timer_list_handler_sched               0x0001dd34   Section        0  app_timer.o(i.timer_list_handler_sched)
    timer_list_handler_sched                 0x0001dd35   Thumb Code    10  app_timer.o(i.timer_list_handler_sched)
    i.timer_list_insert                      0x0001dd44   Section        0  app_timer.o(i.timer_list_insert)
    timer_list_insert                        0x0001dd45   Thumb Code    60  app_timer.o(i.timer_list_insert)
    i.timer_stop_op_schedule                 0x0001dd84   Section        0  app_timer.o(i.timer_stop_op_schedule)
    timer_stop_op_schedule                   0x0001dd85   Thumb Code    68  app_timer.o(i.timer_stop_op_schedule)
    i.timer_timeouts_check                   0x0001ddcc   Section        0  app_timer.o(i.timer_timeouts_check)
    timer_timeouts_check                     0x0001ddcd   Thumb Code   118  app_timer.o(i.timer_timeouts_check)
    i.twi_clear_bus                          0x0001de4c   Section        0  nrf_drv_twi.o(i.twi_clear_bus)
    twi_clear_bus                            0x0001de4d   Thumb Code   138  nrf_drv_twi.o(i.twi_clear_bus)
    i.twi_handler                            0x0001dee4   Section        0  eeprom.o(i.twi_handler)
    i.twi_init                               0x0001df04   Section        0  eeprom.o(i.twi_init)
    i.twi_process_error                      0x0001df40   Section        0  nrf_drv_twi.o(i.twi_process_error)
    twi_process_error                        0x0001df41   Thumb Code    28  nrf_drv_twi.o(i.twi_process_error)
    i.twi_rx_start_transfer                  0x0001df60   Section        0  nrf_drv_twi.o(i.twi_rx_start_transfer)
    twi_rx_start_transfer                    0x0001df61   Thumb Code   154  nrf_drv_twi.o(i.twi_rx_start_transfer)
    i.twi_send_byte                          0x0001e000   Section        0  nrf_drv_twi.o(i.twi_send_byte)
    twi_send_byte                            0x0001e001   Thumb Code    46  nrf_drv_twi.o(i.twi_send_byte)
    i.twi_transfer                           0x0001e02e   Section        0  nrf_drv_twi.o(i.twi_transfer)
    twi_transfer                             0x0001e02f   Thumb Code   264  nrf_drv_twi.o(i.twi_transfer)
    i.twi_tx_start_transfer                  0x0001e138   Section        0  nrf_drv_twi.o(i.twi_tx_start_transfer)
    twi_tx_start_transfer                    0x0001e139   Thumb Code   152  nrf_drv_twi.o(i.twi_tx_start_transfer)
    i.twi_xfer                               0x0001e1d4   Section        0  nrf_drv_twi.o(i.twi_xfer)
    twi_xfer                                 0x0001e1d5   Thumb Code   140  nrf_drv_twi.o(i.twi_xfer)
    i.tx_byte                                0x0001e260   Section        0  nrf_drv_uart.o(i.tx_byte)
    tx_byte                                  0x0001e261   Thumb Code    30  nrf_drv_uart.o(i.tx_byte)
    i.tx_char_add                            0x0001e27e   Section        0  ble_nus.o(i.tx_char_add)
    tx_char_add                              0x0001e27f   Thumb Code   128  ble_nus.o(i.tx_char_add)
    i.tx_done_event                          0x0001e2fe   Section        0  nrf_drv_uart.o(i.tx_done_event)
    tx_done_event                            0x0001e2ff   Thumb Code    24  nrf_drv_uart.o(i.tx_done_event)
    i.uart_event_handle                      0x0001e318   Section        0  main.o(i.uart_event_handle)
    i.uart_event_handler                     0x0001e378   Section        0  app_uart_fifo.o(i.uart_event_handler)
    uart_event_handler                       0x0001e379   Thumb Code   158  app_uart_fifo.o(i.uart_event_handler)
    i.uart_irq_handler                       0x0001e420   Section        0  nrf_drv_uart.o(i.uart_irq_handler)
    uart_irq_handler                         0x0001e421   Thumb Code   296  nrf_drv_uart.o(i.uart_irq_handler)
    i.uint16_encode                          0x0001e548   Section        0  ble_advdata.o(i.uint16_encode)
    uint16_encode                            0x0001e549   Thumb Code    10  ble_advdata.o(i.uint16_encode)
    i.update_timeout_handler                 0x0001e554   Section        0  ble_conn_params.o(i.update_timeout_handler)
    update_timeout_handler                   0x0001e555   Thumb Code    86  ble_conn_params.o(i.update_timeout_handler)
    i.user_op_alloc                          0x0001e5b8   Section        0  app_timer.o(i.user_op_alloc)
    user_op_alloc                            0x0001e5b9   Thumb Code    40  app_timer.o(i.user_op_alloc)
    i.uuid_list_encode                       0x0001e5e4   Section        0  ble_advdata.o(i.uuid_list_encode)
    uuid_list_encode                         0x0001e5e5   Thumb Code    48  ble_advdata.o(i.uuid_list_encode)
    i.uuid_list_sized_encode                 0x0001e614   Section        0  ble_advdata.o(i.uuid_list_sized_encode)
    uuid_list_sized_encode                   0x0001e615   Thumb Code   174  ble_advdata.o(i.uuid_list_sized_encode)
    i.whitelist_has_entries                  0x0001e6c4   Section        0  ble_advertising.o(i.whitelist_has_entries)
    whitelist_has_entries                    0x0001e6c5   Thumb Code    18  ble_advertising.o(i.whitelist_has_entries)
    i.write_EEPROM_data                      0x0001e6dc   Section        0  eeprom.o(i.write_EEPROM_data)
    .constdata                               0x0001e72c   Section       28  main.o(.constdata)
    .constdata                               0x0001e748   Section       24  eeprom.o(.constdata)
    m_twi                                    0x0001e748   Data           8  eeprom.o(.constdata)
    .constdata                               0x0001e760   Section        8  boards.o(.constdata)
    m_board_led_list                         0x0001e760   Data           4  boards.o(.constdata)
    m_board_btn_list                         0x0001e764   Data           4  boards.o(.constdata)
    .constdata                               0x0001e768   Section       44  bsp.o(.constdata)
    m_leds_timer_id                          0x0001e768   Data           4  bsp.o(.constdata)
    m_alert_timer_id                         0x0001e76c   Data           4  bsp.o(.constdata)
    m_button_timer_id                        0x0001e770   Data           4  bsp.o(.constdata)
    app_buttons                              0x0001e774   Data          32  bsp.o(.constdata)
    .constdata                               0x0001e794   Section        4  ble_conn_params.o(.constdata)
    m_conn_params_timer_id                   0x0001e794   Data           4  ble_conn_params.o(.constdata)
    .constdata                               0x0001e798   Section       16  ble_nus.o(.constdata)
    .constdata                               0x0001e7a8   Section        4  nrf_drv_gpiote.o(.constdata)
    .constdata                               0x0001e7ac   Section       32  app_uart_fifo.o(.constdata)
    .data                                    0x20001fe8   Section        8  main.o(.data)
    index                                    0x20001fe9   Data           1  main.o(.data)
    m_conn_handle                            0x20001fea   Data           2  main.o(.data)
    m_adv_uuids                              0x20001fec   Data           4  main.o(.data)
    .data                                    0x20001ff0   Section        2  eeprom.o(.data)
    twi_rx_done                              0x20001ff0   Data           1  eeprom.o(.data)
    twi_tx_done                              0x20001ff1   Data           1  eeprom.o(.data)
    .data                                    0x20001ff4   Section       20  bsp.o(.data)
    m_stable_state                           0x20001ff4   Data           1  bsp.o(.data)
    m_leds_clear                             0x20001ff5   Data           1  bsp.o(.data)
    current_long_push_pin_no                 0x20001ff6   Data           1  bsp.o(.data)
    m_app_ticks_per_100ms                    0x20001ff8   Data           4  bsp.o(.data)
    m_indication_type                        0x20001ffc   Data           4  bsp.o(.data)
    m_registered_callback                    0x20002000   Data           4  bsp.o(.data)
    release_event_at_push                    0x20002004   Data           4  bsp.o(.data)
    .data                                    0x20002008   Section        8  bsp_btn_ble.o(.data)
    m_error_handler                          0x20002008   Data           4  bsp_btn_ble.o(.data)
    m_num_connections                        0x2000200c   Data           4  bsp_btn_ble.o(.data)
    .data                                    0x20002010   Section       48  ble_advertising.o(.data)
    m_initialized                            0x20002010   Data           1  ble_advertising.o(.data)
    m_advertising_start_pending              0x20002011   Data           1  ble_advertising.o(.data)
    m_adv_evt                                0x20002012   Data           1  ble_advertising.o(.data)
    m_adv_mode_current                       0x20002013   Data           1  ble_advertising.o(.data)
    m_peer_addr_reply_expected               0x20002014   Data           1  ble_advertising.o(.data)
    m_whitelist_temporarily_disabled         0x20002015   Data           1  ble_advertising.o(.data)
    m_whitelist_reply_expected               0x20002016   Data           1  ble_advertising.o(.data)
    m_current_slave_link_conn_handle         0x20002018   Data           2  ble_advertising.o(.data)
    m_slave_conn_int                         0x2000201a   Data           4  ble_advertising.o(.data)
    m_evt_handler                            0x20002020   Data           4  ble_advertising.o(.data)
    m_error_handler                          0x20002024   Data           4  ble_advertising.o(.data)
    m_peer_address                           0x20002028   Data           7  ble_advertising.o(.data)
    m_whitelist                              0x20002030   Data          16  ble_advertising.o(.data)
    .data                                    0x20002040   Section       20  ble_conn_params.o(.data)
    m_change_param                           0x20002040   Data           1  ble_conn_params.o(.data)
    m_update_count                           0x20002041   Data           1  ble_conn_params.o(.data)
    m_conn_handle                            0x20002042   Data           2  ble_conn_params.o(.data)
    m_preferred_conn_params                  0x20002044   Data           8  ble_conn_params.o(.data)
    m_current_conn_params                    0x2000204c   Data           8  ble_conn_params.o(.data)
    .data                                    0x20002054   Section       32  app_timer.o(.data)
    m_ticks_elapsed_q_read_ind               0x20002054   Data           1  app_timer.o(.data)
    m_ticks_elapsed_q_write_ind              0x20002055   Data           1  app_timer.o(.data)
    m_rtc1_running                           0x20002056   Data           1  app_timer.o(.data)
    m_rtc1_reset                             0x20002057   Data           1  app_timer.o(.data)
    mp_timer_id_head                         0x20002058   Data           4  app_timer.o(.data)
    m_ticks_latest                           0x2000205c   Data           4  app_timer.o(.data)
    m_evt_schedule_func                      0x20002060   Data           4  app_timer.o(.data)
    m_op_queue                               0x20002064   Data           8  app_timer.o(.data)
    m_ticks_elapsed                          0x2000206c   Data           8  app_timer.o(.data)
    .data                                    0x20002074   Section       16  app_uart_fifo.o(.data)
    tx_buffer                                0x20002074   Data           1  app_uart_fifo.o(.data)
    rx_buffer                                0x20002075   Data           1  app_uart_fifo.o(.data)
    m_rx_ovf                                 0x20002076   Data           1  app_uart_fifo.o(.data)
    m_event_handler                          0x20002078   Data           4  app_uart_fifo.o(.data)
    app_uart_inst                            0x2000207c   Data           8  app_uart_fifo.o(.data)
    .data                                    0x20002084   Section       12  app_util_platform.o(.data)
    m_in_critical_region                     0x20002084   Data           4  app_util_platform.o(.data)
    .data                                    0x20002090   Section        4  retarget.o(.data)
    .data                                    0x20002094   Section       20  softdevice_handler.o(.data)
    m_softdevice_enabled                     0x20002094   Data           1  softdevice_handler.o(.data)
    m_suspended                              0x20002095   Data           1  softdevice_handler.o(.data)
    m_ble_evt_buffer_size                    0x20002096   Data           2  softdevice_handler.o(.data)
    m_evt_schedule_func                      0x20002098   Data           4  softdevice_handler.o(.data)
    mp_ble_evt_buffer                        0x2000209c   Data           4  softdevice_handler.o(.data)
    m_ble_evt_handler                        0x200020a0   Data           4  softdevice_handler.o(.data)
    m_sys_evt_handler                        0x200020a4   Data           4  softdevice_handler.o(.data)
    .data                                    0x200020a8   Section        4  system_nrf51.o(.data)
    __tagsym$$used                           0x200020a8   Number         0  system_nrf51.o(.data)
    .bss                                     0x200020ac   Section      752  main.o(.bss)
    BLE_EVT_BUFFER                           0x200020ac   Data          72  main.o(.bss)
    data_array                               0x200020f4   Data          20  main.o(.bss)
    rx_buf                                   0x20002108   Data         256  main.o(.bss)
    tx_buf                                   0x20002208   Data         256  main.o(.bss)
    APP_TIMER_BUF                            0x20002308   Data         120  main.o(.bss)
    m_nus                                    0x20002380   Data          28  main.o(.bss)
    .bss                                     0x2000239c   Section       32  bsp.o(.bss)
    m_leds_timer_id_data                     0x2000239c   Data          32  bsp.o(.bss)
    .bss                                     0x200023bc   Section       32  bsp.o(.bss)
    m_alert_timer_id_data                    0x200023bc   Data          32  bsp.o(.bss)
    .bss                                     0x200023dc   Section       12  bsp.o(.bss)
    m_events_list                            0x200023dc   Data          12  bsp.o(.bss)
    .bss                                     0x200023e8   Section       32  bsp.o(.bss)
    m_button_timer_id_data                   0x200023e8   Data          32  bsp.o(.bss)
    .bss                                     0x20002408   Section      363  ble_advertising.o(.bss)
    m_adv_modes_config                       0x20002408   Data          32  ble_advertising.o(.bss)
    m_advdata                                0x20002428   Data          60  ble_advertising.o(.bss)
    m_manuf_specific_data                    0x20002464   Data          12  ble_advertising.o(.bss)
    m_manuf_data_array                       0x20002470   Data          31  ble_advertising.o(.bss)
    m_service_data                           0x20002490   Data          12  ble_advertising.o(.bss)
    m_service_data_array                     0x2000249c   Data          31  ble_advertising.o(.bss)
    m_whitelist_addrs                        0x200024bb   Data          56  ble_advertising.o(.bss)
    m_whitelist_irks                         0x200024f3   Data         128  ble_advertising.o(.bss)
    .bss                                     0x20002574   Section       32  ble_advertising.o(.bss)
    m_p_whitelist_addrs                      0x20002574   Data          32  ble_advertising.o(.bss)
    .bss                                     0x20002594   Section       32  ble_advertising.o(.bss)
    m_p_whitelist_irks                       0x20002594   Data          32  ble_advertising.o(.bss)
    .bss                                     0x200025b4   Section       32  ble_conn_params.o(.bss)
    m_conn_params_timer_id_data              0x200025b4   Data          32  ble_conn_params.o(.bss)
    .bss                                     0x200025d4   Section       28  ble_conn_params.o(.bss)
    m_conn_params_config                     0x200025d4   Data          28  ble_conn_params.o(.bss)
    .bss                                     0x200025f0   Section       20  nrf_drv_clock.o(.bss)
    m_clock_cb                               0x200025f0   Data          20  nrf_drv_clock.o(.bss)
    .bss                                     0x20002604   Section       72  nrf_drv_gpiote.o(.bss)
    m_cb                                     0x20002604   Data          72  nrf_drv_gpiote.o(.bss)
    .bss                                     0x2000264c   Section       28  nrf_drv_uart.o(.bss)
    m_cb                                     0x2000264c   Data          28  nrf_drv_uart.o(.bss)
    .bss                                     0x20002668   Section       20  nrf_drv_adc.o(.bss)
    m_cb                                     0x20002668   Data          20  nrf_drv_adc.o(.bss)
    .bss                                     0x2000267c   Section       40  nrf_drv_twi.o(.bss)
    m_cb                                     0x2000267c   Data          40  nrf_drv_twi.o(.bss)
    .bss                                     0x200026a4   Section       32  app_uart_fifo.o(.bss)
    m_rx_fifo                                0x200026a4   Data          16  app_uart_fifo.o(.bss)
    m_tx_fifo                                0x200026b4   Data          16  app_uart_fifo.o(.bss)
    .bss                                     0x200026c4   Section      104  fstorage.o(.bss)
    m_queue                                  0x200026c4   Data         104  fstorage.o(.bss)
    STACK                                    0x20002730   Section     2048  arm_startup_nrf51.o(STACK)

    Global Symbols

    Symbol Name                              Value     Ov Type        Size  Object(Section)

    BuildAttributes$$THM_ISAv3M$S$PE$A:L22$X:L11$S22$IEEE1$IW$USESV6$~STKCKD$USESV7$~SHL$OSPACE$ROPI$EBA8$MICROLIB$REQ8$PRES8$EABIv2 0x00000000   Number         0  anon$$obj.o ABSOLUTE
    __ARM_use_no_argv                        0x00000000   Number         0  main.o ABSOLUTE
    _printf_a                                0x00000000   Number         0  stubs.o ABSOLUTE
    _printf_c                                0x00000000   Number         0  stubs.o ABSOLUTE
    _printf_charcount                        0x00000000   Number         0  stubs.o ABSOLUTE
    _printf_d                                0x00000000   Number         0  stubs.o ABSOLUTE
    _printf_e                                0x00000000   Number         0  stubs.o ABSOLUTE
    _printf_f                                0x00000000   Number         0  stubs.o ABSOLUTE
    _printf_flags                            0x00000000   Number         0  stubs.o ABSOLUTE
    _printf_fp_dec                           0x00000000   Number         0  stubs.o ABSOLUTE
    _printf_fp_hex                           0x00000000   Number         0  stubs.o ABSOLUTE
    _printf_g                                0x00000000   Number         0  stubs.o ABSOLUTE
    _printf_i                                0x00000000   Number         0  stubs.o ABSOLUTE
    _printf_int_dec                          0x00000000   Number         0  stubs.o ABSOLUTE
    _printf_l                                0x00000000   Number         0  stubs.o ABSOLUTE
    _printf_lc                               0x00000000   Number         0  stubs.o ABSOLUTE
    _printf_ll                               0x00000000   Number         0  stubs.o ABSOLUTE
    _printf_lld                              0x00000000   Number         0  stubs.o ABSOLUTE
    _printf_lli                              0x00000000   Number         0  stubs.o ABSOLUTE
    _printf_llo                              0x00000000   Number         0  stubs.o ABSOLUTE
    _printf_llu                              0x00000000   Number         0  stubs.o ABSOLUTE
    _printf_llx                              0x00000000   Number         0  stubs.o ABSOLUTE
    _printf_longlong_dec                     0x00000000   Number         0  stubs.o ABSOLUTE
    _printf_longlong_hex                     0x00000000   Number         0  stubs.o ABSOLUTE
    _printf_longlong_oct                     0x00000000   Number         0  stubs.o ABSOLUTE
    _printf_ls                               0x00000000   Number         0  stubs.o ABSOLUTE
    _printf_mbtowc                           0x00000000   Number         0  stubs.o ABSOLUTE
    _printf_n                                0x00000000   Number         0  stubs.o ABSOLUTE
    _printf_o                                0x00000000   Number         0  stubs.o ABSOLUTE
    _printf_p                                0x00000000   Number         0  stubs.o ABSOLUTE
    _printf_percent                          0x00000000   Number         0  stubs.o ABSOLUTE
    _printf_pre_padding                      0x00000000   Number         0  stubs.o ABSOLUTE
    _printf_return_value                     0x00000000   Number         0  stubs.o ABSOLUTE
    _printf_s                                0x00000000   Number         0  stubs.o ABSOLUTE
    _printf_sizespec                         0x00000000   Number         0  stubs.o ABSOLUTE
    _printf_str                              0x00000000   Number         0  stubs.o ABSOLUTE
    _printf_truncate_signed                  0x00000000   Number         0  stubs.o ABSOLUTE
    _printf_truncate_unsigned                0x00000000   Number         0  stubs.o ABSOLUTE
    _printf_u                                0x00000000   Number         0  stubs.o ABSOLUTE
    _printf_wc                               0x00000000   Number         0  stubs.o ABSOLUTE
    _printf_wctomb                           0x00000000   Number         0  stubs.o ABSOLUTE
    _printf_widthprec                        0x00000000   Number         0  stubs.o ABSOLUTE
    _printf_x                                0x00000000   Number         0  stubs.o ABSOLUTE
    __cpp_initialize__aeabi_                  - Undefined Weak Reference
    __cxa_finalize                            - Undefined Weak Reference
    __decompress                              - Undefined Weak Reference
    _clock_init                               - Undefined Weak Reference
    _microlib_exit                            - Undefined Weak Reference
    fs_data$$Base                             - Undefined Reference
    fs_data$$Limit                            - Undefined Reference
    __Vectors_Size                           0x000000c0   Number         0  arm_startup_nrf51.o ABSOLUTE
    __Vectors                                0x0001b000   Data           4  arm_startup_nrf51.o(RESET)
    __Vectors_End                            0x0001b0c0   Data           0  arm_startup_nrf51.o(RESET)
    __main                                   0x0001b0c1   Thumb Code     0  entry.o(.ARM.Collect$$$$00000000)
    _main_stk                                0x0001b0c1   Thumb Code     0  entry2.o(.ARM.Collect$$$$00000001)
    _main_scatterload                        0x0001b0c5   Thumb Code     0  entry5.o(.ARM.Collect$$$$00000004)
    __main_after_scatterload                 0x0001b0c9   Thumb Code     0  entry5.o(.ARM.Collect$$$$00000004)
    _main_clock                              0x0001b0c9   Thumb Code     0  entry7b.o(.ARM.Collect$$$$00000008)
    _main_cpp_init                           0x0001b0c9   Thumb Code     0  entry8b.o(.ARM.Collect$$$$0000000A)
    _main_init                               0x0001b0c9   Thumb Code     0  entry9a.o(.ARM.Collect$$$$0000000B)
    __rt_final_cpp                           0x0001b0d1   Thumb Code     0  entry10a.o(.ARM.Collect$$$$0000000D)
    __rt_final_exit                          0x0001b0d1   Thumb Code     0  entry11a.o(.ARM.Collect$$$$0000000F)
    Reset_Handler                            0x0001b0d5   Thumb Code    26  arm_startup_nrf51.o(.text)
    NMI_Handler                              0x0001b0ef   Thumb Code     2  arm_startup_nrf51.o(.text)
    HardFault_Handler                        0x0001b0f1   Thumb Code     2  arm_startup_nrf51.o(.text)
    SVC_Handler                              0x0001b0f3   Thumb Code     2  arm_startup_nrf51.o(.text)
    PendSV_Handler                           0x0001b0f5   Thumb Code     2  arm_startup_nrf51.o(.text)
    SysTick_Handler                          0x0001b0f7   Thumb Code     2  arm_startup_nrf51.o(.text)
    CCM_AAR_IRQHandler                       0x0001b0f9   Thumb Code     0  arm_startup_nrf51.o(.text)
    ECB_IRQHandler                           0x0001b0f9   Thumb Code     0  arm_startup_nrf51.o(.text)
    LPCOMP_IRQHandler                        0x0001b0f9   Thumb Code     0  arm_startup_nrf51.o(.text)
    QDEC_IRQHandler                          0x0001b0f9   Thumb Code     0  arm_startup_nrf51.o(.text)
    RADIO_IRQHandler                         0x0001b0f9   Thumb Code     0  arm_startup_nrf51.o(.text)
    RNG_IRQHandler                           0x0001b0f9   Thumb Code     0  arm_startup_nrf51.o(.text)
    RTC0_IRQHandler                          0x0001b0f9   Thumb Code     0  arm_startup_nrf51.o(.text)
    SPI1_TWI1_IRQHandler                     0x0001b0f9   Thumb Code     0  arm_startup_nrf51.o(.text)
    SWI1_IRQHandler                          0x0001b0f9   Thumb Code     0  arm_startup_nrf51.o(.text)
    SWI3_IRQHandler                          0x0001b0f9   Thumb Code     0  arm_startup_nrf51.o(.text)
    SWI4_IRQHandler                          0x0001b0f9   Thumb Code     0  arm_startup_nrf51.o(.text)
    SWI5_IRQHandler                          0x0001b0f9   Thumb Code     0  arm_startup_nrf51.o(.text)
    TEMP_IRQHandler                          0x0001b0f9   Thumb Code     0  arm_startup_nrf51.o(.text)
    TIMER0_IRQHandler                        0x0001b0f9   Thumb Code     0  arm_startup_nrf51.o(.text)
    TIMER1_IRQHandler                        0x0001b0f9   Thumb Code     0  arm_startup_nrf51.o(.text)
    TIMER2_IRQHandler                        0x0001b0f9   Thumb Code     0  arm_startup_nrf51.o(.text)
    WDT_IRQHandler                           0x0001b0f9   Thumb Code     0  arm_startup_nrf51.o(.text)
    __aeabi_uidiv                            0x0001b10d   Thumb Code     0  uidiv.o(.text)
    __aeabi_uidivmod                         0x0001b10d   Thumb Code    44  uidiv.o(.text)
    __aeabi_memcpy                           0x0001b139   Thumb Code    36  memcpya.o(.text)
    __aeabi_memcpy4                          0x0001b139   Thumb Code     0  memcpya.o(.text)
    __aeabi_memcpy8                          0x0001b139   Thumb Code     0  memcpya.o(.text)
    __aeabi_memset                           0x0001b15d   Thumb Code    14  memseta.o(.text)
    __aeabi_memset4                          0x0001b15d   Thumb Code     0  memseta.o(.text)
    __aeabi_memset8                          0x0001b15d   Thumb Code     0  memseta.o(.text)
    __aeabi_memclr                           0x0001b16b   Thumb Code     4  memseta.o(.text)
    __aeabi_memclr4                          0x0001b16b   Thumb Code     0  memseta.o(.text)
    __aeabi_memclr8                          0x0001b16b   Thumb Code     0  memseta.o(.text)
    _memset$wrapper                          0x0001b16f   Thumb Code    18  memseta.o(.text)
    strlen                                   0x0001b181   Thumb Code    14  strlen.o(.text)
    __scatterload                            0x0001b191   Thumb Code    28  init.o(.text)
    __scatterload_rt2                        0x0001b191   Thumb Code     0  init.o(.text)
    ADC_IRQHandler                           0x0001b1b5   Thumb Code    78  nrf_drv_adc.o(i.ADC_IRQHandler)
    GPIOTE_IRQHandler                        0x0001b215   Thumb Code   364  nrf_drv_gpiote.o(i.GPIOTE_IRQHandler)
    POWER_CLOCK_IRQHandler                   0x0001b3d1   Thumb Code    70  nrf_drv_clock.o(i.POWER_CLOCK_IRQHandler)
    RTC1_IRQHandler                          0x0001b425   Thumb Code    28  app_timer.o(i.RTC1_IRQHandler)
    SPI0_TWI0_IRQHandler                     0x0001b445   Thumb Code    12  nrf_drv_twi.o(i.SPI0_TWI0_IRQHandler)
    SWI0_IRQHandler                          0x0001b459   Thumb Code     8  app_timer.o(i.SWI0_IRQHandler)
    SWI2_IRQHandler                          0x0001b461   Thumb Code    28  softdevice_handler.o(i.SWI2_IRQHandler)
    SystemInit                               0x0001b481   Thumb Code   130  system_nrf51.o(i.SystemInit)
    UART0_IRQHandler                         0x0001b521   Thumb Code    12  nrf_drv_uart.o(i.UART0_IRQHandler)
    __0printf$1                              0x0001b535   Thumb Code    24  printf1.o(i.__0printf$1)
    __1printf$1                              0x0001b535   Thumb Code     0  printf1.o(i.__0printf$1)
    __2printf                                0x0001b535   Thumb Code     0  printf1.o(i.__0printf$1)
    __0sprintf$1                             0x0001b555   Thumb Code    36  printf1.o(i.__0sprintf$1)
    __1sprintf$1                             0x0001b555   Thumb Code     0  printf1.o(i.__0sprintf$1)
    __2sprintf                               0x0001b555   Thumb Code     0  printf1.o(i.__0sprintf$1)
    __ARM_common_switch8                     0x0001b57d   Thumb Code    26  bsp.o(i.__ARM_common_switch8)
    __scatterload_copy                       0x0001b597   Thumb Code    14  handlers.o(i.__scatterload_copy)
    __scatterload_null                       0x0001b5a5   Thumb Code     2  handlers.o(i.__scatterload_null)
    __scatterload_zeroinit                   0x0001b5a7   Thumb Code    14  handlers.o(i.__scatterload_zeroinit)
    adc_start                                0x0001b7a9   Thumb Code   186  main.o(i.adc_start)
    adv_data_encode                          0x0001b891   Thumb Code   398  ble_advdata.o(i.adv_data_encode)
    app_error_fault_handler                  0x0001bac5   Thumb Code    18  app_error_weak.o(i.app_error_fault_handler)
    app_error_handler_bare                   0x0001bae1   Thumb Code    20  app_error.o(i.app_error_handler_bare)
    app_fifo_get                             0x0001baf9   Thumb Code    22  app_fifo.o(i.app_fifo_get)
    app_fifo_init                            0x0001bb0f   Thumb Code    36  app_fifo.o(i.app_fifo_init)
    app_fifo_put                             0x0001bb33   Thumb Code    26  app_fifo.o(i.app_fifo_put)
    app_timer_create                         0x0001bb4d   Thumb Code    44  app_timer.o(i.app_timer_create)
    app_timer_init                           0x0001bb7d   Thumb Code    98  app_timer.o(i.app_timer_init)
    app_timer_start                          0x0001bbf1   Thumb Code   128  app_timer.o(i.app_timer_start)
    app_timer_stop                           0x0001bc79   Thumb Code    36  app_timer.o(i.app_timer_stop)
    app_uart_get                             0x0001bca1   Thumb Code    46  app_uart_fifo.o(i.app_uart_get)
    app_uart_init                            0x0001bcd9   Thumb Code   160  app_uart_fifo.o(i.app_uart_init)
    app_uart_put                             0x0001bd89   Thumb Code    56  app_uart_fifo.o(i.app_uart_put)
    app_util_critical_region_enter           0x0001bdc9   Thumb Code    48  app_util_platform.o(i.app_util_critical_region_enter)
    app_util_critical_region_exit            0x0001be05   Thumb Code    36  app_util_platform.o(i.app_util_critical_region_exit)
    ble_advdata_set                          0x0001beb5   Thumb Code   104  ble_advdata.o(i.ble_advdata_set)
    ble_advertising_init                     0x0001bf1d   Thumb Code   340  ble_advertising.o(i.ble_advertising_init)
    ble_advertising_on_ble_evt               0x0001c079   Thumb Code    82  ble_advertising.o(i.ble_advertising_on_ble_evt)
    ble_advertising_start                    0x0001c0d1   Thumb Code   256  ble_advertising.o(i.ble_advertising_start)
    ble_conn_params_init                     0x0001c1d9   Thumb Code    68  ble_conn_params.o(i.ble_conn_params_init)
    ble_conn_params_on_ble_evt               0x0001c22d   Thumb Code   130  ble_conn_params.o(i.ble_conn_params_on_ble_evt)
    ble_nus_init                             0x0001c345   Thumb Code    98  ble_nus.o(i.ble_nus_init)
    ble_nus_on_ble_evt                       0x0001c3ad   Thumb Code    92  ble_nus.o(i.ble_nus_on_ble_evt)
    ble_nus_string_send                      0x0001c409   Thumb Code    78  ble_nus.o(i.ble_nus_string_send)
    ble_srv_is_notification_enabled          0x0001c45d   Thumb Code    14  ble_srv_common.o(i.ble_srv_is_notification_enabled)
    bsp_board_button_idx_to_pin              0x0001c46d   Thumb Code     6  boards.o(i.bsp_board_button_idx_to_pin)
    bsp_board_led_invert                     0x0001c479   Thumb Code    24  boards.o(i.bsp_board_led_invert)
    bsp_board_led_off                        0x0001c499   Thumb Code    14  boards.o(i.bsp_board_led_off)
    bsp_board_led_on                         0x0001c4ad   Thumb Code    14  boards.o(i.bsp_board_led_on)
    bsp_board_led_state_get                  0x0001c4c1   Thumb Code    24  boards.o(i.bsp_board_led_state_get)
    bsp_board_leds_off                       0x0001c4e1   Thumb Code    18  boards.o(i.bsp_board_leds_off)
    bsp_board_leds_on                        0x0001c4f3   Thumb Code    18  boards.o(i.bsp_board_leds_on)
    bsp_board_pin_to_button_idx              0x0001c505   Thumb Code    30  boards.o(i.bsp_board_pin_to_button_idx)
    bsp_btn_ble_on_ble_evt                   0x0001c529   Thumb Code   114  bsp_btn_ble.o(i.bsp_btn_ble_on_ble_evt)
    bsp_btn_ble_sleep_mode_prepare           0x0001c5a1   Thumb Code    34  bsp_btn_ble.o(i.bsp_btn_ble_sleep_mode_prepare)
    bsp_event_to_button_action_assign        0x0001c659   Thumb Code    66  bsp.o(i.bsp_event_to_button_action_assign)
    bsp_indication_set                       0x0001c6a1   Thumb Code    22  bsp.o(i.bsp_indication_set)
    bsp_wakeup_button_enable                 0x0001c83d   Thumb Code    16  bsp.o(i.bsp_wakeup_button_enable)
    fputc                                    0x0001ca8b   Thumb Code    14  retarget.o(i.fputc)
    fs_queued_op_count_get                   0x0001ca99   Thumb Code    18  fstorage.o(i.fs_queued_op_count_get)
    intern_softdevice_events_execute         0x0001cab1   Thumb Code   122  softdevice_handler.o(i.intern_softdevice_events_execute)
    main                                     0x0001cda9   Thumb Code   558  main.o(i.main)
    nrf_drv_clock_init                       0x0001d1f1   Thumb Code    60  nrf_drv_clock.o(i.nrf_drv_clock_init)
    nrf_drv_clock_on_sd_enable               0x0001d239   Thumb Code    46  nrf_drv_clock.o(i.nrf_drv_clock_on_sd_enable)
    nrf_drv_clock_on_soc_event               0x0001d26d   Thumb Code    12  nrf_drv_clock.o(i.nrf_drv_clock_on_soc_event)
    nrf_drv_common_irq_enable                0x0001d279   Thumb Code    78  nrf_drv_common.o(i.nrf_drv_common_irq_enable)
    nrf_drv_twi_enable                       0x0001d2d9   Thumb Code    28  nrf_drv_twi.o(i.nrf_drv_twi_enable)
    nrf_drv_twi_init                         0x0001d2f9   Thumb Code   124  nrf_drv_twi.o(i.nrf_drv_twi_init)
    nrf_drv_twi_tx                           0x0001d381   Thumb Code    36  nrf_drv_twi.o(i.nrf_drv_twi_tx)
    nrf_drv_twi_xfer                         0x0001d3a5   Thumb Code    36  nrf_drv_twi.o(i.nrf_drv_twi_xfer)
    nrf_drv_uart_init                        0x0001d3cd   Thumb Code   118  nrf_drv_uart.o(i.nrf_drv_uart_init)
    nrf_drv_uart_rx                          0x0001d44d   Thumb Code    86  nrf_drv_uart.o(i.nrf_drv_uart_rx)
    nrf_drv_uart_rx_enable                   0x0001d4a9   Thumb Code    40  nrf_drv_uart.o(i.nrf_drv_uart_rx_enable)
    nrf_drv_uart_tx                          0x0001d57d   Thumb Code    46  nrf_drv_uart.o(i.nrf_drv_uart_tx)
    nrf_drv_uart_tx_in_progress              0x0001d63d   Thumb Code    20  nrf_drv_uart.o(i.nrf_drv_uart_tx_in_progress)
    softdevice_ble_evt_handler_set           0x0001dbf5   Thumb Code    16  softdevice_handler.o(i.softdevice_ble_evt_handler_set)
    softdevice_enable                        0x0001dc09   Thumb Code    14  softdevice_handler.o(i.softdevice_enable)
    softdevice_enable_get_default_config     0x0001dc1d   Thumb Code    40  softdevice_handler.o(i.softdevice_enable_get_default_config)
    softdevice_fault_handler                 0x0001dc45   Thumb Code     8  softdevice_handler.o(i.softdevice_fault_handler)
    softdevice_handler_init                  0x0001dc4d   Thumb Code    74  softdevice_handler.o(i.softdevice_handler_init)
    softdevice_handler_is_enabled            0x0001dca5   Thumb Code     6  softdevice_handler.o(i.softdevice_handler_is_enabled)
    twi_handler                              0x0001dee5   Thumb Code    28  eeprom.o(i.twi_handler)
    twi_init                                 0x0001df05   Thumb Code    48  eeprom.o(i.twi_init)
    uart_event_handle                        0x0001e319   Thumb Code    84  main.o(i.uart_event_handle)
    write_EEPROM_data                        0x0001e6dd   Thumb Code    68  eeprom.o(i.write_EEPROM_data)
    Region$$Table$$Base                      0x0001e7cc   Number         0  anon$$obj.o(Region$$Table)
    Region$$Table$$Limit                     0x0001e7ec   Number         0  anon$$obj.o(Region$$Table)
    Image$$RW_IRAM1$$Base                    0x20001fe8   Number         0  anon$$obj.o ABSOLUTE
    adc_start_flag                           0x20001fe8   Data           1  main.o(.data)
    nrf_nvic_state                           0x20002088   Data           8  app_util_platform.o(.data)
    __stdout                                 0x20002090   Data           4  retarget.o(.data)
    SystemCoreClock                          0x200020a8   Data           4  system_nrf51.o(.data)
    __initial_sp                             0x20002f30   Data           0  arm_startup_nrf51.o(STACK)



==============================================================================

Memory Map of the image

  Image Entry point : 0x0001b0c1

  Load Region LR_IROM1 (Base: 0x0001b000, Size: 0x000038b0, Max: 0x00025000, ABSOLUTE)

    Execution Region ER_IROM1 (Exec base: 0x0001b000, Load base: 0x0001b000, Size: 0x000037ec, Max: 0x00025000, ABSOLUTE)

    Exec Addr    Load Addr    Size         Type   Attr      Idx    E Section Name        Object

    0x0001b000   0x0001b000   0x000000c0   Data   RO         2897    RESET               arm_startup_nrf51.o
    0x0001b0c0   0x0001b0c0   0x00000000   Code   RO         2939  * .ARM.Collect$$$$00000000  mc_p.l(entry.o)
    0x0001b0c0   0x0001b0c0   0x00000004   Code   RO         3215    .ARM.Collect$$$$00000001  mc_p.l(entry2.o)
    0x0001b0c4   0x0001b0c4   0x00000004   Code   RO         3218    .ARM.Collect$$$$00000004  mc_p.l(entry5.o)
    0x0001b0c8   0x0001b0c8   0x00000000   Code   RO         3220    .ARM.Collect$$$$00000008  mc_p.l(entry7b.o)
    0x0001b0c8   0x0001b0c8   0x00000000   Code   RO         3222    .ARM.Collect$$$$0000000A  mc_p.l(entry8b.o)
    0x0001b0c8   0x0001b0c8   0x00000008   Code   RO         3223    .ARM.Collect$$$$0000000B  mc_p.l(entry9a.o)
    0x0001b0d0   0x0001b0d0   0x00000000   Code   RO         3225    .ARM.Collect$$$$0000000D  mc_p.l(entry10a.o)
    0x0001b0d0   0x0001b0d0   0x00000000   Code   RO         3227    .ARM.Collect$$$$0000000F  mc_p.l(entry11a.o)
    0x0001b0d0   0x0001b0d0   0x00000004   Code   RO         3216    .ARM.Collect$$$$00002712  mc_p.l(entry2.o)
    0x0001b0d4   0x0001b0d4   0x00000038   Code   RO         2898    .text               arm_startup_nrf51.o
    0x0001b10c   0x0001b10c   0x0000002c   Code   RO         2942    .text               mc_p.l(uidiv.o)
    0x0001b138   0x0001b138   0x00000024   Code   RO         2944    .text               mc_p.l(memcpya.o)
    0x0001b15c   0x0001b15c   0x00000024   Code   RO         2946    .text               mc_p.l(memseta.o)
    0x0001b180   0x0001b180   0x0000000e   Code   RO         2948    .text               mc_p.l(strlen.o)
    0x0001b18e   0x0001b18e   0x00000002   PAD
    0x0001b190   0x0001b190   0x00000024   Code   RO         3242    .text               mc_p.l(init.o)
    0x0001b1b4   0x0001b1b4   0x00000060   Code   RO         1719    i.ADC_IRQHandler    nrf_drv_adc.o
    0x0001b214   0x0001b214   0x00000178   Code   RO         1327    i.GPIOTE_IRQHandler  nrf_drv_gpiote.o
    0x0001b38c   0x0001b38c   0x00000044   Code   RO         2148    i.NVIC_SetPriority  app_timer.o
    0x0001b3d0   0x0001b3d0   0x00000054   Code   RO         1112    i.POWER_CLOCK_IRQHandler  nrf_drv_clock.o
    0x0001b424   0x0001b424   0x00000020   Code   RO         2149    i.RTC1_IRQHandler   app_timer.o
    0x0001b444   0x0001b444   0x00000014   Code   RO         1809    i.SPI0_TWI0_IRQHandler  nrf_drv_twi.o
    0x0001b458   0x0001b458   0x00000008   Code   RO         2150    i.SWI0_IRQHandler   app_timer.o
    0x0001b460   0x0001b460   0x00000020   Code   RO         2764    i.SWI2_IRQHandler   softdevice_handler.o
    0x0001b480   0x0001b480   0x000000a0   Code   RO         2905    i.SystemInit        system_nrf51.o
    0x0001b520   0x0001b520   0x00000014   Code   RO         1542    i.UART0_IRQHandler  nrf_drv_uart.o
    0x0001b534   0x0001b534   0x00000020   Code   RO         2999    i.__0printf$1       mc_p.l(printf1.o)
    0x0001b554   0x0001b554   0x00000028   Code   RO         3001    i.__0sprintf$1      mc_p.l(printf1.o)
    0x0001b57c   0x0001b57c   0x0000001a   Code   RO          645    i.__ARM_common_switch8  bsp.o
    0x0001b596   0x0001b596   0x0000000e   Code   RO         3256    i.__scatterload_copy  mc_p.l(handlers.o)
    0x0001b5a4   0x0001b5a4   0x00000002   Code   RO         3257    i.__scatterload_null  mc_p.l(handlers.o)
    0x0001b5a6   0x0001b5a6   0x0000000e   Code   RO         3258    i.__scatterload_zeroinit  mc_p.l(handlers.o)
    0x0001b5b4   0x0001b5b4   0x0000001c   Code   RO            3    i.__sd_nvic_app_accessible_irq  main.o
    0x0001b5d0   0x0001b5d0   0x0000001c   Code   RO         2765    i.__sd_nvic_app_accessible_irq  softdevice_handler.o
    0x0001b5ec   0x0001b5ec   0x00000150   Code   RO         3006    i._printf_core      mc_p.l(printf1.o)
    0x0001b73c   0x0001b73c   0x0000000a   Code   RO         3008    i._sputc            mc_p.l(printf1.o)
    0x0001b746   0x0001b746   0x00000002   PAD
    0x0001b748   0x0001b748   0x00000060   Code   RO         1720    i.adc_sample_process  nrf_drv_adc.o
    0x0001b7a8   0x0001b7a8   0x000000e8   Code   RO            4    i.adc_start         main.o
    0x0001b890   0x0001b890   0x0000018e   Code   RO          771    i.adv_data_encode   ble_advdata.o
    0x0001ba1e   0x0001ba1e   0x00000002   PAD
    0x0001ba20   0x0001ba20   0x00000068   Code   RO          850    i.adv_mode_next_avail_get  ble_advertising.o
    0x0001ba88   0x0001ba88   0x0000003c   Code   RO          667    i.advertising_buttons_configure  bsp_btn_ble.o
    0x0001bac4   0x0001bac4   0x0000001c   Code   RO         2056    i.app_error_fault_handler  app_error_weak.o
    0x0001bae0   0x0001bae0   0x00000018   Code   RO         2021    i.app_error_handler_bare  app_error.o
    0x0001baf8   0x0001baf8   0x00000016   Code   RO         2080    i.app_fifo_get      app_fifo.o
    0x0001bb0e   0x0001bb0e   0x00000024   Code   RO         2081    i.app_fifo_init     app_fifo.o
    0x0001bb32   0x0001bb32   0x0000001a   Code   RO         2083    i.app_fifo_put      app_fifo.o
    0x0001bb4c   0x0001bb4c   0x00000030   Code   RO         2153    i.app_timer_create  app_timer.o
    0x0001bb7c   0x0001bb7c   0x00000074   Code   RO         2154    i.app_timer_init    app_timer.o
    0x0001bbf0   0x0001bbf0   0x00000088   Code   RO         2155    i.app_timer_start   app_timer.o
    0x0001bc78   0x0001bc78   0x00000028   Code   RO         2156    i.app_timer_stop    app_timer.o
    0x0001bca0   0x0001bca0   0x00000038   Code   RO         2292    i.app_uart_get      app_uart_fifo.o
    0x0001bcd8   0x0001bcd8   0x000000b0   Code   RO         2293    i.app_uart_init     app_uart_fifo.o
    0x0001bd88   0x0001bd88   0x00000040   Code   RO         2294    i.app_uart_put      app_uart_fifo.o
    0x0001bdc8   0x0001bdc8   0x0000003c   Code   RO         2352    i.app_util_critical_region_enter  app_util_platform.o
    0x0001be04   0x0001be04   0x0000002c   Code   RO         2353    i.app_util_critical_region_exit  app_util_platform.o
    0x0001be30   0x0001be30   0x00000084   Code   RO         1543    i.apply_config      nrf_drv_uart.o
    0x0001beb4   0x0001beb4   0x00000068   Code   RO          772    i.ble_advdata_set   ble_advdata.o
    0x0001bf1c   0x0001bf1c   0x0000015c   Code   RO          851    i.ble_advertising_init  ble_advertising.o
    0x0001c078   0x0001c078   0x00000058   Code   RO          852    i.ble_advertising_on_ble_evt  ble_advertising.o
    0x0001c0d0   0x0001c0d0   0x00000108   Code   RO          856    i.ble_advertising_start  ble_advertising.o
    0x0001c1d8   0x0001c1d8   0x00000054   Code   RO          944    i.ble_conn_params_init  ble_conn_params.o
    0x0001c22c   0x0001c22c   0x00000090   Code   RO          945    i.ble_conn_params_on_ble_evt  ble_conn_params.o
    0x0001c2bc   0x0001c2bc   0x0000005e   Code   RO          773    i.ble_device_addr_encode  ble_advdata.o
    0x0001c31a   0x0001c31a   0x00000002   PAD
    0x0001c31c   0x0001c31c   0x00000028   Code   RO            6    i.ble_evt_dispatch  main.o
    0x0001c344   0x0001c344   0x00000068   Code   RO         1066    i.ble_nus_init      ble_nus.o
    0x0001c3ac   0x0001c3ac   0x0000005c   Code   RO         1067    i.ble_nus_on_ble_evt  ble_nus.o
    0x0001c408   0x0001c408   0x00000054   Code   RO         1068    i.ble_nus_string_send  ble_nus.o
    0x0001c45c   0x0001c45c   0x0000000e   Code   RO         1013    i.ble_srv_is_notification_enabled  ble_srv_common.o
    0x0001c46a   0x0001c46a   0x00000002   PAD
    0x0001c46c   0x0001c46c   0x0000000c   Code   RO          446    i.bsp_board_button_idx_to_pin  boards.o
    0x0001c478   0x0001c478   0x00000020   Code   RO          450    i.bsp_board_led_invert  boards.o
    0x0001c498   0x0001c498   0x00000014   Code   RO          451    i.bsp_board_led_off  boards.o
    0x0001c4ac   0x0001c4ac   0x00000014   Code   RO          452    i.bsp_board_led_on  boards.o
    0x0001c4c0   0x0001c4c0   0x00000020   Code   RO          453    i.bsp_board_led_state_get  boards.o
    0x0001c4e0   0x0001c4e0   0x00000012   Code   RO          455    i.bsp_board_leds_off  boards.o
    0x0001c4f2   0x0001c4f2   0x00000012   Code   RO          456    i.bsp_board_leds_on  boards.o
    0x0001c504   0x0001c504   0x00000024   Code   RO          457    i.bsp_board_pin_to_button_idx  boards.o
    0x0001c528   0x0001c528   0x00000078   Code   RO          669    i.bsp_btn_ble_on_ble_evt  bsp_btn_ble.o
    0x0001c5a0   0x0001c5a0   0x00000022   Code   RO          670    i.bsp_btn_ble_sleep_mode_prepare  bsp_btn_ble.o
    0x0001c5c2   0x0001c5c2   0x00000002   PAD
    0x0001c5c4   0x0001c5c4   0x00000094   Code   RO          552    i.bsp_button_event_handler  bsp.o
    0x0001c658   0x0001c658   0x00000048   Code   RO          556    i.bsp_event_to_button_action_assign  bsp.o
    0x0001c6a0   0x0001c6a0   0x0000001c   Code   RO          557    i.bsp_indication_set  bsp.o
    0x0001c6bc   0x0001c6bc   0x00000180   Code   RO          559    i.bsp_led_indication  bsp.o
    0x0001c83c   0x0001c83c   0x00000010   Code   RO          561    i.bsp_wakeup_button_enable  bsp.o
    0x0001c84c   0x0001c84c   0x00000010   Code   RO         1330    i.channel_port_get  nrf_drv_gpiote.o
    0x0001c85c   0x0001c85c   0x00000028   Code   RO         1113    i.clock_clk_started_notify  nrf_drv_clock.o
    0x0001c884   0x0001c884   0x000000a8   Code   RO         2158    i.compare_reg_update  app_timer.o
    0x0001c92c   0x0001c92c   0x00000088   Code   RO          774    i.conn_int_encode   ble_advdata.o
    0x0001c9b4   0x0001c9b4   0x00000008   Code   RO            8    i.conn_params_error_handler  main.o
    0x0001c9bc   0x0001c9bc   0x00000068   Code   RO          947    i.conn_params_negotiation  ble_conn_params.o
    0x0001ca24   0x0001ca24   0x00000040   Code   RO         2159    i.elapsed_ticks_acquire  app_timer.o
    0x0001ca64   0x0001ca64   0x00000014   Code   RO         2086    i.fifo_get          app_fifo.o
    0x0001ca78   0x0001ca78   0x00000012   Code   RO         2087    i.fifo_put          app_fifo.o
    0x0001ca8a   0x0001ca8a   0x0000000e   Code   RO         2541    i.fputc             retarget.o
    0x0001ca98   0x0001ca98   0x00000018   Code   RO         2405    i.fs_queued_op_count_get  fstorage.o
    0x0001cab0   0x0001cab0   0x00000080   Code   RO         2766    i.intern_softdevice_events_execute  softdevice_handler.o
    0x0001cb30   0x0001cb30   0x000000ac   Code   RO         1810    i.irq_handler_twi   nrf_drv_twi.o
    0x0001cbdc   0x0001cbdc   0x0000001c   Code   RO          948    i.is_conn_params_ok  ble_conn_params.o
    0x0001cbf8   0x0001cbf8   0x00000048   Code   RO         2906    i.is_manual_peripheral_setup_needed  system_nrf51.o
    0x0001cc40   0x0001cc40   0x000000ac   Code   RO         2160    i.list_deletions_handler  app_timer.o
    0x0001ccec   0x0001ccec   0x000000bc   Code   RO         2161    i.list_insertions_handler  app_timer.o
    0x0001cda8   0x0001cda8   0x0000028c   Code   RO           10    i.main              main.o
    0x0001d034   0x0001d034   0x00000068   Code   RO          775    i.manuf_specific_data_encode  ble_advdata.o
    0x0001d09c   0x0001d09c   0x0000009e   Code   RO          776    i.name_encode       ble_advdata.o
    0x0001d13a   0x0001d13a   0x00000010   Code   RO         1331    i.nrf_bitmask_bit_is_set  nrf_drv_gpiote.o
    0x0001d14a   0x0001d14a   0x00000010   Code   RO         1117    i.nrf_clock_event_check  nrf_drv_clock.o
    0x0001d15a   0x0001d15a   0x00000002   PAD
    0x0001d15c   0x0001d15c   0x00000034   Code   RO           11    i.nrf_delay_ms      main.o
    0x0001d190   0x0001d190   0x00000030   Code   RO         1811    i.nrf_delay_us      nrf_drv_twi.o
    0x0001d1c0   0x0001d1c0   0x00000030   Code   RO         2162    i.nrf_delay_us      app_timer.o
    0x0001d1f0   0x0001d1f0   0x00000048   Code   RO         1124    i.nrf_drv_clock_init  nrf_drv_clock.o
    0x0001d238   0x0001d238   0x00000034   Code   RO         1131    i.nrf_drv_clock_on_sd_enable  nrf_drv_clock.o
    0x0001d26c   0x0001d26c   0x0000000c   Code   RO         1132    i.nrf_drv_clock_on_soc_event  nrf_drv_clock.o
    0x0001d278   0x0001d278   0x00000060   Code   RO         1286    i.nrf_drv_common_irq_enable  nrf_drv_common.o
    0x0001d2d8   0x0001d2d8   0x00000020   Code   RO         1814    i.nrf_drv_twi_enable  nrf_drv_twi.o
    0x0001d2f8   0x0001d2f8   0x00000088   Code   RO         1815    i.nrf_drv_twi_init  nrf_drv_twi.o
    0x0001d380   0x0001d380   0x00000024   Code   RO         1819    i.nrf_drv_twi_tx    nrf_drv_twi.o
    0x0001d3a4   0x0001d3a4   0x00000028   Code   RO         1821    i.nrf_drv_twi_xfer  nrf_drv_twi.o
    0x0001d3cc   0x0001d3cc   0x00000080   Code   RO         1545    i.nrf_drv_uart_init  nrf_drv_uart.o
    0x0001d44c   0x0001d44c   0x0000005c   Code   RO         1546    i.nrf_drv_uart_rx   nrf_drv_uart.o
    0x0001d4a8   0x0001d4a8   0x0000002c   Code   RO         1549    i.nrf_drv_uart_rx_enable  nrf_drv_uart.o
    0x0001d4d4   0x0001d4d4   0x000000a8   Code   RO         1550    i.nrf_drv_uart_rx_for_uart  nrf_drv_uart.o
    0x0001d57c   0x0001d57c   0x00000034   Code   RO         1551    i.nrf_drv_uart_tx   nrf_drv_uart.o
    0x0001d5b0   0x0001d5b0   0x0000008c   Code   RO         1553    i.nrf_drv_uart_tx_for_uart  nrf_drv_uart.o
    0x0001d63c   0x0001d63c   0x00000018   Code   RO         1554    i.nrf_drv_uart_tx_in_progress  nrf_drv_uart.o
    0x0001d654   0x0001d654   0x00000028   Code   RO         1556    i.nrf_gpio_cfg      nrf_drv_uart.o
    0x0001d67c   0x0001d67c   0x00000014   Code   RO           12    i.nrf_gpio_cfg_input  main.o
    0x0001d690   0x0001d690   0x00000012   Code   RO         1558    i.nrf_gpio_cfg_input  nrf_drv_uart.o
    0x0001d6a2   0x0001d6a2   0x00000014   Code   RO         1559    i.nrf_gpio_cfg_output  nrf_drv_uart.o
    0x0001d6b6   0x0001d6b6   0x00000022   Code   RO          564    i.nrf_gpio_cfg_sense_set  bsp.o
    0x0001d6d8   0x0001d6d8   0x00000022   Code   RO         1353    i.nrf_gpio_cfg_sense_set  nrf_drv_gpiote.o
    0x0001d6fa   0x0001d6fa   0x00000002   PAD
    0x0001d6fc   0x0001d6fc   0x00000010   Code   RO         1822    i.nrf_gpio_pin_set  nrf_drv_twi.o
    0x0001d70c   0x0001d70c   0x00000018   Code   RO          460    i.nrf_gpio_pin_write  boards.o
    0x0001d724   0x0001d724   0x00000028   Code   RO         1354    i.nrf_gpio_ports_read  nrf_drv_gpiote.o
    0x0001d74c   0x0001d74c   0x00000010   Code   RO         1355    i.nrf_gpiote_event_clear  nrf_drv_gpiote.o
    0x0001d75c   0x0001d75c   0x00000014   Code   RO         1356    i.nrf_gpiote_event_is_set  nrf_drv_gpiote.o
    0x0001d770   0x0001d770   0x0000000a   Code   RO         1823    i.nrf_twi_event_check  nrf_drv_twi.o
    0x0001d77a   0x0001d77a   0x0000000a   Code   RO         1560    i.nrf_uart_event_check  nrf_drv_uart.o
    0x0001d784   0x0001d784   0x00000010   Code   RO         1561    i.nrf_uart_int_enable_check  nrf_drv_uart.o
    0x0001d794   0x0001d794   0x00000030   Code   RO           13    i.nus_data_handler  main.o
    0x0001d7c4   0x0001d7c4   0x00000020   Code   RO           14    i.on_adv_evt        main.o
    0x0001d7e4   0x0001d7e4   0x000000d0   Code   RO           15    i.on_ble_evt        main.o
    0x0001d8b4   0x0001d8b4   0x00000020   Code   RO           16    i.on_conn_params_evt  main.o
    0x0001d8d4   0x0001d8d4   0x00000044   Code   RO         2163    i.rtc1_stop         app_timer.o
    0x0001d918   0x0001d918   0x00000026   Code   RO         1562    i.rx_byte           nrf_drv_uart.o
    0x0001d93e   0x0001d93e   0x0000009e   Code   RO         1069    i.rx_char_add       ble_nus.o
    0x0001d9dc   0x0001d9dc   0x00000014   Code   RO         1563    i.rx_done_event     nrf_drv_uart.o
    0x0001d9f0   0x0001d9f0   0x0000001a   Code   RO         1564    i.rx_enable         nrf_drv_uart.o
    0x0001da0a   0x0001da0a   0x00000002   PAD
    0x0001da0c   0x0001da0c   0x00000084   Code   RO         2768    i.sd_nvic_EnableIRQ  softdevice_handler.o
    0x0001da90   0x0001da90   0x0000008e   Code   RO          777    i.service_data_encode  ble_advdata.o
    0x0001db1e   0x0001db1e   0x00000002   PAD
    0x0001db20   0x0001db20   0x00000058   Code   RO          858    i.set_adv_mode_fast  ble_advertising.o
    0x0001db78   0x0001db78   0x00000054   Code   RO          859    i.set_adv_mode_slow  ble_advertising.o
    0x0001dbcc   0x0001dbcc   0x00000028   Code   RO           17    i.sleep_mode_enter  main.o
    0x0001dbf4   0x0001dbf4   0x00000014   Code   RO         2769    i.softdevice_ble_evt_handler_set  softdevice_handler.o
    0x0001dc08   0x0001dc08   0x00000014   Code   RO         2770    i.softdevice_enable  softdevice_handler.o
    0x0001dc1c   0x0001dc1c   0x00000028   Code   RO         2771    i.softdevice_enable_get_default_config  softdevice_handler.o
    0x0001dc44   0x0001dc44   0x00000008   Code   RO         2772    i.softdevice_fault_handler  softdevice_handler.o
    0x0001dc4c   0x0001dc4c   0x00000058   Code   RO         2773    i.softdevice_handler_init  softdevice_handler.o
    0x0001dca4   0x0001dca4   0x0000000c   Code   RO         2774    i.softdevice_handler_is_enabled  softdevice_handler.o
    0x0001dcb0   0x0001dcb0   0x00000084   Code   RO         2164    i.timer_list_handler  app_timer.o
    0x0001dd34   0x0001dd34   0x00000010   Code   RO         2165    i.timer_list_handler_sched  app_timer.o
    0x0001dd44   0x0001dd44   0x00000040   Code   RO         2166    i.timer_list_insert  app_timer.o
    0x0001dd84   0x0001dd84   0x00000048   Code   RO         2167    i.timer_stop_op_schedule  app_timer.o
    0x0001ddcc   0x0001ddcc   0x00000080   Code   RO         2168    i.timer_timeouts_check  app_timer.o
    0x0001de4c   0x0001de4c   0x00000098   Code   RO         1824    i.twi_clear_bus     nrf_drv_twi.o
    0x0001dee4   0x0001dee4   0x00000020   Code   RO          343    i.twi_handler       eeprom.o
    0x0001df04   0x0001df04   0x0000003c   Code   RO          344    i.twi_init          eeprom.o
    0x0001df40   0x0001df40   0x00000020   Code   RO         1825    i.twi_process_error  nrf_drv_twi.o
    0x0001df60   0x0001df60   0x000000a0   Code   RO         1826    i.twi_rx_start_transfer  nrf_drv_twi.o
    0x0001e000   0x0001e000   0x0000002e   Code   RO         1827    i.twi_send_byte     nrf_drv_twi.o
    0x0001e02e   0x0001e02e   0x00000108   Code   RO         1828    i.twi_transfer      nrf_drv_twi.o
    0x0001e136   0x0001e136   0x00000002   PAD
    0x0001e138   0x0001e138   0x0000009c   Code   RO         1829    i.twi_tx_start_transfer  nrf_drv_twi.o
    0x0001e1d4   0x0001e1d4   0x0000008c   Code   RO         1830    i.twi_xfer          nrf_drv_twi.o
    0x0001e260   0x0001e260   0x0000001e   Code   RO         1565    i.tx_byte           nrf_drv_uart.o
    0x0001e27e   0x0001e27e   0x00000080   Code   RO         1070    i.tx_char_add       ble_nus.o
    0x0001e2fe   0x0001e2fe   0x00000018   Code   RO         1566    i.tx_done_event     nrf_drv_uart.o
    0x0001e316   0x0001e316   0x00000002   PAD
    0x0001e318   0x0001e318   0x00000060   Code   RO           18    i.uart_event_handle  main.o
    0x0001e378   0x0001e378   0x000000a8   Code   RO         2295    i.uart_event_handler  app_uart_fifo.o
    0x0001e420   0x0001e420   0x00000128   Code   RO         1567    i.uart_irq_handler  nrf_drv_uart.o
    0x0001e548   0x0001e548   0x0000000a   Code   RO          778    i.uint16_encode     ble_advdata.o
    0x0001e552   0x0001e552   0x00000002   PAD
    0x0001e554   0x0001e554   0x00000064   Code   RO          949    i.update_timeout_handler  ble_conn_params.o
    0x0001e5b8   0x0001e5b8   0x0000002c   Code   RO         2169    i.user_op_alloc     app_timer.o
    0x0001e5e4   0x0001e5e4   0x00000030   Code   RO          779    i.uuid_list_encode  ble_advdata.o
    0x0001e614   0x0001e614   0x000000ae   Code   RO          780    i.uuid_list_sized_encode  ble_advdata.o
    0x0001e6c2   0x0001e6c2   0x00000002   PAD
    0x0001e6c4   0x0001e6c4   0x00000018   Code   RO          860    i.whitelist_has_entries  ble_advertising.o
    0x0001e6dc   0x0001e6dc   0x00000050   Code   RO          345    i.write_EEPROM_data  eeprom.o
    0x0001e72c   0x0001e72c   0x0000001c   Data   RO           20    .constdata          main.o
    0x0001e748   0x0001e748   0x00000018   Data   RO          346    .constdata          eeprom.o
    0x0001e760   0x0001e760   0x00000008   Data   RO          461    .constdata          boards.o
    0x0001e768   0x0001e768   0x0000002c   Data   RO          569    .constdata          bsp.o
    0x0001e794   0x0001e794   0x00000004   Data   RO          952    .constdata          ble_conn_params.o
    0x0001e798   0x0001e798   0x00000010   Data   RO         1071    .constdata          ble_nus.o
    0x0001e7a8   0x0001e7a8   0x00000004   Data   RO         1360    .constdata          nrf_drv_gpiote.o
    0x0001e7ac   0x0001e7ac   0x00000020   Data   RO         2297    .constdata          app_uart_fifo.o
    0x0001e7cc   0x0001e7cc   0x00000020   Data   RO         3254    Region$$Table       anon$$obj.o


    Execution Region RW_IRAM1 (Exec base: 0x20001fe8, Load base: 0x0001e7ec, Size: 0x00000f48, Max: 0x00002790, ABSOLUTE)

    Exec Addr    Load Addr    Size         Type   Attr      Idx    E Section Name        Object

    0x20001fe8   0x0001e7ec   0x00000008   Data   RW           21    .data               main.o
    0x20001ff0   0x0001e7f4   0x00000002   Data   RW          347    .data               eeprom.o
    0x20001ff2   0x0001e7f6   0x00000002   PAD
    0x20001ff4   0x0001e7f8   0x00000014   Data   RW          570    .data               bsp.o
    0x20002008   0x0001e80c   0x00000008   Data   RW          671    .data               bsp_btn_ble.o
    0x20002010   0x0001e814   0x00000030   Data   RW          864    .data               ble_advertising.o
    0x20002040   0x0001e844   0x00000014   Data   RW          953    .data               ble_conn_params.o
    0x20002054   0x0001e858   0x00000020   Data   RW         2170    .data               app_timer.o
    0x20002074   0x0001e878   0x00000010   Data   RW         2298    .data               app_uart_fifo.o
    0x20002084   0x0001e888   0x0000000c   Data   RW         2356    .data               app_util_platform.o
    0x20002090   0x0001e894   0x00000004   Data   RW         2542    .data               retarget.o
    0x20002094   0x0001e898   0x00000014   Data   RW         2780    .data               softdevice_handler.o
    0x200020a8   0x0001e8ac   0x00000004   Data   RW         2907    .data               system_nrf51.o
    0x200020ac        -       0x000002f0   Zero   RW           19    .bss                main.o
    0x2000239c        -       0x00000020   Zero   RW          565    .bss                bsp.o
    0x200023bc        -       0x00000020   Zero   RW          566    .bss                bsp.o
    0x200023dc        -       0x0000000c   Zero   RW          567    .bss                bsp.o
    0x200023e8        -       0x00000020   Zero   RW          568    .bss                bsp.o
    0x20002408        -       0x0000016b   Zero   RW          861    .bss                ble_advertising.o
    0x20002573   0x0001e8b0   0x00000001   PAD
    0x20002574        -       0x00000020   Zero   RW          862    .bss                ble_advertising.o
    0x20002594        -       0x00000020   Zero   RW          863    .bss                ble_advertising.o
    0x200025b4        -       0x00000020   Zero   RW          950    .bss                ble_conn_params.o
    0x200025d4        -       0x0000001c   Zero   RW          951    .bss                ble_conn_params.o
    0x200025f0        -       0x00000014   Zero   RW         1134    .bss                nrf_drv_clock.o
    0x20002604        -       0x00000048   Zero   RW         1359    .bss                nrf_drv_gpiote.o
    0x2000264c        -       0x0000001c   Zero   RW         1568    .bss                nrf_drv_uart.o
    0x20002668        -       0x00000014   Zero   RW         1730    .bss                nrf_drv_adc.o
    0x2000267c        -       0x00000028   Zero   RW         1831    .bss                nrf_drv_twi.o
    0x200026a4        -       0x00000020   Zero   RW         2296    .bss                app_uart_fifo.o
    0x200026c4        -       0x00000068   Zero   RW         2414    .bss                fstorage.o
    0x2000272c   0x0001e8b0   0x00000004   PAD
    0x20002730        -       0x00000800   Zero   RW         2895    STACK               arm_startup_nrf51.o


==============================================================================

Image component sizes


      Code (inc. data)   RO Data    RW Data    ZI Data      Debug   Object Name

        24          4          0          0          0       2201   app_error.o
        28         10          0          0          0       7090   app_error_weak.o
       122          0          0          0          0       4774   app_fifo.o
      1612        158          0         32          0      42479   app_timer.o
       464         44         32         16         32      12174   app_uart_fifo.o
       104         20          0         12          0       6378   app_util_platform.o
        56         18        192          0       2048        696   arm_startup_nrf51.o
      1368          6          0          0          0      37276   ble_advdata.o
      1000         62          0         48        427      14860   ble_advertising.o
       460         60          4         20         60       6544   ble_conn_params.o
       566         12         16          0          0       6534   ble_nus.o
        14          0          0          0          0       1402   ble_srv_common.o
       212         46          8          0          0      10121   boards.o
       708         60         44         20        108      15540   bsp.o
       214          6          0          8          0      36934   bsp_btn_ble.o
       172         28         24          2          0      31949   eeprom.o
        24          6          0          0        104       3760   fstorage.o
      1488        182         28          8        752     119941   main.o
       192         34          0          0         20       7549   nrf_drv_adc.o
       276         38          0          0         20      15984   nrf_drv_clock.o
        96         18          0          0          0       9020   nrf_drv_common.o
       518         34          4          0         72      19028   nrf_drv_gpiote.o
      1460         72          0          0         40      29385   nrf_drv_twi.o
      1338         52          0          0         28      30114   nrf_drv_uart.o
        14          0          0          4          0       2822   retarget.o
       508         66          0         20          0      21299   softdevice_handler.o
       232         36          0          4          0       2335   system_nrf51.o

    ----------------------------------------------------------------------
     13294       1072        384        196       3716     498189   Object Totals
         0          0         32          0          0          0   (incl. Generated)
        24          0          0          2          5          0   (incl. Padding)

    ----------------------------------------------------------------------

      Code (inc. data)   RO Data    RW Data    ZI Data      Debug   Library Member Name

         0          0          0          0          0          0   entry.o
         0          0          0          0          0          0   entry10a.o
         0          0          0          0          0          0   entry11a.o
         8          4          0          0          0          0   entry2.o
         4          0          0          0          0          0   entry5.o
         0          0          0          0          0          0   entry7b.o
         0          0          0          0          0          0   entry8b.o
         8          4          0          0          0          0   entry9a.o
        30          0          0          0          0          0   handlers.o
        36          8          0          0          0         68   init.o
        36          0          0          0          0         60   memcpya.o
        36          0          0          0          0        100   memseta.o
       418         16          0          0          0        312   printf1.o
        14          0          0          0          0         60   strlen.o
        44          0          0          0          0         72   uidiv.o

    ----------------------------------------------------------------------
       638         32          0          0          0        672   Library Totals
         4          0          0          0          0          0   (incl. Padding)

    ----------------------------------------------------------------------

      Code (inc. data)   RO Data    RW Data    ZI Data      Debug   Library Name

       634         32          0          0          0        672   mc_p.l

    ----------------------------------------------------------------------
       638         32          0          0          0        672   Library Totals

    ----------------------------------------------------------------------

==============================================================================


      Code (inc. data)   RO Data    RW Data    ZI Data      Debug   

     13932       1104        384        196       3716     491797   Grand Totals
     13932       1104        384        196       3716     491797   ELF Image Totals
     13932       1104        384        196          0          0   ROM Totals

==============================================================================

    Total RO  Size (Code + RO Data)                14316 (  13.98kB)
    Total RW  Size (RW Data + ZI Data)              3912 (   3.82kB)
    Total ROM Size (Code + RO Data + RW Data)      14512 (  14.17kB)

==============================================================================

