Component: ARM Compiler 5.06 update 6 (build 750) Tool: armlink [4d35ed]

==============================================================================

Section Cross References

    main.o(i.adc_start) refers to main.o(i.__sd_nvic_app_accessible_irq) for __sd_nvic_app_accessible_irq
    main.o(i.adc_start) refers to app_error.o(i.app_error_handler_bare) for app_error_handler_bare
    main.o(i.adc_start) refers to app_util_platform.o(.data) for nrf_nvic_state
    main.o(i.assert_nrf_callback) refers to app_error.o(i.app_error_handler) for app_error_handler
    main.o(i.ble_evt_dispatch) refers to ble_conn_params.o(i.ble_conn_params_on_ble_evt) for ble_conn_params_on_ble_evt
    main.o(i.ble_evt_dispatch) refers to ble_nus.o(i.ble_nus_on_ble_evt) for ble_nus_on_ble_evt
    main.o(i.ble_evt_dispatch) refers to main.o(i.on_ble_evt) for on_ble_evt
    main.o(i.ble_evt_dispatch) refers to ble_advertising.o(i.ble_advertising_on_ble_evt) for ble_advertising_on_ble_evt
    main.o(i.ble_evt_dispatch) refers to bsp_btn_ble.o(i.bsp_btn_ble_on_ble_evt) for bsp_btn_ble_on_ble_evt
    main.o(i.ble_evt_dispatch) refers to main.o(.bss) for .bss
    main.o(i.bsp_event_handler) refers to main.o(i.sleep_mode_enter) for sleep_mode_enter
    main.o(i.bsp_event_handler) refers to app_error.o(i.app_error_handler_bare) for app_error_handler_bare
    main.o(i.bsp_event_handler) refers to ble_advertising.o(i.ble_advertising_restart_without_whitelist) for ble_advertising_restart_without_whitelist
    main.o(i.bsp_event_handler) refers to main.o(.data) for .data
    main.o(i.button_active) refers to main.o(i.nrf_gpio_pin_read) for nrf_gpio_pin_read
    main.o(i.button_active) refers to main.o(i.nrf_gpio_pin_clear) for nrf_gpio_pin_clear
    main.o(i.button_active) refers to main.o(i.nrf_gpio_pin_set) for nrf_gpio_pin_set
    main.o(i.button_active) refers to main.o(i.nrf_delay_ms) for nrf_delay_ms
    main.o(i.button_active) refers to main.o(.data) for .data
    main.o(i.conn_params_error_handler) refers to app_error.o(i.app_error_handler_bare) for app_error_handler_bare
    main.o(i.in_pin_handler) refers to printf3.o(i.__0printf$3) for __2printf
    main.o(i.in_pin_handler) refers to main.o(i.nrf_delay_ms) for nrf_delay_ms
    main.o(i.in_pin_handler) refers to main.o(.data) for .data
    main.o(i.led_gpio_init) refers to main.o(i.nrf_gpio_cfg_output) for nrf_gpio_cfg_output
    main.o(i.led_gpio_init) refers to main.o(i.nrf_gpio_pin_set) for nrf_gpio_pin_set
    main.o(i.led_gpio_init) refers to main.o(i.nrf_gpio_pin_clear) for nrf_gpio_pin_clear
    main.o(i.main) refers to main.o(i.led_gpio_init) for led_gpio_init
    main.o(i.main) refers to main.o(i.nrf_gpio_cfg_input) for nrf_gpio_cfg_input
    main.o(i.main) refers to eeprom.o(i.twi_init) for twi_init
    main.o(i.main) refers to app_timer.o(i.app_timer_init) for app_timer_init
    main.o(i.main) refers to app_error.o(i.app_error_handler_bare) for app_error_handler_bare
    main.o(i.main) refers to memcpya.o(.text) for __aeabi_memcpy4
    main.o(i.main) refers to app_uart_fifo.o(i.app_uart_init) for app_uart_init
    main.o(i.main) refers to softdevice_handler.o(i.softdevice_handler_init) for softdevice_handler_init
    main.o(i.main) refers to softdevice_handler.o(i.softdevice_enable_get_default_config) for softdevice_enable_get_default_config
    main.o(i.main) refers to softdevice_handler.o(i.softdevice_enable) for softdevice_enable
    main.o(i.main) refers to softdevice_handler.o(i.softdevice_ble_evt_handler_set) for softdevice_ble_evt_handler_set
    main.o(i.main) refers to ble_nus.o(i.ble_nus_init) for ble_nus_init
    main.o(i.main) refers to memseta.o(.text) for __aeabi_memclr4
    main.o(i.main) refers to ble_advertising.o(i.ble_advertising_init) for ble_advertising_init
    main.o(i.main) refers to ble_conn_params.o(i.ble_conn_params_init) for ble_conn_params_init
    main.o(i.main) refers to printf3.o(i.__0printf$3) for __2printf
    main.o(i.main) refers to ble_advertising.o(i.ble_advertising_start) for ble_advertising_start
    main.o(i.main) refers to main.o(i.button_active) for button_active
    main.o(i.main) refers to main.o(i.nrf_gpio_pin_set) for nrf_gpio_pin_set
    main.o(i.main) refers to eeprom.o(i.ERASE_EEPROM_data) for ERASE_EEPROM_data
    main.o(i.main) refers to main.o(i.write_mode) for write_mode
    main.o(i.main) refers to main.o(i.nrf_gpio_pin_clear) for nrf_gpio_pin_clear
    main.o(i.main) refers to main.o(i.nrf_delay_ms) for nrf_delay_ms
    main.o(i.main) refers to main.o(i.read_mode) for read_mode
    main.o(i.main) refers to main.o(.bss) for .bss
    main.o(i.main) refers to main.o(.constdata) for .constdata
    main.o(i.main) refers to main.o(i.uart_event_handle) for uart_event_handle
    main.o(i.main) refers to main.o(i.ble_evt_dispatch) for ble_evt_dispatch
    main.o(i.main) refers to main.o(i.nus_data_handler) for nus_data_handler
    main.o(i.main) refers to main.o(.data) for .data
[...]
    i.RTC1_IRQHandler                        0x0001b498   Section        0  app_timer.o(i.RTC1_IRQHandler)
    i.SPI0_TWI0_IRQHandler                   0x0001b4b8   Section        0  nrf_drv_twi.o(i.SPI0_TWI0_IRQHandler)
    i.SWI0_IRQHandler                        0x0001b4cc   Section        0  app_timer.o(i.SWI0_IRQHandler)
    i.SWI2_IRQHandler                        0x0001b4d4   Section        0  softdevice_handler.o(i.SWI2_IRQHandler)
    i.SystemInit                             0x0001b4f4   Section        0  system_nrf51.o(i.SystemInit)
    i.UART0_IRQHandler                       0x0001b594   Section        0  nrf_drv_uart.o(i.UART0_IRQHandler)
    i.__0printf$3                            0x0001b5a8   Section        0  printf3.o(i.__0printf$3)
    i.__0sprintf$3                           0x0001b5c8   Section        0  printf3.o(i.__0sprintf$3)
    i.__ARM_common_switch8                   0x0001b5f0   Section        0  bsp.o(i.__ARM_common_switch8)
    i.__scatterload_copy                     0x0001b60a   Section       14  handlers.o(i.__scatterload_copy)
    i.__scatterload_null                     0x0001b618   Section        2  handlers.o(i.__scatterload_null)
    i.__scatterload_zeroinit                 0x0001b61a   Section       14  handlers.o(i.__scatterload_zeroinit)
    i.__sd_nvic_app_accessible_irq           0x0001b628   Section        0  main.o(i.__sd_nvic_app_accessible_irq)
    __sd_nvic_app_accessible_irq             0x0001b629   Thumb Code    22  main.o(i.__sd_nvic_app_accessible_irq)
    i.__sd_nvic_app_accessible_irq           0x0001b644   Section        0  softdevice_handler.o(i.__sd_nvic_app_accessible_irq)
    __sd_nvic_app_accessible_irq             0x0001b645   Thumb Code    22  softdevice_handler.o(i.__sd_nvic_app_accessible_irq)
    i._printf_core                           0x0001b660   Section        0  printf3.o(i._printf_core)
    _printf_core                             0x0001b661   Thumb Code   456  printf3.o(i._printf_core)
    i._sputc                                 0x0001b82c   Section        0  printf3.o(i._sputc)
    _sputc                                   0x0001b82d   Thumb Code    10  printf3.o(i._sputc)
    i.adc_sample_process                     0x0001b838   Section        0  nrf_drv_adc.o(i.adc_sample_process)
    adc_sample_process                       0x0001b839   Thumb Code    80  nrf_drv_adc.o(i.adc_sample_process)
    i.adc_start                              0x0001b898   Section        0  main.o(i.adc_start)
    i.adv_data_encode                        0x0001b980   Section        0  ble_advdata.o(i.adv_data_encode)
    i.adv_mode_next_avail_get                0x0001bb10   Section        0  ble_advertising.o(i.adv_mode_next_avail_get)
    adv_mode_next_avail_get                  0x0001bb11   Thumb Code    94  ble_advertising.o(i.adv_mode_next_avail_get)
    i.advertising_buttons_configure          0x0001bb78   Section        0  bsp_btn_ble.o(i.advertising_buttons_configure)
    advertising_buttons_configure            0x0001bb79   Thumb Code    60  bsp_btn_ble.o(i.advertising_buttons_configure)
    i.app_error_fault_handler                0x0001bbb4   Section        0  app_error_weak.o(i.app_error_fault_handler)
    i.app_error_handler_bare                 0x0001bbd0   Section        0  app_error.o(i.app_error_handler_bare)
    i.app_fifo_get                           0x0001bbe8   Section        0  app_fifo.o(i.app_fifo_get)
    i.app_fifo_init                          0x0001bbfe   Section        0  app_fifo.o(i.app_fifo_init)
    i.app_fifo_put                           0x0001bc22   Section        0  app_fifo.o(i.app_fifo_put)
    i.app_timer_create                       0x0001bc3c   Section        0  app_timer.o(i.app_timer_create)
    i.app_timer_init                         0x0001bc6c   Section        0  app_timer.o(i.app_timer_init)
    i.app_timer_start                        0x0001bce0   Section        0  app_timer.o(i.app_timer_start)
    i.app_timer_stop                         0x0001bd68   Section        0  app_timer.o(i.app_timer_stop)
    i.app_uart_get                           0x0001bd90   Section        0  app_uart_fifo.o(i.app_uart_get)
    i.app_uart_init                          0x0001bdc8   Section        0  app_uart_fifo.o(i.app_uart_init)
    i.app_uart_put                           0x0001be78   Section        0  app_uart_fifo.o(i.app_uart_put)
    i.app_util_critical_region_enter         0x0001beb8   Section        0  app_util_platform.o(i.app_util_critical_region_enter)
    i.app_util_critical_region_exit          0x0001bef4   Section        0  app_util_platform.o(i.app_util_critical_region_exit)
    i.apply_config                           0x0001bf20   Section        0  nrf_drv_uart.o(i.apply_config)
    apply_config                             0x0001bf21   Thumb Code   128  nrf_drv_uart.o(i.apply_config)
    i.ble_advdata_set                        0x0001bfa4   Section        0  ble_advdata.o(i.ble_advdata_set)
    i.ble_advertising_init                   0x0001c00c   Section        0  ble_advertising.o(i.ble_advertising_init)
    i.ble_advertising_on_ble_evt             0x0001c168   Section        0  ble_advertising.o(i.ble_advertising_on_ble_evt)
    i.ble_advertising_start                  0x0001c1c0   Section        0  ble_advertising.o(i.ble_advertising_start)
    i.ble_conn_params_init                   0x0001c2c8   Section        0  ble_conn_params.o(i.ble_conn_params_init)
    i.ble_conn_params_on_ble_evt             0x0001c31c   Section        0  ble_conn_params.o(i.ble_conn_params_on_ble_evt)
    i.ble_device_addr_encode                 0x0001c3ac   Section        0  ble_advdata.o(i.ble_device_addr_encode)
    ble_device_addr_encode                   0x0001c3ad   Thumb Code    94  ble_advdata.o(i.ble_device_addr_encode)
    i.ble_evt_dispatch                       0x0001c40c   Section        0  main.o(i.ble_evt_dispatch)
    ble_evt_dispatch                         0x0001c40d   Thumb Code    36  main.o(i.ble_evt_dispatch)
    i.ble_nus_init                           0x0001c434   Section        0  ble_nus.o(i.ble_nus_init)
    i.ble_nus_on_ble_evt                     0x0001c49c   Section        0  ble_nus.o(i.ble_nus_on_ble_evt)
    i.ble_nus_string_send                    0x0001c4f8   Section        0  ble_nus.o(i.ble_nus_string_send)
    i.ble_srv_is_notification_enabled        0x0001c54c   Section        0  ble_srv_common.o(i.ble_srv_is_notification_enabled)
    i.bsp_board_button_idx_to_pin            0x0001c55c   Section        0  boards.o(i.bsp_board_button_idx_to_pin)
    i.bsp_board_led_invert                   0x0001c568   Section        0  boards.o(i.bsp_board_led_invert)
    i.bsp_board_led_off                      0x0001c588   Section        0  boards.o(i.bsp_board_led_off)
    i.bsp_board_led_on                       0x0001c59c   Section        0  boards.o(i.bsp_board_led_on)
    i.bsp_board_led_state_get                0x0001c5b0   Section        0  boards.o(i.bsp_board_led_state_get)
    i.bsp_board_leds_off                     0x0001c5d0   Section        0  boards.o(i.bsp_board_leds_off)
    i.bsp_board_leds_on                      0x0001c5e2   Section        0  boards.o(i.bsp_board_leds_on)
    i.bsp_board_pin_to_button_idx            0x0001c5f4   Section        0  boards.o(i.bsp_board_pin_to_button_idx)
    i.bsp_btn_ble_on_ble_evt                 0x0001c618   Section        0  bsp_btn_ble.o(i.bsp_btn_ble_on_ble_evt)
    i.bsp_btn_ble_sleep_mode_prepare         0x0001c690   Section        0  bsp_btn_ble.o(i.bsp_btn_ble_sleep_mode_prepare)
    i.bsp_button_event_handler               0x0001c6b4   Section        0  bsp.o(i.bsp_button_event_handler)
    bsp_button_event_handler                 0x0001c6b5   Thumb Code   134  bsp.o(i.bsp_button_event_handler)
    i.bsp_event_to_button_action_assign      0x0001c748   Section        0  bsp.o(i.bsp_event_to_button_action_assign)
    i.bsp_indication_set                     0x0001c790   Section        0  bsp.o(i.bsp_indication_set)
    i.bsp_led_indication                     0x0001c7ac   Section        0  bsp.o(i.bsp_led_indication)
    bsp_led_indication                       0x0001c7ad   Thumb Code   376  bsp.o(i.bsp_led_indication)
    i.bsp_wakeup_button_enable               0x0001c92c   Section        0  bsp.o(i.bsp_wakeup_button_enable)
    i.button_active                          0x0001c93c   Section        0  main.o(i.button_active)
    i.channel_port_get                       0x0001c9d0   Section        0  nrf_drv_gpiote.o(i.channel_port_get)
    channel_port_get                         0x0001c9d1   Thumb Code    10  nrf_drv_gpiote.o(i.channel_port_get)
    i.clock_clk_started_notify               0x0001c9e0   Section        0  nrf_drv_clock.o(i.clock_clk_started_notify)
    clock_clk_started_notify                 0x0001c9e1   Thumb Code    34  nrf_drv_clock.o(i.clock_clk_started_notify)
    i.compare_reg_update                     0x0001ca08   Section        0  app_timer.o(i.compare_reg_update)
    compare_reg_update                       0x0001ca09   Thumb Code   142  app_timer.o(i.compare_reg_update)
    i.conn_int_encode                        0x0001cab0   Section        0  ble_advdata.o(i.conn_int_encode)
    conn_int_encode                          0x0001cab1   Thumb Code   130  ble_advdata.o(i.conn_int_encode)
    i.conn_params_error_handler              0x0001cb38   Section        0  main.o(i.conn_params_error_handler)
    conn_params_error_handler                0x0001cb39   Thumb Code     8  main.o(i.conn_params_error_handler)
    i.conn_params_negotiation                0x0001cb40   Section        0  ble_conn_params.o(i.conn_params_negotiation)
    conn_params_negotiation                  0x0001cb41   Thumb Code    92  ble_conn_params.o(i.conn_params_negotiation)
    i.elapsed_ticks_acquire                  0x0001cba8   Section        0  app_timer.o(i.elapsed_ticks_acquire)
    elapsed_ticks_acquire                    0x0001cba9   Thumb Code    58  app_timer.o(i.elapsed_ticks_acquire)
    i.fifo_get                               0x0001cbe8   Section        0  app_fifo.o(i.fifo_get)
    fifo_get                                 0x0001cbe9   Thumb Code    20  app_fifo.o(i.fifo_get)
    i.fifo_put                               0x0001cbfc   Section        0  app_fifo.o(i.fifo_put)
    fifo_put                                 0x0001cbfd   Thumb Code    18  app_fifo.o(i.fifo_put)
    i.fputc                                  0x0001cc0e   Section        0  retarget.o(i.fputc)
    i.fs_queued_op_count_get                 0x0001cc1c   Section        0  fstorage.o(i.fs_queued_op_count_get)
    i.intern_softdevice_events_execute       0x0001cc34   Section        0  softdevice_handler.o(i.intern_softdevice_events_execute)
    i.irq_handler_twi                        0x0001ccb4   Section        0  nrf_drv_twi.o(i.irq_handler_twi)
    irq_handler_twi                          0x0001ccb5   Thumb Code   172  nrf_drv_twi.o(i.irq_handler_twi)
    i.is_conn_params_ok                      0x0001cd60   Section        0  ble_conn_params.o(i.is_conn_params_ok)
    is_conn_params_ok                        0x0001cd61   Thumb Code    24  ble_conn_params.o(i.is_conn_params_ok)
    i.is_manual_peripheral_setup_needed      0x0001cd7c   Section        0  system_nrf51.o(i.is_manual_peripheral_setup_needed)
    is_manual_peripheral_setup_needed        0x0001cd7d   Thumb Code    66  system_nrf51.o(i.is_manual_peripheral_setup_needed)
    i.led_gpio_init                          0x0001cdc4   Section        0  main.o(i.led_gpio_init)
    i.list_deletions_handler                 0x0001ce04   Section        0  app_timer.o(i.list_deletions_handler)
    list_deletions_handler                   0x0001ce05   Thumb Code   162  app_timer.o(i.list_deletions_handler)
    i.list_insertions_handler                0x0001ceb0   Section        0  app_timer.o(i.list_insertions_handler)
    list_insertions_handler                  0x0001ceb1   Thumb Code   178  app_timer.o(i.list_insertions_handler)
    i.main                                   0x0001cf6c   Section        0  main.o(i.main)
    i.manuf_specific_data_encode             0x0001d1fc   Section        0  ble_advdata.o(i.manuf_specific_data_encode)
    manuf_specific_data_encode               0x0001d1fd   Thumb Code   104  ble_advdata.o(i.manuf_specific_data_encode)
    i.name_encode                            0x0001d264   Section        0  ble_advdata.o(i.name_encode)
    name_encode                              0x0001d265   Thumb Code   158  ble_advdata.o(i.name_encode)
    i.nrf_bitmask_bit_is_set                 0x0001d302   Section        0  nrf_drv_gpiote.o(i.nrf_bitmask_bit_is_set)
    nrf_bitmask_bit_is_set                   0x0001d303   Thumb Code    16  nrf_drv_gpiote.o(i.nrf_bitmask_bit_is_set)
    i.nrf_clock_event_check                  0x0001d312   Section        0  nrf_drv_clock.o(i.nrf_clock_event_check)
    nrf_clock_event_check                    0x0001d313   Thumb Code    16  nrf_drv_clock.o(i.nrf_clock_event_check)
    i.nrf_delay_ms                           0x0001d324   Section        0  main.o(i.nrf_delay_ms)
    nrf_delay_ms                             0x0001d325   Thumb Code    42  main.o(i.nrf_delay_ms)
    i.nrf_delay_us                           0x0001d358   Section        0  eeprom.o(i.nrf_delay_us)
    nrf_delay_us                             0x0001d359   Thumb Code    38  eeprom.o(i.nrf_delay_us)
    i.nrf_delay_us                           0x0001d388   Section        0  nrf_drv_twi.o(i.nrf_delay_us)
    nrf_delay_us                             0x0001d389   Thumb Code    38  nrf_drv_twi.o(i.nrf_delay_us)
    i.nrf_delay_us                           0x0001d3b8   Section        0  app_timer.o(i.nrf_delay_us)
    nrf_delay_us                             0x0001d3b9   Thumb Code    38  app_timer.o(i.nrf_delay_us)
    i.nrf_drv_clock_init                     0x0001d3e8   Section        0  nrf_drv_clock.o(i.nrf_drv_clock_init)
    i.nrf_drv_clock_on_sd_enable             0x0001d430   Section        0  nrf_drv_clock.o(i.nrf_drv_clock_on_sd_enable)
    i.nrf_drv_clock_on_soc_event             0x0001d464   Section        0  nrf_drv_clock.o(i.nrf_drv_clock_on_soc_event)
    i.nrf_drv_common_irq_enable              0x0001d470   Section        0  nrf_drv_common.o(i.nrf_drv_common_irq_enable)
    i.nrf_drv_twi_enable                     0x0001d4d0   Section        0  nrf_drv_twi.o(i.nrf_drv_twi_enable)
    i.nrf_drv_twi_init                       0x0001d4f0   Section        0  nrf_drv_twi.o(i.nrf_drv_twi_init)
    i.nrf_drv_twi_rx                         0x0001d578   Section        0  nrf_drv_twi.o(i.nrf_drv_twi_rx)
    i.nrf_drv_twi_tx                         0x0001d59c   Section        0  nrf_drv_twi.o(i.nrf_drv_twi_tx)
    i.nrf_drv_twi_xfer                       0x0001d5c0   Section        0  nrf_drv_twi.o(i.nrf_drv_twi_xfer)
    i.nrf_drv_uart_init                      0x0001d5e8   Section        0  nrf_drv_uart.o(i.nrf_drv_uart_init)
    i.nrf_drv_uart_rx                        0x0001d668   Section        0  nrf_drv_uart.o(i.nrf_drv_uart_rx)
    i.nrf_drv_uart_rx_enable                 0x0001d6c4   Section        0  nrf_drv_uart.o(i.nrf_drv_uart_rx_enable)
    i.nrf_drv_uart_rx_for_uart               0x0001d6f0   Section        0  nrf_drv_uart.o(i.nrf_drv_uart_rx_for_uart)
    nrf_drv_uart_rx_for_uart                 0x0001d6f1   Thumb Code   164  nrf_drv_uart.o(i.nrf_drv_uart_rx_for_uart)
    i.nrf_drv_uart_tx                        0x0001d798   Section        0  nrf_drv_uart.o(i.nrf_drv_uart_tx)
    i.nrf_drv_uart_tx_for_uart               0x0001d7cc   Section        0  nrf_drv_uart.o(i.nrf_drv_uart_tx_for_uart)
    nrf_drv_uart_tx_for_uart                 0x0001d7cd   Thumb Code   134  nrf_drv_uart.o(i.nrf_drv_uart_tx_for_uart)
    i.nrf_drv_uart_tx_in_progress            0x0001d858   Section        0  nrf_drv_uart.o(i.nrf_drv_uart_tx_in_progress)
    i.nrf_gpio_cfg                           0x0001d870   Section        0  main.o(i.nrf_gpio_cfg)
    nrf_gpio_cfg                             0x0001d871   Thumb Code    40  main.o(i.nrf_gpio_cfg)
    i.nrf_gpio_cfg                           0x0001d898   Section        0  nrf_drv_uart.o(i.nrf_gpio_cfg)
    nrf_gpio_cfg                             0x0001d899   Thumb Code    40  nrf_drv_uart.o(i.nrf_gpio_cfg)
    i.nrf_gpio_cfg_input                     0x0001d8c0   Section        0  main.o(i.nrf_gpio_cfg_input)
    nrf_gpio_cfg_input                       0x0001d8c1   Thumb Code    18  main.o(i.nrf_gpio_cfg_input)
    i.nrf_gpio_cfg_input                     0x0001d8d2   Section        0  nrf_drv_uart.o(i.nrf_gpio_cfg_input)
    nrf_gpio_cfg_input                       0x0001d8d3   Thumb Code    18  nrf_drv_uart.o(i.nrf_gpio_cfg_input)
    i.nrf_gpio_cfg_output                    0x0001d8e4   Section        0  main.o(i.nrf_gpio_cfg_output)
    nrf_gpio_cfg_output                      0x0001d8e5   Thumb Code    20  main.o(i.nrf_gpio_cfg_output)
    i.nrf_gpio_cfg_output                    0x0001d8f8   Section        0  nrf_drv_uart.o(i.nrf_gpio_cfg_output)
    nrf_gpio_cfg_output                      0x0001d8f9   Thumb Code    20  nrf_drv_uart.o(i.nrf_gpio_cfg_output)
    i.nrf_gpio_cfg_sense_set                 0x0001d90c   Section        0  bsp.o(i.nrf_gpio_cfg_sense_set)
    nrf_gpio_cfg_sense_set                   0x0001d90d   Thumb Code    34  bsp.o(i.nrf_gpio_cfg_sense_set)
    i.nrf_gpio_cfg_sense_set                 0x0001d92e   Section        0  nrf_drv_gpiote.o(i.nrf_gpio_cfg_sense_set)
    nrf_gpio_cfg_sense_set                   0x0001d92f   Thumb Code    34  nrf_drv_gpiote.o(i.nrf_gpio_cfg_sense_set)
    i.nrf_gpio_pin_clear                     0x0001d950   Section        0  main.o(i.nrf_gpio_pin_clear)
    nrf_gpio_pin_clear                       0x0001d951   Thumb Code    10  main.o(i.nrf_gpio_pin_clear)
    i.nrf_gpio_pin_read                      0x0001d960   Section        0  main.o(i.nrf_gpio_pin_read)
    nrf_gpio_pin_read                        0x0001d961   Thumb Code    12  main.o(i.nrf_gpio_pin_read)
    i.nrf_gpio_pin_set                       0x0001d970   Section        0  main.o(i.nrf_gpio_pin_set)
    nrf_gpio_pin_set                         0x0001d971   Thumb Code    10  main.o(i.nrf_gpio_pin_set)
    i.nrf_gpio_pin_set                       0x0001d980   Section        0  nrf_drv_twi.o(i.nrf_gpio_pin_set)
    nrf_gpio_pin_set                         0x0001d981   Thumb Code    10  nrf_drv_twi.o(i.nrf_gpio_pin_set)
    i.nrf_gpio_pin_write                     0x0001d990   Section        0  boards.o(i.nrf_gpio_pin_write)
    nrf_gpio_pin_write                       0x0001d991   Thumb Code    18  boards.o(i.nrf_gpio_pin_write)
    i.nrf_gpio_ports_read                    0x0001d9a8   Section        0  nrf_drv_gpiote.o(i.nrf_gpio_ports_read)
    nrf_gpio_ports_read                      0x0001d9a9   Thumb Code    36  nrf_drv_gpiote.o(i.nrf_gpio_ports_read)
    i.nrf_gpiote_event_clear                 0x0001d9d0   Section        0  nrf_drv_gpiote.o(i.nrf_gpiote_event_clear)
    nrf_gpiote_event_clear                   0x0001d9d1   Thumb Code    10  nrf_drv_gpiote.o(i.nrf_gpiote_event_clear)
    i.nrf_gpiote_event_is_set                0x0001d9e0   Section        0  nrf_drv_gpiote.o(i.nrf_gpiote_event_is_set)
    nrf_gpiote_event_is_set                  0x0001d9e1   Thumb Code    14  nrf_drv_gpiote.o(i.nrf_gpiote_event_is_set)
    i.nrf_twi_event_check                    0x0001d9f4   Section        0  nrf_drv_twi.o(i.nrf_twi_event_check)
    nrf_twi_event_check                      0x0001d9f5   Thumb Code    10  nrf_drv_twi.o(i.nrf_twi_event_check)
    i.nrf_uart_event_check                   0x0001d9fe   Section        0  nrf_drv_uart.o(i.nrf_uart_event_check)
    nrf_uart_event_check                     0x0001d9ff   Thumb Code    10  nrf_drv_uart.o(i.nrf_uart_event_check)
    i.nrf_uart_int_enable_check              0x0001da08   Section        0  nrf_drv_uart.o(i.nrf_uart_int_enable_check)
    nrf_uart_int_enable_check                0x0001da09   Thumb Code    16  nrf_drv_uart.o(i.nrf_uart_int_enable_check)
    i.nus_data_handler                       0x0001da18   Section        0  main.o(i.nus_data_handler)
    nus_data_handler                         0x0001da19   Thumb Code    48  main.o(i.nus_data_handler)
    i.on_adv_evt                             0x0001da48   Section        0  main.o(i.on_adv_evt)
    on_adv_evt                               0x0001da49   Thumb Code    32  main.o(i.on_adv_evt)
    i.on_ble_evt                             0x0001da68   Section        0  main.o(i.on_ble_evt)
    on_ble_evt                               0x0001da69   Thumb Code   204  main.o(i.on_ble_evt)
    i.on_conn_params_evt                     0x0001db38   Section        0  main.o(i.on_conn_params_evt)
    on_conn_params_evt                       0x0001db39   Thumb Code    26  main.o(i.on_conn_params_evt)
    i.read_EEPROM_data                       0x0001db58   Section        0  eeprom.o(i.read_EEPROM_data)
    i.read_mode                              0x0001dbd8   Section        0  main.o(i.read_mode)
    i.rtc1_stop                              0x0001dc30   Section        0  app_timer.o(i.rtc1_stop)
    rtc1_stop                                0x0001dc31   Thumb Code    50  app_timer.o(i.rtc1_stop)
    i.rx_byte                                0x0001dc74   Section        0  nrf_drv_uart.o(i.rx_byte)
    rx_byte                                  0x0001dc75   Thumb Code    38  nrf_drv_uart.o(i.rx_byte)
    i.rx_char_add                            0x0001dc9a   Section        0  ble_nus.o(i.rx_char_add)
    rx_char_add                              0x0001dc9b   Thumb Code   158  ble_nus.o(i.rx_char_add)
    i.rx_done_event                          0x0001dd38   Section        0  nrf_drv_uart.o(i.rx_done_event)
    rx_done_event                            0x0001dd39   Thumb Code    20  nrf_drv_uart.o(i.rx_done_event)
    i.rx_enable                              0x0001dd4c   Section        0  nrf_drv_uart.o(i.rx_enable)
    rx_enable                                0x0001dd4d   Thumb Code    26  nrf_drv_uart.o(i.rx_enable)
    i.sd_nvic_EnableIRQ                      0x0001dd68   Section        0  softdevice_handler.o(i.sd_nvic_EnableIRQ)
    sd_nvic_EnableIRQ                        0x0001dd69   Thumb Code   112  softdevice_handler.o(i.sd_nvic_EnableIRQ)
    i.service_data_encode                    0x0001ddec   Section        0  ble_advdata.o(i.service_data_encode)
    service_data_encode                      0x0001dded   Thumb Code   142  ble_advdata.o(i.service_data_encode)
    i.set_adv_mode_fast                      0x0001de7c   Section        0  ble_advertising.o(i.set_adv_mode_fast)
    set_adv_mode_fast                        0x0001de7d   Thumb Code    80  ble_advertising.o(i.set_adv_mode_fast)
    i.set_adv_mode_slow                      0x0001ded4   Section        0  ble_advertising.o(i.set_adv_mode_slow)
    set_adv_mode_slow                        0x0001ded5   Thumb Code    76  ble_advertising.o(i.set_adv_mode_slow)
    i.sleep_mode_enter                       0x0001df28   Section        0  main.o(i.sleep_mode_enter)
    sleep_mode_enter                         0x0001df29   Thumb Code    40  main.o(i.sleep_mode_enter)
    i.softdevice_ble_evt_handler_set         0x0001df50   Section        0  softdevice_handler.o(i.softdevice_ble_evt_handler_set)
    i.softdevice_enable                      0x0001df64   Section        0  softdevice_handler.o(i.softdevice_enable)
    i.softdevice_enable_get_default_config   0x0001df78   Section        0  softdevice_handler.o(i.softdevice_enable_get_default_config)
    i.softdevice_fault_handler               0x0001dfa0   Section        0  softdevice_handler.o(i.softdevice_fault_handler)
    i.softdevice_handler_init                0x0001dfa8   Section        0  softdevice_handler.o(i.softdevice_handler_init)
    i.softdevice_handler_is_enabled          0x0001e000   Section        0  softdevice_handler.o(i.softdevice_handler_is_enabled)
    i.timer_list_handler                     0x0001e00c   Section        0  app_timer.o(i.timer_list_handler)
    timer_list_handler                       0x0001e00d   Thumb Code   128  app_timer.o(i.timer_list_handler)
    i.timer_list_handler_sched               0x0001e090   Section        0  app_timer.o(i.timer_list_handler_sched)
    timer_list_handler_sched                 0x0001e091   Thumb Code    10  app_timer.o(i.timer_list_handler_sched)
    i.timer_list_insert                      0x0001e0a0   Section        0  app_timer.o(i.timer_list_insert)
    timer_list_insert                        0x0001e0a1   Thumb Code    60  app_timer.o(i.timer_list_insert)
    i.timer_stop_op_schedule                 0x0001e0e0   Section        0  app_timer.o(i.timer_stop_op_schedule)
    timer_stop_op_schedule                   0x0001e0e1   Thumb Code    68  app_timer.o(i.timer_stop_op_schedule)
    i.timer_timeouts_check                   0x0001e128   Section        0  app_timer.o(i.timer_timeouts_check)
    timer_timeouts_check                     0x0001e129   Thumb Code   118  app_timer.o(i.timer_timeouts_check)
    i.twi_clear_bus                          0x0001e1a8   Section        0  nrf_drv_twi.o(i.twi_clear_bus)
    twi_clear_bus                            0x0001e1a9   Thumb Code   138  nrf_drv_twi.o(i.twi_clear_bus)
    i.twi_handler                            0x0001e240   Section        0  eeprom.o(i.twi_handler)
    i.twi_init                               0x0001e260   Section        0  eeprom.o(i.twi_init)
    i.twi_process_error                      0x0001e29c   Section        0  nrf_drv_twi.o(i.twi_process_error)
    twi_process_error                        0x0001e29d   Thumb Code    28  nrf_drv_twi.o(i.twi_process_error)
    i.twi_rx_start_transfer                  0x0001e2bc   Section        0  nrf_drv_twi.o(i.twi_rx_start_transfer)
    twi_rx_start_transfer                    0x0001e2bd   Thumb Code   154  nrf_drv_twi.o(i.twi_rx_start_transfer)
    i.twi_send_byte                          0x0001e35c   Section        0  nrf_drv_twi.o(i.twi_send_byte)
    twi_send_byte                            0x0001e35d   Thumb Code    46  nrf_drv_twi.o(i.twi_send_byte)
    i.twi_transfer                           0x0001e38a   Section        0  nrf_drv_twi.o(i.twi_transfer)
    twi_transfer                             0x0001e38b   Thumb Code   264  nrf_drv_twi.o(i.twi_transfer)
    i.twi_tx_start_transfer                  0x0001e494   Section        0  nrf_drv_twi.o(i.twi_tx_start_transfer)
    twi_tx_start_transfer                    0x0001e495   Thumb Code   152  nrf_drv_twi.o(i.twi_tx_start_transfer)
    i.twi_xfer                               0x0001e530   Section        0  nrf_drv_twi.o(i.twi_xfer)
    twi_xfer                                 0x0001e531   Thumb Code   140  nrf_drv_twi.o(i.twi_xfer)
    i.tx_byte                                0x0001e5bc   Section        0  nrf_drv_uart.o(i.tx_byte)
    tx_byte                                  0x0001e5bd   Thumb Code    30  nrf_drv_uart.o(i.tx_byte)
    i.tx_char_add                            0x0001e5da   Section        0  ble_nus.o(i.tx_char_add)
    tx_char_add                              0x0001e5db   Thumb Code   128  ble_nus.o(i.tx_char_add)
    i.tx_done_event                          0x0001e65a   Section        0  nrf_drv_uart.o(i.tx_done_event)
    tx_done_event                            0x0001e65b   Thumb Code    24  nrf_drv_uart.o(i.tx_done_event)
    i.uart_event_handle                      0x0001e674   Section        0  main.o(i.uart_event_handle)
    i.uart_event_handler                     0x0001e6d4   Section        0  app_uart_fifo.o(i.uart_event_handler)
    uart_event_handler                       0x0001e6d5   Thumb Code   158  app_uart_fifo.o(i.uart_event_handler)
    i.uart_irq_handler                       0x0001e77c   Section        0  nrf_drv_uart.o(i.uart_irq_handler)
    uart_irq_handler                         0x0001e77d   Thumb Code   296  nrf_drv_uart.o(i.uart_irq_handler)
    i.uint16_encode                          0x0001e8a4   Section        0  ble_advdata.o(i.uint16_encode)
    uint16_encode                            0x0001e8a5   Thumb Code    10  ble_advdata.o(i.uint16_encode)
    i.update_timeout_handler                 0x0001e8b0   Section        0  ble_conn_params.o(i.update_timeout_handler)
    update_timeout_handler                   0x0001e8b1   Thumb Code    86  ble_conn_params.o(i.update_timeout_handler)
    i.user_op_alloc                          0x0001e914   Section        0  app_timer.o(i.user_op_alloc)
    user_op_alloc                            0x0001e915   Thumb Code    40  app_timer.o(i.user_op_alloc)
    i.uuid_list_encode                       0x0001e940   Section        0  ble_advdata.o(i.uuid_list_encode)
    uuid_list_encode                         0x0001e941   Thumb Code    48  ble_advdata.o(i.uuid_list_encode)
    i.uuid_list_sized_encode                 0x0001e970   Section        0  ble_advdata.o(i.uuid_list_sized_encode)
    uuid_list_sized_encode                   0x0001e971   Thumb Code   174  ble_advdata.o(i.uuid_list_sized_encode)
    i.whitelist_has_entries                  0x0001ea20   Section        0  ble_advertising.o(i.whitelist_has_entries)
    whitelist_has_entries                    0x0001ea21   Thumb Code    18  ble_advertising.o(i.whitelist_has_entries)
    i.write_EEPROM_data                      0x0001ea38   Section        0  eeprom.o(i.write_EEPROM_data)
    i.write_mode                             0x0001ea88   Section        0  main.o(i.write_mode)
    .constdata                               0x0001ec0c   Section       28  main.o(.constdata)
    .constdata                               0x0001ec28   Section       24  eeprom.o(.constdata)
    m_twi                                    0x0001ec28   Data           8  eeprom.o(.constdata)
    .constdata                               0x0001ec40   Section        8  boards.o(.constdata)
    m_board_led_list                         0x0001ec40   Data           4  boards.o(.constdata)
    m_board_btn_list                         0x0001ec44   Data           4  boards.o(.constdata)
    .constdata                               0x0001ec48   Section       44  bsp.o(.constdata)
    m_leds_timer_id                          0x0001ec48   Data           4  bsp.o(.constdata)
    m_alert_timer_id                         0x0001ec4c   Data           4  bsp.o(.constdata)
    m_button_timer_id                        0x0001ec50   Data           4  bsp.o(.constdata)
    app_buttons                              0x0001ec54   Data          32  bsp.o(.constdata)
    .constdata                               0x0001ec74   Section        4  ble_conn_params.o(.constdata)
    m_conn_params_timer_id                   0x0001ec74   Data           4  ble_conn_params.o(.constdata)
    .constdata                               0x0001ec78   Section       16  ble_nus.o(.constdata)
    .constdata                               0x0001ec88   Section        4  nrf_drv_gpiote.o(.constdata)
    .constdata                               0x0001ec8c   Section       12  nrf_drv_twi.o(.constdata)
    .constdata                               0x0001ec98   Section       32  app_uart_fifo.o(.constdata)
    .data                                    0x20001fe8   Section       12  main.o(.data)
    index                                    0x20001fe9   Data           1  main.o(.data)
    m_conn_handle                            0x20001fea   Data           2  main.o(.data)
    m_adv_uuids                              0x20001fec   Data           4  main.o(.data)
    .data                                    0x20001ff4   Section        2  eeprom.o(.data)
    twi_rx_done                              0x20001ff4   Data           1  eeprom.o(.data)
    twi_tx_done                              0x20001ff5   Data           1  eeprom.o(.data)
    .data                                    0x20001ff8   Section       20  bsp.o(.data)
    m_stable_state                           0x20001ff8   Data           1  bsp.o(.data)
    m_leds_clear                             0x20001ff9   Data           1  bsp.o(.data)
    current_long_push_pin_no                 0x20001ffa   Data           1  bsp.o(.data)
    m_app_ticks_per_100ms                    0x20001ffc   Data           4  bsp.o(.data)
    m_indication_type                        0x20002000   Data           4  bsp.o(.data)
    m_registered_callback                    0x20002004   Data           4  bsp.o(.data)
    release_event_at_push                    0x20002008   Data           4  bsp.o(.data)
    .data                                    0x2000200c   Section        8  bsp_btn_ble.o(.data)
    m_error_handler                          0x2000200c   Data           4  bsp_btn_ble.o(.data)
    m_num_connections                        0x20002010   Data           4  bsp_btn_ble.o(.data)
    .data                                    0x20002014   Section       48  ble_advertising.o(.data)
    m_initialized                            0x20002014   Data           1  ble_advertising.o(.data)
    m_advertising_start_pending              0x20002015   Data           1  ble_advertising.o(.data)
    m_adv_evt                                0x20002016   Data           1  ble_advertising.o(.data)
    m_adv_mode_current                       0x20002017   Data           1  ble_advertising.o(.data)
    m_peer_addr_reply_expected               0x20002018   Data           1  ble_advertising.o(.data)
    m_whitelist_temporarily_disabled         0x20002019   Data           1  ble_advertising.o(.data)
    m_whitelist_reply_expected               0x2000201a   Data           1  ble_advertising.o(.data)
    m_current_slave_link_conn_handle         0x2000201c   Data           2  ble_advertising.o(.data)
    m_slave_conn_int                         0x2000201e   Data           4  ble_advertising.o(.data)
    m_evt_handler                            0x20002024   Data           4  ble_advertising.o(.data)
    m_error_handler                          0x20002028   Data           4  ble_advertising.o(.data)
    m_peer_address                           0x2000202c   Data           7  ble_advertising.o(.data)
    m_whitelist                              0x20002034   Data          16  ble_advertising.o(.data)
    .data                                    0x20002044   Section       20  ble_conn_params.o(.data)
    m_change_param                           0x20002044   Data           1  ble_conn_params.o(.data)
    m_update_count                           0x20002045   Data           1  ble_conn_params.o(.data)
    m_conn_handle                            0x20002046   Data           2  ble_conn_params.o(.data)
    m_preferred_conn_params                  0x20002048   Data           8  ble_conn_params.o(.data)
    m_current_conn_params                    0x20002050   Data           8  ble_conn_params.o(.data)
    .data                                    0x20002058   Section       32  app_timer.o(.data)
    m_ticks_elapsed_q_read_ind               0x20002058   Data           1  app_timer.o(.data)
    m_ticks_elapsed_q_write_ind              0x20002059   Data           1  app_timer.o(.data)
    m_rtc1_running                           0x2000205a   Data           1  app_timer.o(.data)
    m_rtc1_reset                             0x2000205b   Data           1  app_timer.o(.data)
    mp_timer_id_head                         0x2000205c   Data           4  app_timer.o(.data)
    m_ticks_latest                           0x20002060   Data           4  app_timer.o(.data)
    m_evt_schedule_func                      0x20002064   Data           4  app_timer.o(.data)
    m_op_queue                               0x20002068   Data           8  app_timer.o(.data)
    m_ticks_elapsed                          0x20002070   Data           8  app_timer.o(.data)
    .data                                    0x20002078   Section       16  app_uart_fifo.o(.data)
    tx_buffer                                0x20002078   Data           1  app_uart_fifo.o(.data)
    rx_buffer                                0x20002079   Data           1  app_uart_fifo.o(.data)
    m_rx_ovf                                 0x2000207a   Data           1  app_uart_fifo.o(.data)
    m_event_handler                          0x2000207c   Data           4  app_uart_fifo.o(.data)
    app_uart_inst                            0x20002080   Data           8  app_uart_fifo.o(.data)
    .data                                    0x20002088   Section       12  app_util_platform.o(.data)
    m_in_critical_region                     0x20002088   Data           4  app_util_platform.o(.data)
    .data                                    0x20002094   Section        4  retarget.o(.data)
    .data                                    0x20002098   Section       20  softdevice_handler.o(.data)
    m_softdevice_enabled                     0x20002098   Data           1  softdevice_handler.o(.data)
    m_suspended                              0x20002099   Data           1  softdevice_handler.o(.data)
    m_ble_evt_buffer_size                    0x2000209a   Data           2  softdevice_handler.o(.data)
    m_evt_schedule_func                      0x2000209c   Data           4  softdevice_handler.o(.data)
    mp_ble_evt_buffer                        0x200020a0   Data           4  softdevice_handler.o(.data)
    m_ble_evt_handler                        0x200020a4   Data           4  softdevice_handler.o(.data)
    m_sys_evt_handler                        0x200020a8   Data           4  softdevice_handler.o(.data)
    .data                                    0x200020ac   Section        4  system_nrf51.o(.data)
    __tagsym$$used                           0x200020ac   Number         0  system_nrf51.o(.data)
    .bss                                     0x200020b0   Section      752  main.o(.bss)
    BLE_EVT_BUFFER                           0x200020b0   Data          72  main.o(.bss)
    data_array                               0x200020f8   Data          20  main.o(.bss)
    rx_buf                                   0x2000210c   Data         256  main.o(.bss)
    tx_buf                                   0x2000220c   Data         256  main.o(.bss)
    APP_TIMER_BUF                            0x2000230c   Data         120  main.o(.bss)
    m_nus                                    0x20002384   Data          28  main.o(.bss)
    .bss                                     0x200023a0   Section       32  bsp.o(.bss)
    m_leds_timer_id_data                     0x200023a0   Data          32  bsp.o(.bss)
    .bss                                     0x200023c0   Section       32  bsp.o(.bss)
    m_alert_timer_id_data                    0x200023c0   Data          32  bsp.o(.bss)
    .bss                                     0x200023e0   Section       12  bsp.o(.bss)
    m_events_list                            0x200023e0   Data          12  bsp.o(.bss)
    .bss                                     0x200023ec   Section       32  bsp.o(.bss)
    m_button_timer_id_data                   0x200023ec   Data          32  bsp.o(.bss)
    .bss                                     0x2000240c   Section      363  ble_advertising.o(.bss)
    m_adv_modes_config                       0x2000240c   Data          32  ble_advertising.o(.bss)
    m_advdata                                0x2000242c   Data          60  ble_advertising.o(.bss)
    m_manuf_specific_data                    0x20002468   Data          12  ble_advertising.o(.bss)
    m_manuf_data_array                       0x20002474   Data          31  ble_advertising.o(.bss)
    m_service_data                           0x20002494   Data          12  ble_advertising.o(.bss)
    m_service_data_array                     0x200024a0   Data          31  ble_advertising.o(.bss)
    m_whitelist_addrs                        0x200024bf   Data          56  ble_advertising.o(.bss)
    m_whitelist_irks                         0x200024f7   Data         128  ble_advertising.o(.bss)
    .bss                                     0x20002578   Section       32  ble_advertising.o(.bss)
    m_p_whitelist_addrs                      0x20002578   Data          32  ble_advertising.o(.bss)
    .bss                                     0x20002598   Section       32  ble_advertising.o(.bss)
    m_p_whitelist_irks                       0x20002598   Data          32  ble_advertising.o(.bss)
    .bss                                     0x200025b8   Section       32  ble_conn_params.o(.bss)
    m_conn_params_timer_id_data              0x200025b8   Data          32  ble_conn_params.o(.bss)
    .bss                                     0x200025d8   Section       28  ble_conn_params.o(.bss)
    m_conn_params_config                     0x200025d8   Data          28  ble_conn_params.o(.bss)
    .bss                                     0x200025f4   Section       20  nrf_drv_clock.o(.bss)
    m_clock_cb                               0x200025f4   Data          20  nrf_drv_clock.o(.bss)
    .bss                                     0x20002608   Section       72  nrf_drv_gpiote.o(.bss)
    m_cb                                     0x20002608   Data          72  nrf_drv_gpiote.o(.bss)
    .bss                                     0x20002650   Section       28  nrf_drv_uart.o(.bss)
    m_cb                                     0x20002650   Data          28  nrf_drv_uart.o(.bss)
    .bss                                     0x2000266c   Section       20  nrf_drv_adc.o(.bss)
    m_cb                                     0x2000266c   Data          20  nrf_drv_adc.o(.bss)
    .bss                                     0x20002680   Section       40  nrf_drv_twi.o(.bss)
    m_cb                                     0x20002680   Data          40  nrf_drv_twi.o(.bss)
    .bss                                     0x200026a8   Section       32  app_uart_fifo.o(.bss)
    m_rx_fifo                                0x200026a8   Data          16  app_uart_fifo.o(.bss)
    m_tx_fifo                                0x200026b8   Data          16  app_uart_fifo.o(.bss)
    .bss                                     0x200026c8   Section      104  fstorage.o(.bss)
    m_queue                                  0x200026c8   Data         104  fstorage.o(.bss)
    STACK                                    0x20002730   Section     2048  arm_startup_nrf51.o(STACK)

    Global Symbols

    Symbol Name                              Value     Ov Type        Size  Object(Section)

    BuildAttributes$$THM_ISAv3M$S$PE$A:L22$X:L11$S22$IEEE1$IW$USESV6$~STKCKD$USESV7$~SHL$OSPACE$ROPI$EBA8$MICROLIB$REQ8$PRES8$EABIv2 0x00000000   Number         0  anon$$obj.o ABSOLUTE
    __ARM_use_no_argv                        0x00000000   Number         0  main.o ABSOLUTE
    _printf_a                                0x00000000   Number         0  stubs.o ABSOLUTE
    _printf_c                                0x00000000   Number         0  stubs.o ABSOLUTE
    _printf_charcount                        0x00000000   Number         0  stubs.o ABSOLUTE
    _printf_d                                0x00000000   Number         0  stubs.o ABSOLUTE
    _printf_e                                0x00000000   Number         0  stubs.o ABSOLUTE
    _printf_f                                0x00000000   Number         0  stubs.o ABSOLUTE
    _printf_flags                            0x00000000   Number         0  stubs.o ABSOLUTE
    _printf_fp_dec                           0x00000000   Number         0  stubs.o ABSOLUTE
    _printf_fp_hex                           0x00000000   Number         0  stubs.o ABSOLUTE
    _printf_g                                0x00000000   Number         0  stubs.o ABSOLUTE
    _printf_i                                0x00000000   Number         0  stubs.o ABSOLUTE
    _printf_int_dec                          0x00000000   Number         0  stubs.o ABSOLUTE
    _printf_l                                0x00000000   Number         0  stubs.o ABSOLUTE
    _printf_lc                               0x00000000   Number         0  stubs.o ABSOLUTE
    _printf_ll                               0x00000000   Number         0  stubs.o ABSOLUTE
    _printf_lld                              0x00000000   Number         0  stubs.o ABSOLUTE
    _printf_lli                              0x00000000   Number         0  stubs.o ABSOLUTE
    _printf_llo                              0x00000000   Number         0  stubs.o ABSOLUTE
    _printf_llu                              0x00000000   Number         0  stubs.o ABSOLUTE
    _printf_llx                              0x00000000   Number         0  stubs.o ABSOLUTE
    _printf_longlong_dec                     0x00000000   Number         0  stubs.o ABSOLUTE
    _printf_longlong_hex                     0x00000000   Number         0  stubs.o ABSOLUTE
    _printf_longlong_oct                     0x00000000   Number         0  stubs.o ABSOLUTE
    _printf_ls                               0x00000000   Number         0  stubs.o ABSOLUTE
    _printf_mbtowc                           0x00000000   Number         0  stubs.o ABSOLUTE
    _printf_n                                0x00000000   Number         0  stubs.o ABSOLUTE
    _printf_o                                0x00000000   Number         0  stubs.o ABSOLUTE
    _printf_p                                0x00000000   Number         0  stubs.o ABSOLUTE
    _printf_percent                          0x00000000   Number         0  stubs.o ABSOLUTE
    _printf_pre_padding                      0x00000000   Number         0  stubs.o ABSOLUTE
    _printf_return_value                     0x00000000   Number         0  stubs.o ABSOLUTE
    _printf_s                                0x00000000   Number         0  stubs.o ABSOLUTE
    _printf_sizespec                         0x00000000   Number         0  stubs.o ABSOLUTE
    _printf_str                              0x00000000   Number         0  stubs.o ABSOLUTE
    _printf_truncate_signed                  0x00000000   Number         0  stubs.o ABSOLUTE
    _printf_truncate_unsigned                0x00000000   Number         0  stubs.o ABSOLUTE
    _printf_u                                0x00000000   Number         0  stubs.o ABSOLUTE
    _printf_wc                               0x00000000   Number         0  stubs.o ABSOLUTE
    _printf_wctomb                           0x00000000   Number         0  stubs.o ABSOLUTE
    _printf_widthprec                        0x00000000   Number         0  stubs.o ABSOLUTE
    _printf_x                                0x00000000   Number         0  stubs.o ABSOLUTE
    __cpp_initialize__aeabi_                  - Undefined Weak Reference
    __cxa_finalize                            - Undefined Weak Reference
    __decompress                              - Undefined Weak Reference
    _clock_init                               - Undefined Weak Reference
    _microlib_exit                            - Undefined Weak Reference
    fs_data$$Base                             - Undefined Reference
    fs_data$$Limit                            - Undefined Reference
    __Vectors_Size                           0x000000c0   Number         0  arm_startup_nrf51.o ABSOLUTE
    __Vectors                                0x0001b000   Data           4  arm_startup_nrf51.o(RESET)
    __Vectors_End                            0x0001b0c0   Data           0  arm_startup_nrf51.o(RESET)
    __main                                   0x0001b0c1   Thumb Code     0  entry.o(.ARM.Collect$$$$00000000)
    _main_stk                                0x0001b0c1   Thumb Code     0  entry2.o(.ARM.Collect$$$$00000001)
    _main_scatterload                        0x0001b0c5   Thumb Code     0  entry5.o(.ARM.Collect$$$$00000004)
    __main_after_scatterload                 0x0001b0c9   Thumb Code     0  entry5.o(.ARM.Collect$$$$00000004)
    _main_clock                              0x0001b0c9   Thumb Code     0  entry7b.o(.ARM.Collect$$$$00000008)
    _main_cpp_init                           0x0001b0c9   Thumb Code     0  entry8b.o(.ARM.Collect$$$$0000000A)
    _main_init                               0x0001b0c9   Thumb Code     0  entry9a.o(.ARM.Collect$$$$0000000B)
    __rt_final_cpp                           0x0001b0d1   Thumb Code     0  entry10a.o(.ARM.Collect$$$$0000000D)
    __rt_final_exit                          0x0001b0d1   Thumb Code     0  entry11a.o(.ARM.Collect$$$$0000000F)
    Reset_Handler                            0x0001b0d5   Thumb Code    26  arm_startup_nrf51.o(.text)
    NMI_Handler                              0x0001b0ef   Thumb Code     2  arm_startup_nrf51.o(.text)
    HardFault_Handler                        0x0001b0f1   Thumb Code     2  arm_startup_nrf51.o(.text)
    SVC_Handler                              0x0001b0f3   Thumb Code     2  arm_startup_nrf51.o(.text)
    PendSV_Handler                           0x0001b0f5   Thumb Code     2  arm_startup_nrf51.o(.text)
    SysTick_Handler                          0x0001b0f7   Thumb Code     2  arm_startup_nrf51.o(.text)
    CCM_AAR_IRQHandler                       0x0001b0f9   Thumb Code     0  arm_startup_nrf51.o(.text)
    ECB_IRQHandler                           0x0001b0f9   Thumb Code     0  arm_startup_nrf51.o(.text)
    LPCOMP_IRQHandler                        0x0001b0f9   Thumb Code     0  arm_startup_nrf51.o(.text)
    QDEC_IRQHandler                          0x0001b0f9   Thumb Code     0  arm_startup_nrf51.o(.text)
    RADIO_IRQHandler                         0x0001b0f9   Thumb Code     0  arm_startup_nrf51.o(.text)
    RNG_IRQHandler                           0x0001b0f9   Thumb Code     0  arm_startup_nrf51.o(.text)
    RTC0_IRQHandler                          0x0001b0f9   Thumb Code     0  arm_startup_nrf51.o(.text)
    SPI1_TWI1_IRQHandler                     0x0001b0f9   Thumb Code     0  arm_startup_nrf51.o(.text)
    SWI1_IRQHandler                          0x0001b0f9   Thumb Code     0  arm_startup_nrf51.o(.text)
    SWI3_IRQHandler                          0x0001b0f9   Thumb Code     0  arm_startup_nrf51.o(.text)
    SWI4_IRQHandler                          0x0001b0f9   Thumb Code     0  arm_startup_nrf51.o(.text)
    SWI5_IRQHandler                          0x0001b0f9   Thumb Code     0  arm_startup_nrf51.o(.text)
    TEMP_IRQHandler                          0x0001b0f9   Thumb Code     0  arm_startup_nrf51.o(.text)
    TIMER0_IRQHandler                        0x0001b0f9   Thumb Code     0  arm_startup_nrf51.o(.text)
    TIMER1_IRQHandler                        0x0001b0f9   Thumb Code     0  arm_startup_nrf51.o(.text)
    TIMER2_IRQHandler                        0x0001b0f9   Thumb Code     0  arm_startup_nrf51.o(.text)
    WDT_IRQHandler                           0x0001b0f9   Thumb Code     0  arm_startup_nrf51.o(.text)
    __aeabi_uidiv                            0x0001b10d   Thumb Code     0  uidiv.o(.text)
    __aeabi_uidivmod                         0x0001b10d   Thumb Code    44  uidiv.o(.text)
    __aeabi_memcpy                           0x0001b139   Thumb Code    36  memcpya.o(.text)
    __aeabi_memcpy4                          0x0001b139   Thumb Code     0  memcpya.o(.text)
    __aeabi_memcpy8                          0x0001b139   Thumb Code     0  memcpya.o(.text)
    __aeabi_memset                           0x0001b15d   Thumb Code    14  memseta.o(.text)
    __aeabi_memset4                          0x0001b15d   Thumb Code     0  memseta.o(.text)
    __aeabi_memset8                          0x0001b15d   Thumb Code     0  memseta.o(.text)
    __aeabi_memclr                           0x0001b16b   Thumb Code     4  memseta.o(.text)
    __aeabi_memclr4                          0x0001b16b   Thumb Code     0  memseta.o(.text)
    __aeabi_memclr8                          0x0001b16b   Thumb Code     0  memseta.o(.text)
    _memset$wrapper                          0x0001b16f   Thumb Code    18  memseta.o(.text)
    __scatterload                            0x0001b181   Thumb Code    28  init.o(.text)
    __scatterload_rt2                        0x0001b181   Thumb Code     0  init.o(.text)
    ADC_IRQHandler                           0x0001b1a5   Thumb Code    78  nrf_drv_adc.o(i.ADC_IRQHandler)
    ERASE_EEPROM_data                        0x0001b205   Thumb Code   114  eeprom.o(i.ERASE_EEPROM_data)
    GPIOTE_IRQHandler                        0x0001b289   Thumb Code   364  nrf_drv_gpiote.o(i.GPIOTE_IRQHandler)
    POWER_CLOCK_IRQHandler                   0x0001b445   Thumb Code    70  nrf_drv_clock.o(i.POWER_CLOCK_IRQHandler)
    RTC1_IRQHandler                          0x0001b499   Thumb Code    28  app_timer.o(i.RTC1_IRQHandler)
    SPI0_TWI0_IRQHandler                     0x0001b4b9   Thumb Code    12  nrf_drv_twi.o(i.SPI0_TWI0_IRQHandler)
    SWI0_IRQHandler                          0x0001b4cd   Thumb Code     8  app_timer.o(i.SWI0_IRQHandler)
    SWI2_IRQHandler                          0x0001b4d5   Thumb Code    28  softdevice_handler.o(i.SWI2_IRQHandler)
    SystemInit                               0x0001b4f5   Thumb Code   130  system_nrf51.o(i.SystemInit)
    UART0_IRQHandler                         0x0001b595   Thumb Code    12  nrf_drv_uart.o(i.UART0_IRQHandler)
    __0printf$3                              0x0001b5a9   Thumb Code    24  printf3.o(i.__0printf$3)
    __1printf$3                              0x0001b5a9   Thumb Code     0  printf3.o(i.__0printf$3)
    __2printf                                0x0001b5a9   Thumb Code     0  printf3.o(i.__0printf$3)
    __0sprintf$3                             0x0001b5c9   Thumb Code    36  printf3.o(i.__0sprintf$3)
    __1sprintf$3                             0x0001b5c9   Thumb Code     0  printf3.o(i.__0sprintf$3)
    __2sprintf                               0x0001b5c9   Thumb Code     0  printf3.o(i.__0sprintf$3)
    __ARM_common_switch8                     0x0001b5f1   Thumb Code    26  bsp.o(i.__ARM_common_switch8)
    __scatterload_copy                       0x0001b60b   Thumb Code    14  handlers.o(i.__scatterload_copy)
    __scatterload_null                       0x0001b619   Thumb Code     2  handlers.o(i.__scatterload_null)
    __scatterload_zeroinit                   0x0001b61b   Thumb Code    14  handlers.o(i.__scatterload_zeroinit)
    adc_start                                0x0001b899   Thumb Code   186  main.o(i.adc_start)
    adv_data_encode                          0x0001b981   Thumb Code   398  ble_advdata.o(i.adv_data_encode)
    app_error_fault_handler                  0x0001bbb5   Thumb Code    18  app_error_weak.o(i.app_error_fault_handler)
    app_error_handler_bare                   0x0001bbd1   Thumb Code    20  app_error.o(i.app_error_handler_bare)
    app_fifo_get                             0x0001bbe9   Thumb Code    22  app_fifo.o(i.app_fifo_get)
    app_fifo_init                            0x0001bbff   Thumb Code    36  app_fifo.o(i.app_fifo_init)
    app_fifo_put                             0x0001bc23   Thumb Code    26  app_fifo.o(i.app_fifo_put)
    app_timer_create                         0x0001bc3d   Thumb Code    44  app_timer.o(i.app_timer_create)
    app_timer_init                           0x0001bc6d   Thumb Code    98  app_timer.o(i.app_timer_init)
    app_timer_start                          0x0001bce1   Thumb Code   128  app_timer.o(i.app_timer_start)
    app_timer_stop                           0x0001bd69   Thumb Code    36  app_timer.o(i.app_timer_stop)
    app_uart_get                             0x0001bd91   Thumb Code    46  app_uart_fifo.o(i.app_uart_get)
    app_uart_init                            0x0001bdc9   Thumb Code   160  app_uart_fifo.o(i.app_uart_init)
    app_uart_put                             0x0001be79   Thumb Code    56  app_uart_fifo.o(i.app_uart_put)
    app_util_critical_region_enter           0x0001beb9   Thumb Code    48  app_util_platform.o(i.app_util_critical_region_enter)
    app_util_critical_region_exit            0x0001bef5   Thumb Code    36  app_util_platform.o(i.app_util_critical_region_exit)
    ble_advdata_set                          0x0001bfa5   Thumb Code   104  ble_advdata.o(i.ble_advdata_set)
    ble_advertising_init                     0x0001c00d   Thumb Code   340  ble_advertising.o(i.ble_advertising_init)
    ble_advertising_on_ble_evt               0x0001c169   Thumb Code    82  ble_advertising.o(i.ble_advertising_on_ble_evt)
    ble_advertising_start                    0x0001c1c1   Thumb Code   256  ble_advertising.o(i.ble_advertising_start)
    ble_conn_params_init                     0x0001c2c9   Thumb Code    68  ble_conn_params.o(i.ble_conn_params_init)
    ble_conn_params_on_ble_evt               0x0001c31d   Thumb Code   130  ble_conn_params.o(i.ble_conn_params_on_ble_evt)
    ble_nus_init                             0x0001c435   Thumb Code    98  ble_nus.o(i.ble_nus_init)
    ble_nus_on_ble_evt                       0x0001c49d   Thumb Code    92  ble_nus.o(i.ble_nus_on_ble_evt)
    ble_nus_string_send                      0x0001c4f9   Thumb Code    78  ble_nus.o(i.ble_nus_string_send)
    ble_srv_is_notification_enabled          0x0001c54d   Thumb Code    14  ble_srv_common.o(i.ble_srv_is_notification_enabled)
    bsp_board_button_idx_to_pin              0x0001c55d   Thumb Code     6  boards.o(i.bsp_board_button_idx_to_pin)
    bsp_board_led_invert                     0x0001c569   Thumb Code    24  boards.o(i.bsp_board_led_invert)
    bsp_board_led_off                        0x0001c589   Thumb Code    14  boards.o(i.bsp_board_led_off)
    bsp_board_led_on                         0x0001c59d   Thumb Code    14  boards.o(i.bsp_board_led_on)
    bsp_board_led_state_get                  0x0001c5b1   Thumb Code    24  boards.o(i.bsp_board_led_state_get)
    bsp_board_leds_off                       0x0001c5d1   Thumb Code    18  boards.o(i.bsp_board_leds_off)
    bsp_board_leds_on                        0x0001c5e3   Thumb Code    18  boards.o(i.bsp_board_leds_on)
    bsp_board_pin_to_button_idx              0x0001c5f5   Thumb Code    30  boards.o(i.bsp_board_pin_to_button_idx)
    bsp_btn_ble_on_ble_evt                   0x0001c619   Thumb Code   114  bsp_btn_ble.o(i.bsp_btn_ble_on_ble_evt)
    bsp_btn_ble_sleep_mode_prepare           0x0001c691   Thumb Code    34  bsp_btn_ble.o(i.bsp_btn_ble_sleep_mode_prepare)
    bsp_event_to_button_action_assign        0x0001c749   Thumb Code    66  bsp.o(i.bsp_event_to_button_action_assign)
    bsp_indication_set                       0x0001c791   Thumb Code    22  bsp.o(i.bsp_indication_set)
    bsp_wakeup_button_enable                 0x0001c92d   Thumb Code    16  bsp.o(i.bsp_wakeup_button_enable)
    button_active                            0x0001c93d   Thumb Code   142  main.o(i.button_active)
    fputc                                    0x0001cc0f   Thumb Code    14  retarget.o(i.fputc)
    fs_queued_op_count_get                   0x0001cc1d   Thumb Code    18  fstorage.o(i.fs_queued_op_count_get)
    intern_softdevice_events_execute         0x0001cc35   Thumb Code   122  softdevice_handler.o(i.intern_softdevice_events_execute)
    led_gpio_init                            0x0001cdc5   Thumb Code    64  main.o(i.led_gpio_init)
    main                                     0x0001cf6d   Thumb Code   520  main.o(i.main)
    nrf_drv_clock_init                       0x0001d3e9   Thumb Code    60  nrf_drv_clock.o(i.nrf_drv_clock_init)
    nrf_drv_clock_on_sd_enable               0x0001d431   Thumb Code    46  nrf_drv_clock.o(i.nrf_drv_clock_on_sd_enable)
    nrf_drv_clock_on_soc_event               0x0001d465   Thumb Code    12  nrf_drv_clock.o(i.nrf_drv_clock_on_soc_event)
    nrf_drv_common_irq_enable                0x0001d471   Thumb Code    78  nrf_drv_common.o(i.nrf_drv_common_irq_enable)
    nrf_drv_twi_enable                       0x0001d4d1   Thumb Code    28  nrf_drv_twi.o(i.nrf_drv_twi_enable)
    nrf_drv_twi_init                         0x0001d4f1   Thumb Code   124  nrf_drv_twi.o(i.nrf_drv_twi_init)
    nrf_drv_twi_rx                           0x0001d579   Thumb Code    30  nrf_drv_twi.o(i.nrf_drv_twi_rx)
    nrf_drv_twi_tx                           0x0001d59d   Thumb Code    36  nrf_drv_twi.o(i.nrf_drv_twi_tx)
    nrf_drv_twi_xfer                         0x0001d5c1   Thumb Code    36  nrf_drv_twi.o(i.nrf_drv_twi_xfer)
    nrf_drv_uart_init                        0x0001d5e9   Thumb Code   118  nrf_drv_uart.o(i.nrf_drv_uart_init)
    nrf_drv_uart_rx                          0x0001d669   Thumb Code    86  nrf_drv_uart.o(i.nrf_drv_uart_rx)
    nrf_drv_uart_rx_enable                   0x0001d6c5   Thumb Code    40  nrf_drv_uart.o(i.nrf_drv_uart_rx_enable)
    nrf_drv_uart_tx                          0x0001d799   Thumb Code    46  nrf_drv_uart.o(i.nrf_drv_uart_tx)
    nrf_drv_uart_tx_in_progress              0x0001d859   Thumb Code    20  nrf_drv_uart.o(i.nrf_drv_uart_tx_in_progress)
    read_EEPROM_data                         0x0001db59   Thumb Code   112  eeprom.o(i.read_EEPROM_data)
    read_mode                                0x0001dbd9   Thumb Code    84  main.o(i.read_mode)
    softdevice_ble_evt_handler_set           0x0001df51   Thumb Code    16  softdevice_handler.o(i.softdevice_ble_evt_handler_set)
    softdevice_enable                        0x0001df65   Thumb Code    14  softdevice_handler.o(i.softdevice_enable)
    softdevice_enable_get_default_config     0x0001df79   Thumb Code    40  softdevice_handler.o(i.softdevice_enable_get_default_config)
    softdevice_fault_handler                 0x0001dfa1   Thumb Code     8  softdevice_handler.o(i.softdevice_fault_handler)
    softdevice_handler_init                  0x0001dfa9   Thumb Code    74  softdevice_handler.o(i.softdevice_handler_init)
    softdevice_handler_is_enabled            0x0001e001   Thumb Code     6  softdevice_handler.o(i.softdevice_handler_is_enabled)
    twi_handler                              0x0001e241   Thumb Code    28  eeprom.o(i.twi_handler)
    twi_init                                 0x0001e261   Thumb Code    48  eeprom.o(i.twi_init)
    uart_event_handle                        0x0001e675   Thumb Code    84  main.o(i.uart_event_handle)
    write_EEPROM_data                        0x0001ea39   Thumb Code    68  eeprom.o(i.write_EEPROM_data)
    write_mode                               0x0001ea89   Thumb Code   314  main.o(i.write_mode)
    Region$$Table$$Base                      0x0001ecb8   Number         0  anon$$obj.o(Region$$Table)
    Region$$Table$$Limit                     0x0001ecd8   Number         0  anon$$obj.o(Region$$Table)
    Image$$RW_IRAM1$$Base                    0x20001fe8   Number         0  anon$$obj.o ABSOLUTE
    adc_start_flag                           0x20001fe8   Data           1  main.o(.data)
    bt_count                                 0x20001ff0   Data           4  main.o(.data)
    nrf_nvic_state                           0x2000208c   Data           8  app_util_platform.o(.data)
    __stdout                                 0x20002094   Data           4  retarget.o(.data)
    SystemCoreClock                          0x200020ac   Data           4  system_nrf51.o(.data)
    __initial_sp                             0x20002f30   Data           0  arm_startup_nrf51.o(STACK)



==============================================================================

Memory Map of the image

  Image Entry point : 0x0001b0c1

  Load Region LR_IROM1 (Base: 0x0001b000, Size: 0x00003da0, Max: 0x00025000, ABSOLUTE)

    Execution Region ER_IROM1 (Exec base: 0x0001b000, Load base: 0x0001b000, Size: 0x00003cd8, Max: 0x00025000, ABSOLUTE)

    Exec Addr    Load Addr    Size         Type   Attr      Idx    E Section Name        Object

    0x0001b000   0x0001b000   0x000000c0   Data   RO         3038    RESET               arm_startup_nrf51.o
    0x0001b0c0   0x0001b0c0   0x00000000   Code   RO         3080  * .ARM.Collect$$$$00000000  mc_p.l(entry.o)
    0x0001b0c0   0x0001b0c0   0x00000004   Code   RO         3356    .ARM.Collect$$$$00000001  mc_p.l(entry2.o)
    0x0001b0c4   0x0001b0c4   0x00000004   Code   RO         3359    .ARM.Collect$$$$00000004  mc_p.l(entry5.o)
    0x0001b0c8   0x0001b0c8   0x00000000   Code   RO         3361    .ARM.Collect$$$$00000008  mc_p.l(entry7b.o)
    0x0001b0c8   0x0001b0c8   0x00000000   Code   RO         3363    .ARM.Collect$$$$0000000A  mc_p.l(entry8b.o)
    0x0001b0c8   0x0001b0c8   0x00000008   Code   RO         3364    .ARM.Collect$$$$0000000B  mc_p.l(entry9a.o)
    0x0001b0d0   0x0001b0d0   0x00000000   Code   RO         3366    .ARM.Collect$$$$0000000D  mc_p.l(entry10a.o)
    0x0001b0d0   0x0001b0d0   0x00000000   Code   RO         3368    .ARM.Collect$$$$0000000F  mc_p.l(entry11a.o)
    0x0001b0d0   0x0001b0d0   0x00000004   Code   RO         3357    .ARM.Collect$$$$00002712  mc_p.l(entry2.o)
    0x0001b0d4   0x0001b0d4   0x00000038   Code   RO         3039    .text               arm_startup_nrf51.o
    0x0001b10c   0x0001b10c   0x0000002c   Code   RO         3083    .text               mc_p.l(uidiv.o)
    0x0001b138   0x0001b138   0x00000024   Code   RO         3085    .text               mc_p.l(memcpya.o)
    0x0001b15c   0x0001b15c   0x00000024   Code   RO         3087    .text               mc_p.l(memseta.o)
    0x0001b180   0x0001b180   0x00000024   Code   RO         3383    .text               mc_p.l(init.o)
    0x0001b1a4   0x0001b1a4   0x00000060   Code   RO         1857    i.ADC_IRQHandler    nrf_drv_adc.o
    0x0001b204   0x0001b204   0x00000084   Code   RO          389    i.ERASE_EEPROM_data  eeprom.o
    0x0001b288   0x0001b288   0x00000178   Code   RO         1465    i.GPIOTE_IRQHandler  nrf_drv_gpiote.o
    0x0001b400   0x0001b400   0x00000044   Code   RO         2289    i.NVIC_SetPriority  app_timer.o
    0x0001b444   0x0001b444   0x00000054   Code   RO         1228    i.POWER_CLOCK_IRQHandler  nrf_drv_clock.o
    0x0001b498   0x0001b498   0x00000020   Code   RO         2290    i.RTC1_IRQHandler   app_timer.o
    0x0001b4b8   0x0001b4b8   0x00000014   Code   RO         1947    i.SPI0_TWI0_IRQHandler  nrf_drv_twi.o
    0x0001b4cc   0x0001b4cc   0x00000008   Code   RO         2291    i.SWI0_IRQHandler   app_timer.o
    0x0001b4d4   0x0001b4d4   0x00000020   Code   RO         2905    i.SWI2_IRQHandler   softdevice_handler.o
    0x0001b4f4   0x0001b4f4   0x000000a0   Code   RO         3046    i.SystemInit        system_nrf51.o
    0x0001b594   0x0001b594   0x00000014   Code   RO         1680    i.UART0_IRQHandler  nrf_drv_uart.o
    0x0001b5a8   0x0001b5a8   0x00000020   Code   RO         3184    i.__0printf$3       mc_p.l(printf3.o)
    0x0001b5c8   0x0001b5c8   0x00000028   Code   RO         3186    i.__0sprintf$3      mc_p.l(printf3.o)
    0x0001b5f0   0x0001b5f0   0x0000001a   Code   RO          724    i.__ARM_common_switch8  bsp.o
    0x0001b60a   0x0001b60a   0x0000000e   Code   RO         3397    i.__scatterload_copy  mc_p.l(handlers.o)
    0x0001b618   0x0001b618   0x00000002   Code   RO         3398    i.__scatterload_null  mc_p.l(handlers.o)
    0x0001b61a   0x0001b61a   0x0000000e   Code   RO         3399    i.__scatterload_zeroinit  mc_p.l(handlers.o)
    0x0001b628   0x0001b628   0x0000001c   Code   RO            3    i.__sd_nvic_app_accessible_irq  main.o
    0x0001b644   0x0001b644   0x0000001c   Code   RO         2906    i.__sd_nvic_app_accessible_irq  softdevice_handler.o
    0x0001b660   0x0001b660   0x000001cc   Code   RO         3191    i._printf_core      mc_p.l(printf3.o)
    0x0001b82c   0x0001b82c   0x0000000a   Code   RO         3193    i._sputc            mc_p.l(printf3.o)
    0x0001b836   0x0001b836   0x00000002   PAD
    0x0001b838   0x0001b838   0x00000060   Code   RO         1858    i.adc_sample_process  nrf_drv_adc.o
    0x0001b898   0x0001b898   0x000000e8   Code   RO            4    i.adc_start         main.o
    0x0001b980   0x0001b980   0x0000018e   Code   RO          863    i.adv_data_encode   ble_advdata.o
    0x0001bb0e   0x0001bb0e   0x00000002   PAD
    0x0001bb10   0x0001bb10   0x00000068   Code   RO          951    i.adv_mode_next_avail_get  ble_advertising.o
    0x0001bb78   0x0001bb78   0x0000003c   Code   RO          750    i.advertising_buttons_configure  bsp_btn_ble.o
    0x0001bbb4   0x0001bbb4   0x0000001c   Code   RO         2194    i.app_error_fault_handler  app_error_weak.o
    0x0001bbd0   0x0001bbd0   0x00000018   Code   RO         2159    i.app_error_handler_bare  app_error.o
    0x0001bbe8   0x0001bbe8   0x00000016   Code   RO         2221    i.app_fifo_get      app_fifo.o
    0x0001bbfe   0x0001bbfe   0x00000024   Code   RO         2222    i.app_fifo_init     app_fifo.o
    0x0001bc22   0x0001bc22   0x0000001a   Code   RO         2224    i.app_fifo_put      app_fifo.o
    0x0001bc3c   0x0001bc3c   0x00000030   Code   RO         2294    i.app_timer_create  app_timer.o
    0x0001bc6c   0x0001bc6c   0x00000074   Code   RO         2295    i.app_timer_init    app_timer.o
    0x0001bce0   0x0001bce0   0x00000088   Code   RO         2296    i.app_timer_start   app_timer.o
    0x0001bd68   0x0001bd68   0x00000028   Code   RO         2297    i.app_timer_stop    app_timer.o
    0x0001bd90   0x0001bd90   0x00000038   Code   RO         2433    i.app_uart_get      app_uart_fifo.o
    0x0001bdc8   0x0001bdc8   0x000000b0   Code   RO         2434    i.app_uart_init     app_uart_fifo.o
    0x0001be78   0x0001be78   0x00000040   Code   RO         2435    i.app_uart_put      app_uart_fifo.o
    0x0001beb8   0x0001beb8   0x0000003c   Code   RO         2493    i.app_util_critical_region_enter  app_util_platform.o
    0x0001bef4   0x0001bef4   0x0000002c   Code   RO         2494    i.app_util_critical_region_exit  app_util_platform.o
    0x0001bf20   0x0001bf20   0x00000084   Code   RO         1681    i.apply_config      nrf_drv_uart.o
    0x0001bfa4   0x0001bfa4   0x00000068   Code   RO          864    i.ble_advdata_set   ble_advdata.o
    0x0001c00c   0x0001c00c   0x0000015c   Code   RO          952    i.ble_advertising_init  ble_advertising.o
    0x0001c168   0x0001c168   0x00000058   Code   RO          953    i.ble_advertising_on_ble_evt  ble_advertising.o
    0x0001c1c0   0x0001c1c0   0x00000108   Code   RO          957    i.ble_advertising_start  ble_advertising.o
    0x0001c2c8   0x0001c2c8   0x00000054   Code   RO         1057    i.ble_conn_params_init  ble_conn_params.o
    0x0001c31c   0x0001c31c   0x00000090   Code   RO         1058    i.ble_conn_params_on_ble_evt  ble_conn_params.o
    0x0001c3ac   0x0001c3ac   0x0000005e   Code   RO          865    i.ble_device_addr_encode  ble_advdata.o
    0x0001c40a   0x0001c40a   0x00000002   PAD
    0x0001c40c   0x0001c40c   0x00000028   Code   RO            6    i.ble_evt_dispatch  main.o
    0x0001c434   0x0001c434   0x00000068   Code   RO         1182    i.ble_nus_init      ble_nus.o
    0x0001c49c   0x0001c49c   0x0000005c   Code   RO         1183    i.ble_nus_on_ble_evt  ble_nus.o
    0x0001c4f8   0x0001c4f8   0x00000054   Code   RO         1184    i.ble_nus_string_send  ble_nus.o
    0x0001c54c   0x0001c54c   0x0000000e   Code   RO         1129    i.ble_srv_is_notification_enabled  ble_srv_common.o
    0x0001c55a   0x0001c55a   0x00000002   PAD
    0x0001c55c   0x0001c55c   0x0000000c   Code   RO          495    i.bsp_board_button_idx_to_pin  boards.o
    0x0001c568   0x0001c568   0x00000020   Code   RO          499    i.bsp_board_led_invert  boards.o
    0x0001c588   0x0001c588   0x00000014   Code   RO          500    i.bsp_board_led_off  boards.o
    0x0001c59c   0x0001c59c   0x00000014   Code   RO          501    i.bsp_board_led_on  boards.o
    0x0001c5b0   0x0001c5b0   0x00000020   Code   RO          502    i.bsp_board_led_state_get  boards.o
    0x0001c5d0   0x0001c5d0   0x00000012   Code   RO          504    i.bsp_board_leds_off  boards.o
    0x0001c5e2   0x0001c5e2   0x00000012   Code   RO          505    i.bsp_board_leds_on  boards.o
    0x0001c5f4   0x0001c5f4   0x00000024   Code   RO          506    i.bsp_board_pin_to_button_idx  boards.o
    0x0001c618   0x0001c618   0x00000078   Code   RO          752    i.bsp_btn_ble_on_ble_evt  bsp_btn_ble.o
    0x0001c690   0x0001c690   0x00000022   Code   RO          753    i.bsp_btn_ble_sleep_mode_prepare  bsp_btn_ble.o
    0x0001c6b2   0x0001c6b2   0x00000002   PAD
    0x0001c6b4   0x0001c6b4   0x00000094   Code   RO          631    i.bsp_button_event_handler  bsp.o
    0x0001c748   0x0001c748   0x00000048   Code   RO          635    i.bsp_event_to_button_action_assign  bsp.o
    0x0001c790   0x0001c790   0x0000001c   Code   RO          636    i.bsp_indication_set  bsp.o
    0x0001c7ac   0x0001c7ac   0x00000180   Code   RO          638    i.bsp_led_indication  bsp.o
    0x0001c92c   0x0001c92c   0x00000010   Code   RO          640    i.bsp_wakeup_button_enable  bsp.o
    0x0001c93c   0x0001c93c   0x00000094   Code   RO            8    i.button_active     main.o
    0x0001c9d0   0x0001c9d0   0x00000010   Code   RO         1468    i.channel_port_get  nrf_drv_gpiote.o
    0x0001c9e0   0x0001c9e0   0x00000028   Code   RO         1229    i.clock_clk_started_notify  nrf_drv_clock.o
    0x0001ca08   0x0001ca08   0x000000a8   Code   RO         2299    i.compare_reg_update  app_timer.o
    0x0001cab0   0x0001cab0   0x00000088   Code   RO          866    i.conn_int_encode   ble_advdata.o
    0x0001cb38   0x0001cb38   0x00000008   Code   RO            9    i.conn_params_error_handler  main.o
    0x0001cb40   0x0001cb40   0x00000068   Code   RO         1060    i.conn_params_negotiation  ble_conn_params.o
    0x0001cba8   0x0001cba8   0x00000040   Code   RO         2300    i.elapsed_ticks_acquire  app_timer.o
    0x0001cbe8   0x0001cbe8   0x00000014   Code   RO         2227    i.fifo_get          app_fifo.o
    0x0001cbfc   0x0001cbfc   0x00000012   Code   RO         2228    i.fifo_put          app_fifo.o
    0x0001cc0e   0x0001cc0e   0x0000000e   Code   RO         2682    i.fputc             retarget.o
    0x0001cc1c   0x0001cc1c   0x00000018   Code   RO         2546    i.fs_queued_op_count_get  fstorage.o
    0x0001cc34   0x0001cc34   0x00000080   Code   RO         2907    i.intern_softdevice_events_execute  softdevice_handler.o
    0x0001ccb4   0x0001ccb4   0x000000ac   Code   RO         1948    i.irq_handler_twi   nrf_drv_twi.o
    0x0001cd60   0x0001cd60   0x0000001c   Code   RO         1061    i.is_conn_params_ok  ble_conn_params.o
    0x0001cd7c   0x0001cd7c   0x00000048   Code   RO         3047    i.is_manual_peripheral_setup_needed  system_nrf51.o
    0x0001cdc4   0x0001cdc4   0x00000040   Code   RO           11    i.led_gpio_init     main.o
    0x0001ce04   0x0001ce04   0x000000ac   Code   RO         2301    i.list_deletions_handler  app_timer.o
    0x0001ceb0   0x0001ceb0   0x000000bc   Code   RO         2302    i.list_insertions_handler  app_timer.o
    0x0001cf6c   0x0001cf6c   0x00000290   Code   RO           12    i.main              main.o
    0x0001d1fc   0x0001d1fc   0x00000068   Code   RO          867    i.manuf_specific_data_encode  ble_advdata.o
    0x0001d264   0x0001d264   0x0000009e   Code   RO          868    i.name_encode       ble_advdata.o
    0x0001d302   0x0001d302   0x00000010   Code   RO         1469    i.nrf_bitmask_bit_is_set  nrf_drv_gpiote.o
    0x0001d312   0x0001d312   0x00000010   Code   RO         1233    i.nrf_clock_event_check  nrf_drv_clock.o
    0x0001d322   0x0001d322   0x00000002   PAD
    0x0001d324   0x0001d324   0x00000034   Code   RO           13    i.nrf_delay_ms      main.o
    0x0001d358   0x0001d358   0x00000030   Code   RO          390    i.nrf_delay_us      eeprom.o
    0x0001d388   0x0001d388   0x00000030   Code   RO         1949    i.nrf_delay_us      nrf_drv_twi.o
    0x0001d3b8   0x0001d3b8   0x00000030   Code   RO         2303    i.nrf_delay_us      app_timer.o
    0x0001d3e8   0x0001d3e8   0x00000048   Code   RO         1240    i.nrf_drv_clock_init  nrf_drv_clock.o
    0x0001d430   0x0001d430   0x00000034   Code   RO         1247    i.nrf_drv_clock_on_sd_enable  nrf_drv_clock.o
    0x0001d464   0x0001d464   0x0000000c   Code   RO         1248    i.nrf_drv_clock_on_soc_event  nrf_drv_clock.o
    0x0001d470   0x0001d470   0x00000060   Code   RO         1424    i.nrf_drv_common_irq_enable  nrf_drv_common.o
    0x0001d4d0   0x0001d4d0   0x00000020   Code   RO         1952    i.nrf_drv_twi_enable  nrf_drv_twi.o
    0x0001d4f0   0x0001d4f0   0x00000088   Code   RO         1953    i.nrf_drv_twi_init  nrf_drv_twi.o
    0x0001d578   0x0001d578   0x00000024   Code   RO         1954    i.nrf_drv_twi_rx    nrf_drv_twi.o
    0x0001d59c   0x0001d59c   0x00000024   Code   RO         1957    i.nrf_drv_twi_tx    nrf_drv_twi.o
    0x0001d5c0   0x0001d5c0   0x00000028   Code   RO         1959    i.nrf_drv_twi_xfer  nrf_drv_twi.o
    0x0001d5e8   0x0001d5e8   0x00000080   Code   RO         1683    i.nrf_drv_uart_init  nrf_drv_uart.o
    0x0001d668   0x0001d668   0x0000005c   Code   RO         1684    i.nrf_drv_uart_rx   nrf_drv_uart.o
    0x0001d6c4   0x0001d6c4   0x0000002c   Code   RO         1687    i.nrf_drv_uart_rx_enable  nrf_drv_uart.o
    0x0001d6f0   0x0001d6f0   0x000000a8   Code   RO         1688    i.nrf_drv_uart_rx_for_uart  nrf_drv_uart.o
    0x0001d798   0x0001d798   0x00000034   Code   RO         1689    i.nrf_drv_uart_tx   nrf_drv_uart.o
    0x0001d7cc   0x0001d7cc   0x0000008c   Code   RO         1691    i.nrf_drv_uart_tx_for_uart  nrf_drv_uart.o
    0x0001d858   0x0001d858   0x00000018   Code   RO         1692    i.nrf_drv_uart_tx_in_progress  nrf_drv_uart.o
    0x0001d870   0x0001d870   0x00000028   Code   RO           14    i.nrf_gpio_cfg      main.o
    0x0001d898   0x0001d898   0x00000028   Code   RO         1694    i.nrf_gpio_cfg      nrf_drv_uart.o
    0x0001d8c0   0x0001d8c0   0x00000012   Code   RO           15    i.nrf_gpio_cfg_input  main.o
    0x0001d8d2   0x0001d8d2   0x00000012   Code   RO         1696    i.nrf_gpio_cfg_input  nrf_drv_uart.o
    0x0001d8e4   0x0001d8e4   0x00000014   Code   RO           16    i.nrf_gpio_cfg_output  main.o
    0x0001d8f8   0x0001d8f8   0x00000014   Code   RO         1697    i.nrf_gpio_cfg_output  nrf_drv_uart.o
    0x0001d90c   0x0001d90c   0x00000022   Code   RO          643    i.nrf_gpio_cfg_sense_set  bsp.o
    0x0001d92e   0x0001d92e   0x00000022   Code   RO         1491    i.nrf_gpio_cfg_sense_set  nrf_drv_gpiote.o
    0x0001d950   0x0001d950   0x00000010   Code   RO           17    i.nrf_gpio_pin_clear  main.o
    0x0001d960   0x0001d960   0x00000010   Code   RO           18    i.nrf_gpio_pin_read  main.o
    0x0001d970   0x0001d970   0x00000010   Code   RO           19    i.nrf_gpio_pin_set  main.o
    0x0001d980   0x0001d980   0x00000010   Code   RO         1960    i.nrf_gpio_pin_set  nrf_drv_twi.o
    0x0001d990   0x0001d990   0x00000018   Code   RO          509    i.nrf_gpio_pin_write  boards.o
    0x0001d9a8   0x0001d9a8   0x00000028   Code   RO         1492    i.nrf_gpio_ports_read  nrf_drv_gpiote.o
    0x0001d9d0   0x0001d9d0   0x00000010   Code   RO         1493    i.nrf_gpiote_event_clear  nrf_drv_gpiote.o
    0x0001d9e0   0x0001d9e0   0x00000014   Code   RO         1494    i.nrf_gpiote_event_is_set  nrf_drv_gpiote.o
    0x0001d9f4   0x0001d9f4   0x0000000a   Code   RO         1961    i.nrf_twi_event_check  nrf_drv_twi.o
    0x0001d9fe   0x0001d9fe   0x0000000a   Code   RO         1698    i.nrf_uart_event_check  nrf_drv_uart.o
    0x0001da08   0x0001da08   0x00000010   Code   RO         1699    i.nrf_uart_int_enable_check  nrf_drv_uart.o
    0x0001da18   0x0001da18   0x00000030   Code   RO           20    i.nus_data_handler  main.o
    0x0001da48   0x0001da48   0x00000020   Code   RO           21    i.on_adv_evt        main.o
    0x0001da68   0x0001da68   0x000000d0   Code   RO           22    i.on_ble_evt        main.o
    0x0001db38   0x0001db38   0x00000020   Code   RO           23    i.on_conn_params_evt  main.o
    0x0001db58   0x0001db58   0x00000080   Code   RO          391    i.read_EEPROM_data  eeprom.o
    0x0001dbd8   0x0001dbd8   0x00000058   Code   RO           24    i.read_mode         main.o
    0x0001dc30   0x0001dc30   0x00000044   Code   RO         2304    i.rtc1_stop         app_timer.o
    0x0001dc74   0x0001dc74   0x00000026   Code   RO         1700    i.rx_byte           nrf_drv_uart.o
    0x0001dc9a   0x0001dc9a   0x0000009e   Code   RO         1185    i.rx_char_add       ble_nus.o
    0x0001dd38   0x0001dd38   0x00000014   Code   RO         1701    i.rx_done_event     nrf_drv_uart.o
    0x0001dd4c   0x0001dd4c   0x0000001a   Code   RO         1702    i.rx_enable         nrf_drv_uart.o
    0x0001dd66   0x0001dd66   0x00000002   PAD
    0x0001dd68   0x0001dd68   0x00000084   Code   RO         2909    i.sd_nvic_EnableIRQ  softdevice_handler.o
    0x0001ddec   0x0001ddec   0x0000008e   Code   RO          869    i.service_data_encode  ble_advdata.o
    0x0001de7a   0x0001de7a   0x00000002   PAD
    0x0001de7c   0x0001de7c   0x00000058   Code   RO          959    i.set_adv_mode_fast  ble_advertising.o
    0x0001ded4   0x0001ded4   0x00000054   Code   RO          960    i.set_adv_mode_slow  ble_advertising.o
    0x0001df28   0x0001df28   0x00000028   Code   RO           25    i.sleep_mode_enter  main.o
    0x0001df50   0x0001df50   0x00000014   Code   RO         2910    i.softdevice_ble_evt_handler_set  softdevice_handler.o
    0x0001df64   0x0001df64   0x00000014   Code   RO         2911    i.softdevice_enable  softdevice_handler.o
    0x0001df78   0x0001df78   0x00000028   Code   RO         2912    i.softdevice_enable_get_default_config  softdevice_handler.o
    0x0001dfa0   0x0001dfa0   0x00000008   Code   RO         2913    i.softdevice_fault_handler  softdevice_handler.o
    0x0001dfa8   0x0001dfa8   0x00000058   Code   RO         2914    i.softdevice_handler_init  softdevice_handler.o
    0x0001e000   0x0001e000   0x0000000c   Code   RO         2915    i.softdevice_handler_is_enabled  softdevice_handler.o
    0x0001e00c   0x0001e00c   0x00000084   Code   RO         2305    i.timer_list_handler  app_timer.o
    0x0001e090   0x0001e090   0x00000010   Code   RO         2306    i.timer_list_handler_sched  app_timer.o
    0x0001e0a0   0x0001e0a0   0x00000040   Code   RO         2307    i.timer_list_insert  app_timer.o
    0x0001e0e0   0x0001e0e0   0x00000048   Code   RO         2308    i.timer_stop_op_schedule  app_timer.o
    0x0001e128   0x0001e128   0x00000080   Code   RO         2309    i.timer_timeouts_check  app_timer.o
    0x0001e1a8   0x0001e1a8   0x00000098   Code   RO         1962    i.twi_clear_bus     nrf_drv_twi.o
    0x0001e240   0x0001e240   0x00000020   Code   RO          392    i.twi_handler       eeprom.o
    0x0001e260   0x0001e260   0x0000003c   Code   RO          393    i.twi_init          eeprom.o
    0x0001e29c   0x0001e29c   0x00000020   Code   RO         1963    i.twi_process_error  nrf_drv_twi.o
    0x0001e2bc   0x0001e2bc   0x000000a0   Code   RO         1964    i.twi_rx_start_transfer  nrf_drv_twi.o
    0x0001e35c   0x0001e35c   0x0000002e   Code   RO         1965    i.twi_send_byte     nrf_drv_twi.o
    0x0001e38a   0x0001e38a   0x00000108   Code   RO         1966    i.twi_transfer      nrf_drv_twi.o
    0x0001e492   0x0001e492   0x00000002   PAD
    0x0001e494   0x0001e494   0x0000009c   Code   RO         1967    i.twi_tx_start_transfer  nrf_drv_twi.o
    0x0001e530   0x0001e530   0x0000008c   Code   RO         1968    i.twi_xfer          nrf_drv_twi.o
    0x0001e5bc   0x0001e5bc   0x0000001e   Code   RO         1703    i.tx_byte           nrf_drv_uart.o
    0x0001e5da   0x0001e5da   0x00000080   Code   RO         1186    i.tx_char_add       ble_nus.o
    0x0001e65a   0x0001e65a   0x00000018   Code   RO         1704    i.tx_done_event     nrf_drv_uart.o
    0x0001e672   0x0001e672   0x00000002   PAD
    0x0001e674   0x0001e674   0x00000060   Code   RO           26    i.uart_event_handle  main.o
    0x0001e6d4   0x0001e6d4   0x000000a8   Code   RO         2436    i.uart_event_handler  app_uart_fifo.o
    0x0001e77c   0x0001e77c   0x00000128   Code   RO         1705    i.uart_irq_handler  nrf_drv_uart.o
    0x0001e8a4   0x0001e8a4   0x0000000a   Code   RO          870    i.uint16_encode     ble_advdata.o
    0x0001e8ae   0x0001e8ae   0x00000002   PAD
    0x0001e8b0   0x0001e8b0   0x00000064   Code   RO         1062    i.update_timeout_handler  ble_conn_params.o
    0x0001e914   0x0001e914   0x0000002c   Code   RO         2310    i.user_op_alloc     app_timer.o
    0x0001e940   0x0001e940   0x00000030   Code   RO          871    i.uuid_list_encode  ble_advdata.o
    0x0001e970   0x0001e970   0x000000ae   Code   RO          872    i.uuid_list_sized_encode  ble_advdata.o
    0x0001ea1e   0x0001ea1e   0x00000002   PAD
    0x0001ea20   0x0001ea20   0x00000018   Code   RO          961    i.whitelist_has_entries  ble_advertising.o
    0x0001ea38   0x0001ea38   0x00000050   Code   RO          394    i.write_EEPROM_data  eeprom.o
    0x0001ea88   0x0001ea88   0x00000184   Code   RO           27    i.write_mode        main.o
    0x0001ec0c   0x0001ec0c   0x0000001c   Data   RO           29    .constdata          main.o
    0x0001ec28   0x0001ec28   0x00000018   Data   RO          395    .constdata          eeprom.o
    0x0001ec40   0x0001ec40   0x00000008   Data   RO          510    .constdata          boards.o
    0x0001ec48   0x0001ec48   0x0000002c   Data   RO          648    .constdata          bsp.o
    0x0001ec74   0x0001ec74   0x00000004   Data   RO         1065    .constdata          ble_conn_params.o
    0x0001ec78   0x0001ec78   0x00000010   Data   RO         1187    .constdata          ble_nus.o
    0x0001ec88   0x0001ec88   0x00000004   Data   RO         1498    .constdata          nrf_drv_gpiote.o
    0x0001ec8c   0x0001ec8c   0x0000000c   Data   RO         1973    .constdata          nrf_drv_twi.o
    0x0001ec98   0x0001ec98   0x00000020   Data   RO         2438    .constdata          app_uart_fifo.o
    0x0001ecb8   0x0001ecb8   0x00000020   Data   RO         3395    Region$$Table       anon$$obj.o


    Execution Region RW_IRAM1 (Exec base: 0x20001fe8, Load base: 0x0001ecd8, Size: 0x00000f48, Max: 0x00002790, ABSOLUTE)

    Exec Addr    Load Addr    Size         Type   Attr      Idx    E Section Name        Object

    0x20001fe8   0x0001ecd8   0x0000000c   Data   RW           30    .data               main.o
    0x20001ff4   0x0001ece4   0x00000002   Data   RW          396    .data               eeprom.o
    0x20001ff6   0x0001ece6   0x00000002   PAD
    0x20001ff8   0x0001ece8   0x00000014   Data   RW          649    .data               bsp.o
    0x2000200c   0x0001ecfc   0x00000008   Data   RW          754    .data               bsp_btn_ble.o
    0x20002014   0x0001ed04   0x00000030   Data   RW          965    .data               ble_advertising.o
    0x20002044   0x0001ed34   0x00000014   Data   RW         1066    .data               ble_conn_params.o
    0x20002058   0x0001ed48   0x00000020   Data   RW         2311    .data               app_timer.o
    0x20002078   0x0001ed68   0x00000010   Data   RW         2439    .data               app_uart_fifo.o
    0x20002088   0x0001ed78   0x0000000c   Data   RW         2497    .data               app_util_platform.o
    0x20002094   0x0001ed84   0x00000004   Data   RW         2683    .data               retarget.o
    0x20002098   0x0001ed88   0x00000014   Data   RW         2921    .data               softdevice_handler.o
    0x200020ac   0x0001ed9c   0x00000004   Data   RW         3048    .data               system_nrf51.o
    0x200020b0        -       0x000002f0   Zero   RW           28    .bss                main.o
    0x200023a0        -       0x00000020   Zero   RW          644    .bss                bsp.o
    0x200023c0        -       0x00000020   Zero   RW          645    .bss                bsp.o
    0x200023e0        -       0x0000000c   Zero   RW          646    .bss                bsp.o
    0x200023ec        -       0x00000020   Zero   RW          647    .bss                bsp.o
    0x2000240c        -       0x0000016b   Zero   RW          962    .bss                ble_advertising.o
    0x20002577   0x0001eda0   0x00000001   PAD
    0x20002578        -       0x00000020   Zero   RW          963    .bss                ble_advertising.o
    0x20002598        -       0x00000020   Zero   RW          964    .bss                ble_advertising.o
    0x200025b8        -       0x00000020   Zero   RW         1063    .bss                ble_conn_params.o
    0x200025d8        -       0x0000001c   Zero   RW         1064    .bss                ble_conn_params.o
    0x200025f4        -       0x00000014   Zero   RW         1250    .bss                nrf_drv_clock.o
    0x20002608        -       0x00000048   Zero   RW         1497    .bss                nrf_drv_gpiote.o
    0x20002650        -       0x0000001c   Zero   RW         1706    .bss                nrf_drv_uart.o
    0x2000266c        -       0x00000014   Zero   RW         1868    .bss                nrf_drv_adc.o
    0x20002680        -       0x00000028   Zero   RW         1969    .bss                nrf_drv_twi.o
    0x200026a8        -       0x00000020   Zero   RW         2437    .bss                app_uart_fifo.o
    0x200026c8        -       0x00000068   Zero   RW         2555    .bss                fstorage.o
    0x20002730        -       0x00000800   Zero   RW         3036    STACK               arm_startup_nrf51.o


==============================================================================

Image component sizes


      Code (inc. data)   RO Data    RW Data    ZI Data      Debug   Object Name

        24          4          0          0          0       2201   app_error.o
        28         10          0          0          0       7090   app_error_weak.o
       122          0          0          0          0       4774   app_fifo.o
      1612        158          0         32          0      42479   app_timer.o
       464         44         32         16         32      12174   app_uart_fifo.o
       104         20          0         12          0       6378   app_util_platform.o
        56         18        192          0       2048        696   arm_startup_nrf51.o
      1368          6          0          0          0      37276   ble_advdata.o
      1000         62          0         48        427      14860   ble_advertising.o
       460         60          4         20         60       6544   ble_conn_params.o
       566         12         16          0          0       6534   ble_nus.o
        14          0          0          0          0       1402   ble_srv_common.o
       212         46          8          0          0      12017   boards.o
       708         60         44         20        108      31460   bsp.o
       214          6          0          8          0      36934   bsp_btn_ble.o
       480         72         24          2          0      17848   eeprom.o
        24          6          0          0        104       3760   fstorage.o
      2286        324         28         12        752     125355   main.o
       192         34          0          0         20       7549   nrf_drv_adc.o
       276         38          0          0         20      17692   nrf_drv_clock.o
        96         18          0          0          0       9020   nrf_drv_common.o
       518         34          4          0         72      19028   nrf_drv_gpiote.o
      1496         78         12          0         40      30174   nrf_drv_twi.o
      1338         52          0          0         28      30114   nrf_drv_uart.o
        14          0          0          4          0       2822   retarget.o
       508         66          0         20          0      21299   softdevice_handler.o
       232         36          0          4          0       2335   system_nrf51.o

    ----------------------------------------------------------------------
     14434       1264        396        200       3712     509815   Object Totals
         0          0         32          0          0          0   (incl. Generated)
        22          0          0          2          1          0   (incl. Padding)

    ----------------------------------------------------------------------

      Code (inc. data)   RO Data    RW Data    ZI Data      Debug   Library Member Name

         0          0          0          0          0          0   entry.o
         0          0          0          0          0          0   entry10a.o
         0          0          0          0          0          0   entry11a.o
         8          4          0          0          0          0   entry2.o
         4          0          0          0          0          0   entry5.o
         0          0          0          0          0          0   entry7b.o
         0          0          0          0          0          0   entry8b.o
         8          4          0          0          0          0   entry9a.o
        30          0          0          0          0          0   handlers.o
        36          8          0          0          0         68   init.o
        36          0          0          0          0         60   memcpya.o
        36          0          0          0          0        100   memseta.o
       542         16          0          0          0        312   printf3.o
        44          0          0          0          0         72   uidiv.o

    ----------------------------------------------------------------------
       746         32          0          0          0        612   Library Totals
         2          0          0          0          0          0   (incl. Padding)

    ----------------------------------------------------------------------

      Code (inc. data)   RO Data    RW Data    ZI Data      Debug   Library Name

       744         32          0          0          0        612   mc_p.l

    ----------------------------------------------------------------------
       746         32          0          0          0        612   Library Totals

    ----------------------------------------------------------------------

==============================================================================


      Code (inc. data)   RO Data    RW Data    ZI Data      Debug   

     15180       1296        396        200       3712     502835   Grand Totals
     15180       1296        396        200       3712     502835   ELF Image Totals
     15180       1296        396        200          0          0   ROM Totals

==============================================================================

    Total RO  Size (Code + RO Data)                15576 (  15.21kB)
    Total RW  Size (RW Data + ZI Data)              3912 (   3.82kB)
    Total ROM Size (Code + RO Data + RW Data)      15776 (  15.41kB)

==============================================================================

