Component: ARM Compiler 5.06 update 6 (build 750) Tool: armlink [4d35ed]

==============================================================================

Section Cross References

    main.o(i.adc_start) refers to main.o(i.__sd_nvic_app_accessible_irq) for __sd_nvic_app_accessible_irq
    main.o(i.adc_start) refers to app_error.o(i.app_error_handler_bare) for app_error_handler_bare
    main.o(i.adc_start) refers to app_util_platform.o(.data) for nrf_nvic_state
    main.o(i.assert_nrf_callback) refers to app_error.o(i.app_error_handler) for app_error_handler
    main.o(i.ble_evt_dispatch) refers to ble_conn_params.o(i.ble_conn_params_on_ble_evt) for ble_conn_params_on_ble_evt
    main.o(i.ble_evt_dispatch) refers to ble_nus.o(i.ble_nus_on_ble_evt) for ble_nus_on_ble_evt
    main.o(i.ble_evt_dispatch) refers to main.o(i.on_ble_evt) for on_ble_evt
    main.o(i.ble_evt_dispatch) refers to ble_advertising.o(i.ble_advertising_on_ble_evt) for ble_advertising_on_ble_evt
    main.o(i.ble_evt_dispatch) refers to bsp_btn_ble.o(i.bsp_btn_ble_on_ble_evt) for bsp_btn_ble_on_ble_evt
    main.o(i.ble_evt_dispatch) refers to main.o(.bss) for .bss
    main.o(i.bsp_event_handler) refers to main.o(i.sleep_mode_enter) for sleep_mode_enter
    main.o(i.bsp_event_handler) refers to app_error.o(i.app_error_handler_bare) for app_error_handler_bare
    main.o(i.bsp_event_handler) refers to ble_advertising.o(i.ble_advertising_restart_without_whitelist) for ble_advertising_restart_without_whitelist
    main.o(i.bsp_event_handler) refers to main.o(.data) for .data
    main.o(i.button_active) refers to main.o(i.nrf_gpio_pin_read) for nrf_gpio_pin_read
    main.o(i.button_active) refers to main.o(i.nrf_gpio_pin_clear) for nrf_gpio_pin_clear
    main.o(i.button_active) refers to main.o(i.nrf_delay_ms) for nrf_delay_ms
    main.o(i.button_active) refers to main.o(i.nrf_gpio_pin_set) for nrf_gpio_pin_set
    main.o(i.button_active) refers to main.o(.data) for .data
    main.o(i.conn_params_error_handler) refers to app_error.o(i.app_error_handler_bare) for app_error_handler_bare
    main.o(i.get_battery_value) refers to main.o(i.adc_start) for adc_start
    main.o(i.get_battery_value) refers to ble_nus.o(i.ble_nus_string_send) for ble_nus_string_send
    main.o(i.get_battery_value) refers to main.o(i.nrf_delay_ms) for nrf_delay_ms
    main.o(i.get_battery_value) refers to main.o(.bss) for .bss
    main.o(i.led_gpio_init) refers to main.o(i.nrf_gpio_cfg) for nrf_gpio_cfg
    main.o(i.led_gpio_init) refers to main.o(i.nrf_gpio_pin_clear) for nrf_gpio_pin_clear
    main.o(i.main) refers to main.o(i.led_gpio_init) for led_gpio_init
    main.o(i.main) refers to main.o(i.nrf_gpio_cfg_input) for nrf_gpio_cfg_input
    main.o(i.main) refers to eeprom.o(i.twi_init) for twi_init
    main.o(i.main) refers to app_timer.o(i.app_timer_init) for app_timer_init
    main.o(i.main) refers to app_error.o(i.app_error_handler_bare) for app_error_handler_bare
    main.o(i.main) refers to softdevice_handler.o(i.softdevice_handler_init) for softdevice_handler_init
    main.o(i.main) refers to softdevice_handler.o(i.softdevice_enable_get_default_config) for softdevice_enable_get_default_config
    main.o(i.main) refers to softdevice_handler.o(i.softdevice_enable) for softdevice_enable
    main.o(i.main) refers to softdevice_handler.o(i.softdevice_ble_evt_handler_set) for softdevice_ble_evt_handler_set
    main.o(i.main) refers to ble_nus.o(i.ble_nus_init) for ble_nus_init
    main.o(i.main) refers to memseta.o(.text) for __aeabi_memclr4
    main.o(i.main) refers to ble_advertising.o(i.ble_advertising_init) for ble_advertising_init
    main.o(i.main) refers to ble_conn_params.o(i.ble_conn_params_init) for ble_conn_params_init
    main.o(i.main) refers to ble_advertising.o(i.ble_advertising_start) for ble_advertising_start
    main.o(i.main) refers to main.o(i.button_active) for button_active
    main.o(i.main) refers to main.o(i.update_device_status) for update_device_status
    main.o(i.main) refers to main.o(i.power_manage) for power_manage
    main.o(i.main) refers to main.o(i.nrf_gpio_pin_set) for nrf_gpio_pin_set
    main.o(i.main) refers to main.o(i.nrf_gpio_pin_clear) for nrf_gpio_pin_clear
    main.o(i.main) refers to main.o(i.write_mode) for write_mode
    main.o(i.main) refers to main.o(i.read_mode) for read_mode
    main.o(i.main) refers to main.o(i.nrf_delay_ms) for nrf_delay_ms
    main.o(i.main) refers to main.o(.bss) for .bss
    main.o(i.main) refers to main.o(.constdata) for .constdata
    main.o(i.main) refers to main.o(i.ble_evt_dispatch) for ble_evt_dispatch
    main.o(i.main) refers to main.o(i.nus_data_handler) for nus_data_handler
    main.o(i.main) refers to main.o(.data) for .data
    main.o(i.main) refers to main.o(i.on_adv_evt) for on_adv_evt
    main.o(i.main) refers to main.o(i.on_conn_params_evt) for on_conn_params_evt
    main.o(i.main) refers to main.o(i.conn_params_error_handler) for conn_params_error_handler
[...]
    Removing app_uart_fifo.o(.bss), (32 bytes).
    Removing app_uart_fifo.o(.constdata), (32 bytes).
    Removing app_uart_fifo.o(.data), (16 bytes).
    Removing nrf_log_backend_serial.o(.rev16_text), (4 bytes).
    Removing nrf_log_backend_serial.o(.revsh_text), (4 bytes).
    Removing nrf_log_frontend.o(.rev16_text), (4 bytes).
    Removing nrf_log_frontend.o(.revsh_text), (4 bytes).
    Removing segger_rtt.o(.rev16_text), (4 bytes).
    Removing segger_rtt.o(.revsh_text), (4 bytes).
    Removing segger_rtt.o(i.SEGGER_RTT_ConfigDownBuffer), (92 bytes).
    Removing segger_rtt.o(i.SEGGER_RTT_ConfigUpBuffer), (92 bytes).
    Removing segger_rtt.o(i.SEGGER_RTT_GetKey), (28 bytes).
    Removing segger_rtt.o(i.SEGGER_RTT_HasData), (20 bytes).
    Removing segger_rtt.o(i.SEGGER_RTT_HasKey), (36 bytes).
    Removing segger_rtt.o(i.SEGGER_RTT_Init), (20 bytes).
    Removing segger_rtt.o(i.SEGGER_RTT_Read), (44 bytes).
    Removing segger_rtt.o(i.SEGGER_RTT_ReadNoLock), (128 bytes).
    Removing segger_rtt.o(i.SEGGER_RTT_SetNameDownBuffer), (68 bytes).
    Removing segger_rtt.o(i.SEGGER_RTT_SetNameUpBuffer), (68 bytes).
    Removing segger_rtt.o(i.SEGGER_RTT_SetTerminal), (132 bytes).
    Removing segger_rtt.o(i.SEGGER_RTT_TerminalOut), (176 bytes).
    Removing segger_rtt.o(i.SEGGER_RTT_WaitKey), (12 bytes).
    Removing segger_rtt.o(i.SEGGER_RTT_Write), (60 bytes).
    Removing segger_rtt.o(i.SEGGER_RTT_WriteNoLock), (92 bytes).
    Removing segger_rtt.o(i.SEGGER_RTT_WriteSkipNoLock), (108 bytes).
    Removing segger_rtt.o(i.SEGGER_RTT_WriteString), (24 bytes).
    Removing segger_rtt.o(i._DoInit), (104 bytes).
    Removing segger_rtt.o(i._GetAvailWriteSpace), (22 bytes).
    Removing segger_rtt.o(i._PostTerminalSwitch), (32 bytes).
    Removing segger_rtt.o(i._WriteBlocking), (96 bytes).
    Removing segger_rtt.o(i._WriteNoCheck), (60 bytes).
    Removing segger_rtt.o(.bss), (200 bytes).
    Removing segger_rtt.o(.data), (17 bytes).
    Removing softdevice_handler.o(.rev16_text), (4 bytes).
    Removing softdevice_handler.o(.revsh_text), (4 bytes).
    Removing softdevice_handler.o(i.sd_check_ram_start), (16 bytes).
    Removing softdevice_handler.o(i.softdevice_handler_is_suspended), (12 bytes).
    Removing softdevice_handler.o(i.softdevice_handler_resume), (68 bytes).
    Removing softdevice_handler.o(i.softdevice_handler_sd_disable), (24 bytes).
    Removing softdevice_handler.o(i.softdevice_handler_suspend), (68 bytes).
    Removing softdevice_handler.o(i.softdevice_sys_evt_handler_set), (20 bytes).
    Removing arm_startup_nrf51.o(HEAP), (2048 bytes).
    Removing system_nrf51.o(.rev16_text), (4 bytes).
    Removing system_nrf51.o(.revsh_text), (4 bytes).
    Removing system_nrf51.o(i.SystemCoreClockUpdate), (16 bytes).

282 unused section(s) (total 13149 bytes) removed from the image.

==============================================================================

Image Symbol Table

    Local Symbols

    Symbol Name                              Value     Ov Type        Size  Object(Section)

    ../clib/microlib/division.c              0x00000000   Number         0  uidiv.o ABSOLUTE
    ../clib/microlib/init/entry.s            0x00000000   Number         0  entry10a.o ABSOLUTE
    ../clib/microlib/init/entry.s            0x00000000   Number         0  entry10b.o ABSOLUTE
    ../clib/microlib/init/entry.s            0x00000000   Number         0  entry11a.o ABSOLUTE
    ../clib/microlib/init/entry.s            0x00000000   Number         0  entry2.o ABSOLUTE
    ../clib/microlib/init/entry.s            0x00000000   Number         0  entry11b.o ABSOLUTE
    ../clib/microlib/init/entry.s            0x00000000   Number         0  entry7a.o ABSOLUTE
    ../clib/microlib/init/entry.s            0x00000000   Number         0  entry5.o ABSOLUTE
    ../clib/microlib/init/entry.s            0x00000000   Number         0  entry7b.o ABSOLUTE
    ../clib/microlib/init/entry.s            0x00000000   Number         0  entry8a.o ABSOLUTE
    ../clib/microlib/init/entry.s            0x00000000   Number         0  entry8b.o ABSOLUTE
    ../clib/microlib/init/entry.s            0x00000000   Number         0  entry9a.o ABSOLUTE
    ../clib/microlib/init/entry.s            0x00000000   Number         0  entry.o ABSOLUTE
    ../clib/microlib/init/entry.s            0x00000000   Number         0  entry9b.o ABSOLUTE
    ../clib/microlib/string/memcpy.c         0x00000000   Number         0  memcpya.o ABSOLUTE
    ../clib/microlib/string/memcpy.c         0x00000000   Number         0  memcpyb.o ABSOLUTE
    ../clib/microlib/string/memset.c         0x00000000   Number         0  memseta.o ABSOLUTE
    ../clib/microlib/string/strcpy.c         0x00000000   Number         0  strcpy.o ABSOLUTE
    ../clib/microlib/string/strlen.c         0x00000000   Number         0  strlen.o ABSOLUTE
    ..\..\..\..\..\..\components\ble\ble_advertising\ble_advertising.c 0x00000000   Number         0  ble_advertising.o ABSOLUTE
    ..\..\..\..\..\..\components\ble\ble_services\ble_nus\ble_nus.c 0x00000000   Number         0  ble_nus.o ABSOLUTE
    ..\..\..\..\..\..\components\ble\common\ble_advdata.c 0x00000000   Number         0  ble_advdata.o ABSOLUTE
    ..\..\..\..\..\..\components\ble\common\ble_conn_params.c 0x00000000   Number         0  ble_conn_params.o ABSOLUTE
    ..\..\..\..\..\..\components\ble\common\ble_srv_common.c 0x00000000   Number         0  ble_srv_common.o ABSOLUTE
    ..\..\..\..\..\..\components\boards\boards.c 0x00000000   Number         0  boards.o ABSOLUTE
    ..\..\..\..\..\..\components\drivers_nrf\adc\nrf_drv_adc.c 0x00000000   Number         0  nrf_drv_adc.o ABSOLUTE
    ..\..\..\..\..\..\components\drivers_nrf\clock\nrf_drv_clock.c 0x00000000   Number         0  nrf_drv_clock.o ABSOLUTE
    ..\..\..\..\..\..\components\drivers_nrf\common\nrf_drv_common.c 0x00000000   Number         0  nrf_drv_common.o ABSOLUTE
    ..\..\..\..\..\..\components\drivers_nrf\gpiote\nrf_drv_gpiote.c 0x00000000   Number         0  nrf_drv_gpiote.o ABSOLUTE
    ..\..\..\..\..\..\components\drivers_nrf\twi_master\nrf_drv_twi.c 0x00000000   Number         0  nrf_drv_twi.o ABSOLUTE
    ..\..\..\..\..\..\components\drivers_nrf\uart\nrf_drv_uart.c 0x00000000   Number         0  nrf_drv_uart.o ABSOLUTE
    ..\..\..\..\..\..\components\libraries\bsp\bsp.c 0x00000000   Number         0  bsp.o ABSOLUTE
    ..\..\..\..\..\..\components\libraries\bsp\bsp_btn_ble.c 0x00000000   Number         0  bsp_btn_ble.o ABSOLUTE
    ..\..\..\..\..\..\components\libraries\bsp\bsp_nfc.c 0x00000000   Number         0  bsp_nfc.o ABSOLUTE
    ..\..\..\..\..\..\components\libraries\button\app_button.c 0x00000000   Number         0  app_button.o ABSOLUTE
    ..\..\..\..\..\..\components\libraries\fifo\app_fifo.c 0x00000000   Number         0  app_fifo.o ABSOLUTE
    ..\..\..\..\..\..\components\libraries\fstorage\fstorage.c 0x00000000   Number         0  fstorage.o ABSOLUTE
    ..\..\..\..\..\..\components\libraries\hardfault\hardfault_implementation.c 0x00000000   Number         0  hardfault_implementation.o ABSOLUTE
    ..\..\..\..\..\..\components\libraries\log\src\nrf_log_backend_serial.c 0x00000000   Number         0  nrf_log_backend_serial.o ABSOLUTE
    ..\..\..\..\..\..\components\libraries\log\src\nrf_log_frontend.c 0x00000000   Number         0  nrf_log_frontend.o ABSOLUTE
    ..\..\..\..\..\..\components\libraries\timer\app_timer.c 0x00000000   Number         0  app_timer.o ABSOLUTE
    ..\..\..\..\..\..\components\libraries\uart\app_uart_fifo.c 0x00000000   Number         0  app_uart_fifo.o ABSOLUTE
    ..\..\..\..\..\..\components\libraries\uart\retarget.c 0x00000000   Number         0  retarget.o ABSOLUTE
    ..\..\..\..\..\..\components\libraries\util\app_error.c 0x00000000   Number         0  app_error.o ABSOLUTE
    ..\..\..\..\..\..\components\libraries\util\app_error_weak.c 0x00000000   Number         0  app_error_weak.o ABSOLUTE
    ..\..\..\..\..\..\components\libraries\util\app_util_platform.c 0x00000000   Number         0  app_util_platform.o ABSOLUTE
    ..\..\..\..\..\..\components\libraries\util\nrf_assert.c 0x00000000   Number         0  nrf_assert.o ABSOLUTE
    ..\..\..\..\..\..\components\libraries\util\sdk_errors.c 0x00000000   Number         0  sdk_errors.o ABSOLUTE
    ..\..\..\..\..\..\components\softdevice\common\softdevice_handler\softdevice_handler.c 0x00000000   Number         0  softdevice_handler.o ABSOLUTE
    ..\..\..\..\..\..\external\segger_rtt\RTT_Syscalls_KEIL.c 0x00000000   Number         0  rtt_syscalls_keil.o ABSOLUTE
    ..\..\..\..\..\..\external\segger_rtt\SEGGER_RTT.c 0x00000000   Number         0  segger_rtt.o ABSOLUTE
    ..\..\..\..\..\..\external\segger_rtt\SEGGER_RTT_printf.c 0x00000000   Number         0  segger_rtt_printf.o ABSOLUTE
    ..\..\..\eeprom.c                        0x00000000   Number         0  eeprom.o ABSOLUTE
    ..\..\..\main.c                          0x00000000   Number         0  main.o ABSOLUTE
    ..\\..\\..\\..\\..\\..\\components\\ble\\ble_advertising\\ble_advertising.c 0x00000000   Number         0  ble_advertising.o ABSOLUTE
    ..\\..\\..\\..\\..\\..\\components\\ble\\ble_services\\ble_nus\\ble_nus.c 0x00000000   Number         0  ble_nus.o ABSOLUTE
    ..\\..\\..\\..\\..\\..\\components\\ble\\common\\ble_advdata.c 0x00000000   Number         0  ble_advdata.o ABSOLUTE
    ..\\..\\..\\..\\..\\..\\components\\ble\\common\\ble_conn_params.c 0x00000000   Number         0  ble_conn_params.o ABSOLUTE
    ..\\..\\..\\..\\..\\..\\components\\ble\\common\\ble_srv_common.c 0x00000000   Number         0  ble_srv_common.o ABSOLUTE
    ..\\..\\..\\..\\..\\..\\components\\boards\\boards.c 0x00000000   Number         0  boards.o ABSOLUTE
    ..\\..\\..\\..\\..\\..\\components\\drivers_nrf\\adc\\nrf_drv_adc.c 0x00000000   Number         0  nrf_drv_adc.o ABSOLUTE
    ..\\..\\..\\..\\..\\..\\components\\drivers_nrf\\clock\\nrf_drv_clock.c 0x00000000   Number         0  nrf_drv_clock.o ABSOLUTE
    ..\\..\\..\\..\\..\\..\\components\\drivers_nrf\\common\\nrf_drv_common.c 0x00000000   Number         0  nrf_drv_common.o ABSOLUTE
    ..\\..\\..\\..\\..\\..\\components\\drivers_nrf\\gpiote\\nrf_drv_gpiote.c 0x00000000   Number         0  nrf_drv_gpiote.o ABSOLUTE
    ..\\..\\..\\..\\..\\..\\components\\drivers_nrf\\twi_master\\nrf_drv_twi.c 0x00000000   Number         0  nrf_drv_twi.o ABSOLUTE
    ..\\..\\..\\..\\..\\..\\components\\drivers_nrf\\uart\\nrf_drv_uart.c 0x00000000   Number         0  nrf_drv_uart.o ABSOLUTE
    ..\\..\\..\\..\\..\\..\\components\\libraries\\bsp\\bsp.c 0x00000000   Number         0  bsp.o ABSOLUTE
    ..\\..\\..\\..\\..\\..\\components\\libraries\\bsp\\bsp_btn_ble.c 0x00000000   Number         0  bsp_btn_ble.o ABSOLUTE
    ..\\..\\..\\..\\..\\..\\components\\libraries\\bsp\\bsp_nfc.c 0x00000000   Number         0  bsp_nfc.o ABSOLUTE
    ..\\..\\..\\..\\..\\..\\components\\libraries\\button\\app_button.c 0x00000000   Number         0  app_button.o ABSOLUTE
    ..\\..\\..\\..\\..\\..\\components\\libraries\\fifo\\app_fifo.c 0x00000000   Number         0  app_fifo.o ABSOLUTE
    ..\\..\\..\\..\\..\\..\\components\\libraries\\fstorage\\fstorage.c 0x00000000   Number         0  fstorage.o ABSOLUTE
    ..\\..\\..\\..\\..\\..\\components\\libraries\\hardfault\\hardfault_implementation.c 0x00000000   Number         0  hardfault_implementation.o ABSOLUTE
    ..\\..\\..\\..\\..\\..\\components\\libraries\\log\\src\\nrf_log_backend_serial.c 0x00000000   Number         0  nrf_log_backend_serial.o ABSOLUTE
    ..\\..\\..\\..\\..\\..\\components\\libraries\\log\\src\\nrf_log_frontend.c 0x00000000   Number         0  nrf_log_frontend.o ABSOLUTE
    ..\\..\\..\\..\\..\\..\\components\\libraries\\timer\\app_timer.c 0x00000000   Number         0  app_timer.o ABSOLUTE
    ..\\..\\..\\..\\..\\..\\components\\libraries\\uart\\app_uart_fifo.c 0x00000000   Number         0  app_uart_fifo.o ABSOLUTE
    ..\\..\\..\\..\\..\\..\\components\\libraries\\uart\\retarget.c 0x00000000   Number         0  retarget.o ABSOLUTE
    ..\\..\\..\\..\\..\\..\\components\\libraries\\util\\app_error.c 0x00000000   Number         0  app_error.o ABSOLUTE
    ..\\..\\..\\..\\..\\..\\components\\libraries\\util\\app_error_weak.c 0x00000000   Number         0  app_error_weak.o ABSOLUTE
    ..\\..\\..\\..\\..\\..\\components\\libraries\\util\\app_util_platform.c 0x00000000   Number         0  app_util_platform.o ABSOLUTE
    ..\\..\\..\\..\\..\\..\\components\\libraries\\util\\nrf_assert.c 0x00000000   Number         0  nrf_assert.o ABSOLUTE
    ..\\..\\..\\..\\..\\..\\components\\softdevice\\common\\softdevice_handler\\softdevice_handler.c 0x00000000   Number         0  softdevice_handler.o ABSOLUTE
    ..\\..\\..\\..\\..\\..\\external\\segger_rtt\\SEGGER_RTT.c 0x00000000   Number         0  segger_rtt.o ABSOLUTE
    ..\\..\\..\\eeprom.c                     0x00000000   Number         0  eeprom.o ABSOLUTE
    ..\\..\\..\\main.c                       0x00000000   Number         0  main.o ABSOLUTE
    RTE\Device\nRF51822_xxAA\arm_startup_nrf51.s 0x00000000   Number         0  arm_startup_nrf51.o ABSOLUTE
    RTE\Device\nRF51822_xxAA\system_nrf51.c  0x00000000   Number         0  system_nrf51.o ABSOLUTE
    RTE\\Device\\nRF51822_xxAA\\system_nrf51.c 0x00000000   Number         0  system_nrf51.o ABSOLUTE
    dc.s                                     0x00000000   Number         0  dc.o ABSOLUTE
    handlers.s                               0x00000000   Number         0  handlers.o ABSOLUTE
    init.s                                   0x00000000   Number         0  init.o ABSOLUTE
    RESET                                    0x0001b000   Section      192  arm_startup_nrf51.o(RESET)
    .ARM.Collect$$$$00000000                 0x0001b0c0   Section        0  entry.o(.ARM.Collect$$$$00000000)
    .ARM.Collect$$$$00000001                 0x0001b0c0   Section        4  entry2.o(.ARM.Collect$$$$00000001)
    .ARM.Collect$$$$00000004                 0x0001b0c4   Section        4  entry5.o(.ARM.Collect$$$$00000004)
    .ARM.Collect$$$$00000008                 0x0001b0c8   Section        0  entry7b.o(.ARM.Collect$$$$00000008)
    .ARM.Collect$$$$0000000A                 0x0001b0c8   Section        0  entry8b.o(.ARM.Collect$$$$0000000A)
    .ARM.Collect$$$$0000000B                 0x0001b0c8   Section        8  entry9a.o(.ARM.Collect$$$$0000000B)
    .ARM.Collect$$$$0000000D                 0x0001b0d0   Section        0  entry10a.o(.ARM.Collect$$$$0000000D)
    .ARM.Collect$$$$0000000F                 0x0001b0d0   Section        0  entry11a.o(.ARM.Collect$$$$0000000F)
    .ARM.Collect$$$$00002712                 0x0001b0d0   Section        4  entry2.o(.ARM.Collect$$$$00002712)
    __lit__00000000                          0x0001b0d0   Data           4  entry2.o(.ARM.Collect$$$$00002712)
    .text                                    0x0001b0d4   Section       56  arm_startup_nrf51.o(.text)
    .text                                    0x0001b10c   Section        0  uidiv.o(.text)
    .text                                    0x0001b138   Section        0  memcpya.o(.text)
    .text                                    0x0001b15c   Section        0  memseta.o(.text)
    .text                                    0x0001b180   Section       36  init.o(.text)
    i.ADC_IRQHandler                         0x0001b1a4   Section        0  nrf_drv_adc.o(i.ADC_IRQHandler)
    i.GPIOTE_IRQHandler                      0x0001b204   Section        0  nrf_drv_gpiote.o(i.GPIOTE_IRQHandler)
    i.NVIC_SetPriority                       0x0001b37c   Section        0  app_timer.o(i.NVIC_SetPriority)
    NVIC_SetPriority                         0x0001b37d   Thumb Code    60  app_timer.o(i.NVIC_SetPriority)
    i.POWER_CLOCK_IRQHandler                 0x0001b3c0   Section        0  nrf_drv_clock.o(i.POWER_CLOCK_IRQHandler)
    i.RTC1_IRQHandler                        0x0001b414   Section        0  app_timer.o(i.RTC1_IRQHandler)
    i.SPI0_TWI0_IRQHandler                   0x0001b434   Section        0  nrf_drv_twi.o(i.SPI0_TWI0_IRQHandler)
    i.SWI0_IRQHandler                        0x0001b448   Section        0  app_timer.o(i.SWI0_IRQHandler)
    i.SWI2_IRQHandler                        0x0001b450   Section        0  softdevice_handler.o(i.SWI2_IRQHandler)
    i.SystemInit                             0x0001b470   Section        0  system_nrf51.o(i.SystemInit)
    i.UART0_IRQHandler                       0x0001b510   Section        0  nrf_drv_uart.o(i.UART0_IRQHandler)
    i.__ARM_common_switch8                   0x0001b524   Section        0  bsp.o(i.__ARM_common_switch8)
    i.__scatterload_copy                     0x0001b53e   Section       14  handlers.o(i.__scatterload_copy)
    i.__scatterload_null                     0x0001b54c   Section        2  handlers.o(i.__scatterload_null)
    i.__scatterload_zeroinit                 0x0001b54e   Section       14  handlers.o(i.__scatterload_zeroinit)
    i.__sd_nvic_app_accessible_irq           0x0001b55c   Section        0  main.o(i.__sd_nvic_app_accessible_irq)
    __sd_nvic_app_accessible_irq             0x0001b55d   Thumb Code    22  main.o(i.__sd_nvic_app_accessible_irq)
    i.__sd_nvic_app_accessible_irq           0x0001b578   Section        0  softdevice_handler.o(i.__sd_nvic_app_accessible_irq)
    __sd_nvic_app_accessible_irq             0x0001b579   Thumb Code    22  softdevice_handler.o(i.__sd_nvic_app_accessible_irq)
    i.adc_sample_process                     0x0001b594   Section        0  nrf_drv_adc.o(i.adc_sample_process)
    adc_sample_process                       0x0001b595   Thumb Code    80  nrf_drv_adc.o(i.adc_sample_process)
    i.adc_start                              0x0001b5f4   Section        0  main.o(i.adc_start)
    i.adv_data_encode                        0x0001b6dc   Section        0  ble_advdata.o(i.adv_data_encode)
    i.adv_mode_next_avail_get                0x0001b86c   Section        0  ble_advertising.o(i.adv_mode_next_avail_get)
    adv_mode_next_avail_get                  0x0001b86d   Thumb Code    94  ble_advertising.o(i.adv_mode_next_avail_get)
    i.advertising_buttons_configure          0x0001b8d4   Section        0  bsp_btn_ble.o(i.advertising_buttons_configure)
    advertising_buttons_configure            0x0001b8d5   Thumb Code    60  bsp_btn_ble.o(i.advertising_buttons_configure)
    i.app_error_fault_handler                0x0001b910   Section        0  app_error_weak.o(i.app_error_fault_handler)
    i.app_error_handler_bare                 0x0001b92c   Section        0  app_error.o(i.app_error_handler_bare)
    i.app_timer_create                       0x0001b944   Section        0  app_timer.o(i.app_timer_create)
    i.app_timer_init                         0x0001b974   Section        0  app_timer.o(i.app_timer_init)
    i.app_timer_start                        0x0001b9e8   Section        0  app_timer.o(i.app_timer_start)
    i.app_timer_stop                         0x0001ba70   Section        0  app_timer.o(i.app_timer_stop)
    i.app_util_critical_region_enter         0x0001ba98   Section        0  app_util_platform.o(i.app_util_critical_region_enter)
    i.app_util_critical_region_exit          0x0001bad4   Section        0  app_util_platform.o(i.app_util_critical_region_exit)
    i.ble_advdata_set                        0x0001bb00   Section        0  ble_advdata.o(i.ble_advdata_set)
    i.ble_advertising_init                   0x0001bb68   Section        0  ble_advertising.o(i.ble_advertising_init)
    i.ble_advertising_on_ble_evt             0x0001bcc4   Section        0  ble_advertising.o(i.ble_advertising_on_ble_evt)
    i.ble_advertising_start                  0x0001bd1c   Section        0  ble_advertising.o(i.ble_advertising_start)
    i.ble_conn_params_init                   0x0001be24   Section        0  ble_conn_params.o(i.ble_conn_params_init)
    i.ble_conn_params_on_ble_evt             0x0001be78   Section        0  ble_conn_params.o(i.ble_conn_params_on_ble_evt)
    i.ble_device_addr_encode                 0x0001bf08   Section        0  ble_advdata.o(i.ble_device_addr_encode)
    ble_device_addr_encode                   0x0001bf09   Thumb Code    94  ble_advdata.o(i.ble_device_addr_encode)
    i.ble_evt_dispatch                       0x0001bf68   Section        0  main.o(i.ble_evt_dispatch)
    ble_evt_dispatch                         0x0001bf69   Thumb Code    36  main.o(i.ble_evt_dispatch)
    i.ble_nus_init                           0x0001bf90   Section        0  ble_nus.o(i.ble_nus_init)
    i.ble_nus_on_ble_evt                     0x0001bff8   Section        0  ble_nus.o(i.ble_nus_on_ble_evt)
    i.ble_nus_string_send                    0x0001c054   Section        0  ble_nus.o(i.ble_nus_string_send)
    i.ble_srv_is_notification_enabled        0x0001c0a8   Section        0  ble_srv_common.o(i.ble_srv_is_notification_enabled)
    i.bsp_board_button_idx_to_pin            0x0001c0b8   Section        0  boards.o(i.bsp_board_button_idx_to_pin)
    i.bsp_board_led_invert                   0x0001c0c4   Section        0  boards.o(i.bsp_board_led_invert)
    i.bsp_board_led_off                      0x0001c0e4   Section        0  boards.o(i.bsp_board_led_off)
    i.bsp_board_led_on                       0x0001c0f8   Section        0  boards.o(i.bsp_board_led_on)
    i.bsp_board_led_state_get                0x0001c10c   Section        0  boards.o(i.bsp_board_led_state_get)
    i.bsp_board_leds_off                     0x0001c12c   Section        0  boards.o(i.bsp_board_leds_off)
    i.bsp_board_leds_on                      0x0001c13e   Section        0  boards.o(i.bsp_board_leds_on)
    i.bsp_board_pin_to_button_idx            0x0001c150   Section        0  boards.o(i.bsp_board_pin_to_button_idx)
    i.bsp_btn_ble_on_ble_evt                 0x0001c174   Section        0  bsp_btn_ble.o(i.bsp_btn_ble_on_ble_evt)
    i.bsp_btn_ble_sleep_mode_prepare         0x0001c1ec   Section        0  bsp_btn_ble.o(i.bsp_btn_ble_sleep_mode_prepare)
    i.bsp_button_event_handler               0x0001c210   Section        0  bsp.o(i.bsp_button_event_handler)
    bsp_button_event_handler                 0x0001c211   Thumb Code   134  bsp.o(i.bsp_button_event_handler)
    i.bsp_event_to_button_action_assign      0x0001c2a4   Section        0  bsp.o(i.bsp_event_to_button_action_assign)
    i.bsp_indication_set                     0x0001c2ec   Section        0  bsp.o(i.bsp_indication_set)
    i.bsp_led_indication                     0x0001c308   Section        0  bsp.o(i.bsp_led_indication)
    bsp_led_indication                       0x0001c309   Thumb Code   376  bsp.o(i.bsp_led_indication)
    i.bsp_wakeup_button_enable               0x0001c488   Section        0  bsp.o(i.bsp_wakeup_button_enable)
    i.button_active                          0x0001c498   Section        0  main.o(i.button_active)
    i.channel_port_get                       0x0001c4f4   Section        0  nrf_drv_gpiote.o(i.channel_port_get)
    channel_port_get                         0x0001c4f5   Thumb Code    10  nrf_drv_gpiote.o(i.channel_port_get)
    i.clock_clk_started_notify               0x0001c504   Section        0  nrf_drv_clock.o(i.clock_clk_started_notify)
    clock_clk_started_notify                 0x0001c505   Thumb Code    34  nrf_drv_clock.o(i.clock_clk_started_notify)
    i.compare_reg_update                     0x0001c52c   Section        0  app_timer.o(i.compare_reg_update)
    compare_reg_update                       0x0001c52d   Thumb Code   142  app_timer.o(i.compare_reg_update)
    i.conn_int_encode                        0x0001c5d4   Section        0  ble_advdata.o(i.conn_int_encode)
    conn_int_encode                          0x0001c5d5   Thumb Code   130  ble_advdata.o(i.conn_int_encode)
    i.conn_params_error_handler              0x0001c65c   Section        0  main.o(i.conn_params_error_handler)
    conn_params_error_handler                0x0001c65d   Thumb Code     8  main.o(i.conn_params_error_handler)
    i.conn_params_negotiation                0x0001c664   Section        0  ble_conn_params.o(i.conn_params_negotiation)
    conn_params_negotiation                  0x0001c665   Thumb Code    92  ble_conn_params.o(i.conn_params_negotiation)
    i.elapsed_ticks_acquire                  0x0001c6cc   Section        0  app_timer.o(i.elapsed_ticks_acquire)
    elapsed_ticks_acquire                    0x0001c6cd   Thumb Code    58  app_timer.o(i.elapsed_ticks_acquire)
    i.fs_queued_op_count_get                 0x0001c70c   Section        0  fstorage.o(i.fs_queued_op_count_get)
    i.get_battery_value                      0x0001c724   Section        0  main.o(i.get_battery_value)
    i.intern_softdevice_events_execute       0x0001c774   Section        0  softdevice_handler.o(i.intern_softdevice_events_execute)
    i.irq_handler_twi                        0x0001c7f4   Section        0  nrf_drv_twi.o(i.irq_handler_twi)
    irq_handler_twi                          0x0001c7f5   Thumb Code   172  nrf_drv_twi.o(i.irq_handler_twi)
    i.is_conn_params_ok                      0x0001c8a0   Section        0  ble_conn_params.o(i.is_conn_params_ok)
    is_conn_params_ok                        0x0001c8a1   Thumb Code    24  ble_conn_params.o(i.is_conn_params_ok)
    i.is_manual_peripheral_setup_needed      0x0001c8bc   Section        0  system_nrf51.o(i.is_manual_peripheral_setup_needed)
    is_manual_peripheral_setup_needed        0x0001c8bd   Thumb Code    66  system_nrf51.o(i.is_manual_peripheral_setup_needed)
    i.led_gpio_init                          0x0001c904   Section        0  main.o(i.led_gpio_init)
    i.list_deletions_handler                 0x0001c928   Section        0  app_timer.o(i.list_deletions_handler)
    list_deletions_handler                   0x0001c929   Thumb Code   162  app_timer.o(i.list_deletions_handler)
    i.list_insertions_handler                0x0001c9d4   Section        0  app_timer.o(i.list_insertions_handler)
    list_insertions_handler                  0x0001c9d5   Thumb Code   178  app_timer.o(i.list_insertions_handler)
    i.main                                   0x0001ca90   Section        0  main.o(i.main)
    i.manuf_specific_data_encode             0x0001cc80   Section        0  ble_advdata.o(i.manuf_specific_data_encode)
    manuf_specific_data_encode               0x0001cc81   Thumb Code   104  ble_advdata.o(i.manuf_specific_data_encode)
    i.name_encode                            0x0001cce8   Section        0  ble_advdata.o(i.name_encode)
    name_encode                              0x0001cce9   Thumb Code   158  ble_advdata.o(i.name_encode)
    i.nrf_bitmask_bit_is_set                 0x0001cd86   Section        0  nrf_drv_gpiote.o(i.nrf_bitmask_bit_is_set)
    nrf_bitmask_bit_is_set                   0x0001cd87   Thumb Code    16  nrf_drv_gpiote.o(i.nrf_bitmask_bit_is_set)
    i.nrf_clock_event_check                  0x0001cd96   Section        0  nrf_drv_clock.o(i.nrf_clock_event_check)
    nrf_clock_event_check                    0x0001cd97   Thumb Code    16  nrf_drv_clock.o(i.nrf_clock_event_check)
    i.nrf_delay_ms                           0x0001cda8   Section        0  main.o(i.nrf_delay_ms)
    nrf_delay_ms                             0x0001cda9   Thumb Code    42  main.o(i.nrf_delay_ms)
    i.nrf_delay_us                           0x0001cddc   Section        0  nrf_drv_twi.o(i.nrf_delay_us)
    nrf_delay_us                             0x0001cddd   Thumb Code    38  nrf_drv_twi.o(i.nrf_delay_us)
    i.nrf_delay_us                           0x0001ce0c   Section        0  app_timer.o(i.nrf_delay_us)
    nrf_delay_us                             0x0001ce0d   Thumb Code    38  app_timer.o(i.nrf_delay_us)
    i.nrf_drv_clock_init                     0x0001ce3c   Section        0  nrf_drv_clock.o(i.nrf_drv_clock_init)
    i.nrf_drv_clock_on_sd_enable             0x0001ce84   Section        0  nrf_drv_clock.o(i.nrf_drv_clock_on_sd_enable)
    i.nrf_drv_clock_on_soc_event             0x0001ceb8   Section        0  nrf_drv_clock.o(i.nrf_drv_clock_on_soc_event)
    i.nrf_drv_common_irq_enable              0x0001cec4   Section        0  nrf_drv_common.o(i.nrf_drv_common_irq_enable)
    i.nrf_drv_twi_enable                     0x0001cf24   Section        0  nrf_drv_twi.o(i.nrf_drv_twi_enable)
    i.nrf_drv_twi_init                       0x0001cf44   Section        0  nrf_drv_twi.o(i.nrf_drv_twi_init)
    i.nrf_drv_twi_tx                         0x0001cfcc   Section        0  nrf_drv_twi.o(i.nrf_drv_twi_tx)
    i.nrf_drv_twi_xfer                       0x0001cff0   Section        0  nrf_drv_twi.o(i.nrf_drv_twi_xfer)
    i.nrf_gpio_cfg                           0x0001d018   Section        0  main.o(i.nrf_gpio_cfg)
    nrf_gpio_cfg                             0x0001d019   Thumb Code    40  main.o(i.nrf_gpio_cfg)
    i.nrf_gpio_cfg_input                     0x0001d040   Section        0  main.o(i.nrf_gpio_cfg_input)
    nrf_gpio_cfg_input                       0x0001d041   Thumb Code    18  main.o(i.nrf_gpio_cfg_input)
    i.nrf_gpio_cfg_sense_set                 0x0001d052   Section        0  bsp.o(i.nrf_gpio_cfg_sense_set)
    nrf_gpio_cfg_sense_set                   0x0001d053   Thumb Code    34  bsp.o(i.nrf_gpio_cfg_sense_set)
    i.nrf_gpio_cfg_sense_set                 0x0001d074   Section        0  nrf_drv_gpiote.o(i.nrf_gpio_cfg_sense_set)
    nrf_gpio_cfg_sense_set                   0x0001d075   Thumb Code    34  nrf_drv_gpiote.o(i.nrf_gpio_cfg_sense_set)
    i.nrf_gpio_pin_clear                     0x0001d098   Section        0  main.o(i.nrf_gpio_pin_clear)
    nrf_gpio_pin_clear                       0x0001d099   Thumb Code    10  main.o(i.nrf_gpio_pin_clear)
    i.nrf_gpio_pin_read                      0x0001d0a8   Section        0  main.o(i.nrf_gpio_pin_read)
    nrf_gpio_pin_read                        0x0001d0a9   Thumb Code    12  main.o(i.nrf_gpio_pin_read)
    i.nrf_gpio_pin_set                       0x0001d0b8   Section        0  main.o(i.nrf_gpio_pin_set)
    nrf_gpio_pin_set                         0x0001d0b9   Thumb Code    10  main.o(i.nrf_gpio_pin_set)
    i.nrf_gpio_pin_set                       0x0001d0c8   Section        0  nrf_drv_twi.o(i.nrf_gpio_pin_set)
    nrf_gpio_pin_set                         0x0001d0c9   Thumb Code    10  nrf_drv_twi.o(i.nrf_gpio_pin_set)
    i.nrf_gpio_pin_write                     0x0001d0d8   Section        0  boards.o(i.nrf_gpio_pin_write)
    nrf_gpio_pin_write                       0x0001d0d9   Thumb Code    18  boards.o(i.nrf_gpio_pin_write)
    i.nrf_gpio_ports_read                    0x0001d0f0   Section        0  nrf_drv_gpiote.o(i.nrf_gpio_ports_read)
    nrf_gpio_ports_read                      0x0001d0f1   Thumb Code    36  nrf_drv_gpiote.o(i.nrf_gpio_ports_read)
    i.nrf_gpiote_event_clear                 0x0001d118   Section        0  nrf_drv_gpiote.o(i.nrf_gpiote_event_clear)
    nrf_gpiote_event_clear                   0x0001d119   Thumb Code    10  nrf_drv_gpiote.o(i.nrf_gpiote_event_clear)
    i.nrf_gpiote_event_is_set                0x0001d128   Section        0  nrf_drv_gpiote.o(i.nrf_gpiote_event_is_set)
    nrf_gpiote_event_is_set                  0x0001d129   Thumb Code    14  nrf_drv_gpiote.o(i.nrf_gpiote_event_is_set)
    i.nrf_twi_event_check                    0x0001d13c   Section        0  nrf_drv_twi.o(i.nrf_twi_event_check)
    nrf_twi_event_check                      0x0001d13d   Thumb Code    10  nrf_drv_twi.o(i.nrf_twi_event_check)
    i.nrf_uart_event_check                   0x0001d146   Section        0  nrf_drv_uart.o(i.nrf_uart_event_check)
    nrf_uart_event_check                     0x0001d147   Thumb Code    10  nrf_drv_uart.o(i.nrf_uart_event_check)
    i.nrf_uart_int_enable_check              0x0001d150   Section        0  nrf_drv_uart.o(i.nrf_uart_int_enable_check)
    nrf_uart_int_enable_check                0x0001d151   Thumb Code    16  nrf_drv_uart.o(i.nrf_uart_int_enable_check)
    i.nus_data_handler                       0x0001d160   Section        0  main.o(i.nus_data_handler)
    nus_data_handler                         0x0001d161   Thumb Code   116  main.o(i.nus_data_handler)
    i.on_adv_evt                             0x0001d1d8   Section        0  main.o(i.on_adv_evt)
    on_adv_evt                               0x0001d1d9   Thumb Code    32  main.o(i.on_adv_evt)
    i.on_ble_evt                             0x0001d1f8   Section        0  main.o(i.on_ble_evt)
    on_ble_evt                               0x0001d1f9   Thumb Code   204  main.o(i.on_ble_evt)
    i.on_conn_params_evt                     0x0001d2c8   Section        0  main.o(i.on_conn_params_evt)
    on_conn_params_evt                       0x0001d2c9   Thumb Code    26  main.o(i.on_conn_params_evt)
    i.power_manage                           0x0001d2e8   Section        0  main.o(i.power_manage)
    power_manage                             0x0001d2e9   Thumb Code    14  main.o(i.power_manage)
    i.read_mode                              0x0001d2f8   Section        0  main.o(i.read_mode)
    i.rtc1_stop                              0x0001d3a8   Section        0  app_timer.o(i.rtc1_stop)
    rtc1_stop                                0x0001d3a9   Thumb Code    50  app_timer.o(i.rtc1_stop)
    i.rx_byte                                0x0001d3ec   Section        0  nrf_drv_uart.o(i.rx_byte)
    rx_byte                                  0x0001d3ed   Thumb Code    38  nrf_drv_uart.o(i.rx_byte)
    i.rx_char_add                            0x0001d412   Section        0  ble_nus.o(i.rx_char_add)
    rx_char_add                              0x0001d413   Thumb Code   158  ble_nus.o(i.rx_char_add)
    i.rx_done_event                          0x0001d4b0   Section        0  nrf_drv_uart.o(i.rx_done_event)
    rx_done_event                            0x0001d4b1   Thumb Code    20  nrf_drv_uart.o(i.rx_done_event)
    i.sd_nvic_EnableIRQ                      0x0001d4c4   Section        0  softdevice_handler.o(i.sd_nvic_EnableIRQ)
    sd_nvic_EnableIRQ                        0x0001d4c5   Thumb Code   112  softdevice_handler.o(i.sd_nvic_EnableIRQ)
    i.service_data_encode                    0x0001d548   Section        0  ble_advdata.o(i.service_data_encode)
    service_data_encode                      0x0001d549   Thumb Code   142  ble_advdata.o(i.service_data_encode)
    i.set_adv_mode_fast                      0x0001d5d8   Section        0  ble_advertising.o(i.set_adv_mode_fast)
    set_adv_mode_fast                        0x0001d5d9   Thumb Code    80  ble_advertising.o(i.set_adv_mode_fast)
    i.set_adv_mode_slow                      0x0001d630   Section        0  ble_advertising.o(i.set_adv_mode_slow)
    set_adv_mode_slow                        0x0001d631   Thumb Code    76  ble_advertising.o(i.set_adv_mode_slow)
    i.sleep_mode_enter                       0x0001d684   Section        0  main.o(i.sleep_mode_enter)
    sleep_mode_enter                         0x0001d685   Thumb Code    40  main.o(i.sleep_mode_enter)
    i.softdevice_ble_evt_handler_set         0x0001d6ac   Section        0  softdevice_handler.o(i.softdevice_ble_evt_handler_set)
    i.softdevice_enable                      0x0001d6c0   Section        0  softdevice_handler.o(i.softdevice_enable)
    i.softdevice_enable_get_default_config   0x0001d6d4   Section        0  softdevice_handler.o(i.softdevice_enable_get_default_config)
    i.softdevice_fault_handler               0x0001d6fc   Section        0  softdevice_handler.o(i.softdevice_fault_handler)
    i.softdevice_handler_init                0x0001d704   Section        0  softdevice_handler.o(i.softdevice_handler_init)
    i.softdevice_handler_is_enabled          0x0001d75c   Section        0  softdevice_handler.o(i.softdevice_handler_is_enabled)
    i.timer_list_handler                     0x0001d768   Section        0  app_timer.o(i.timer_list_handler)
    timer_list_handler                       0x0001d769   Thumb Code   128  app_timer.o(i.timer_list_handler)
    i.timer_list_handler_sched               0x0001d7ec   Section        0  app_timer.o(i.timer_list_handler_sched)
    timer_list_handler_sched                 0x0001d7ed   Thumb Code    10  app_timer.o(i.timer_list_handler_sched)
    i.timer_list_insert                      0x0001d7fc   Section        0  app_timer.o(i.timer_list_insert)
    timer_list_insert                        0x0001d7fd   Thumb Code    60  app_timer.o(i.timer_list_insert)
    i.timer_stop_op_schedule                 0x0001d83c   Section        0  app_timer.o(i.timer_stop_op_schedule)
    timer_stop_op_schedule                   0x0001d83d   Thumb Code    68  app_timer.o(i.timer_stop_op_schedule)
    i.timer_timeouts_check                   0x0001d884   Section        0  app_timer.o(i.timer_timeouts_check)
    timer_timeouts_check                     0x0001d885   Thumb Code   118  app_timer.o(i.timer_timeouts_check)
    i.twi_clear_bus                          0x0001d904   Section        0  nrf_drv_twi.o(i.twi_clear_bus)
    twi_clear_bus                            0x0001d905   Thumb Code   138  nrf_drv_twi.o(i.twi_clear_bus)
    i.twi_handler                            0x0001d99c   Section        0  eeprom.o(i.twi_handler)
    i.twi_init                               0x0001d9bc   Section        0  eeprom.o(i.twi_init)
    i.twi_process_error                      0x0001d9f8   Section        0  nrf_drv_twi.o(i.twi_process_error)
    twi_process_error                        0x0001d9f9   Thumb Code    28  nrf_drv_twi.o(i.twi_process_error)
    i.twi_rx_start_transfer                  0x0001da18   Section        0  nrf_drv_twi.o(i.twi_rx_start_transfer)
    twi_rx_start_transfer                    0x0001da19   Thumb Code   154  nrf_drv_twi.o(i.twi_rx_start_transfer)
    i.twi_send_byte                          0x0001dab8   Section        0  nrf_drv_twi.o(i.twi_send_byte)
    twi_send_byte                            0x0001dab9   Thumb Code    46  nrf_drv_twi.o(i.twi_send_byte)
    i.twi_transfer                           0x0001dae6   Section        0  nrf_drv_twi.o(i.twi_transfer)
    twi_transfer                             0x0001dae7   Thumb Code   264  nrf_drv_twi.o(i.twi_transfer)
    i.twi_tx_start_transfer                  0x0001dbf0   Section        0  nrf_drv_twi.o(i.twi_tx_start_transfer)
    twi_tx_start_transfer                    0x0001dbf1   Thumb Code   152  nrf_drv_twi.o(i.twi_tx_start_transfer)
    i.twi_xfer                               0x0001dc8c   Section        0  nrf_drv_twi.o(i.twi_xfer)
    twi_xfer                                 0x0001dc8d   Thumb Code   140  nrf_drv_twi.o(i.twi_xfer)
    i.tx_byte                                0x0001dd18   Section        0  nrf_drv_uart.o(i.tx_byte)
    tx_byte                                  0x0001dd19   Thumb Code    30  nrf_drv_uart.o(i.tx_byte)
    i.tx_char_add                            0x0001dd36   Section        0  ble_nus.o(i.tx_char_add)
    tx_char_add                              0x0001dd37   Thumb Code   128  ble_nus.o(i.tx_char_add)
    i.tx_done_event                          0x0001ddb6   Section        0  nrf_drv_uart.o(i.tx_done_event)
    tx_done_event                            0x0001ddb7   Thumb Code    24  nrf_drv_uart.o(i.tx_done_event)
    i.uart_irq_handler                       0x0001ddce   Section        0  nrf_drv_uart.o(i.uart_irq_handler)
    uart_irq_handler                         0x0001ddcf   Thumb Code   296  nrf_drv_uart.o(i.uart_irq_handler)
    i.uint16_encode                          0x0001def6   Section        0  ble_advdata.o(i.uint16_encode)
    uint16_encode                            0x0001def7   Thumb Code    10  ble_advdata.o(i.uint16_encode)
    i.update_device_status                   0x0001df00   Section        0  main.o(i.update_device_status)
    i.update_timeout_handler                 0x0001df34   Section        0  ble_conn_params.o(i.update_timeout_handler)
    update_timeout_handler                   0x0001df35   Thumb Code    86  ble_conn_params.o(i.update_timeout_handler)
    i.user_op_alloc                          0x0001df98   Section        0  app_timer.o(i.user_op_alloc)
    user_op_alloc                            0x0001df99   Thumb Code    40  app_timer.o(i.user_op_alloc)
    i.uuid_list_encode                       0x0001dfc4   Section        0  ble_advdata.o(i.uuid_list_encode)
    uuid_list_encode                         0x0001dfc5   Thumb Code    48  ble_advdata.o(i.uuid_list_encode)
    i.uuid_list_sized_encode                 0x0001dff4   Section        0  ble_advdata.o(i.uuid_list_sized_encode)
    uuid_list_sized_encode                   0x0001dff5   Thumb Code   174  ble_advdata.o(i.uuid_list_sized_encode)
    i.whitelist_has_entries                  0x0001e0a4   Section        0  ble_advertising.o(i.whitelist_has_entries)
    whitelist_has_entries                    0x0001e0a5   Thumb Code    18  ble_advertising.o(i.whitelist_has_entries)
    i.write_EEPROM_data                      0x0001e0bc   Section        0  eeprom.o(i.write_EEPROM_data)
    i.write_mode                             0x0001e110   Section        0  main.o(i.write_mode)
    .constdata                               0x0001e200   Section        4  main.o(.constdata)
    .constdata                               0x0001e204   Section       24  eeprom.o(.constdata)
    m_twi                                    0x0001e204   Data           8  eeprom.o(.constdata)
    .constdata                               0x0001e21c   Section        8  boards.o(.constdata)
    m_board_led_list                         0x0001e21c   Data           4  boards.o(.constdata)
    m_board_btn_list                         0x0001e220   Data           4  boards.o(.constdata)
    .constdata                               0x0001e224   Section       44  bsp.o(.constdata)
    m_leds_timer_id                          0x0001e224   Data           4  bsp.o(.constdata)
    m_alert_timer_id                         0x0001e228   Data           4  bsp.o(.constdata)
    m_button_timer_id                        0x0001e22c   Data           4  bsp.o(.constdata)
    app_buttons                              0x0001e230   Data          32  bsp.o(.constdata)
    .constdata                               0x0001e250   Section        4  ble_conn_params.o(.constdata)
    m_conn_params_timer_id                   0x0001e250   Data           4  ble_conn_params.o(.constdata)
    .constdata                               0x0001e254   Section       16  ble_nus.o(.constdata)
    .constdata                               0x0001e264   Section        4  nrf_drv_gpiote.o(.constdata)
    .data                                    0x20001fe8   Section       12  main.o(.data)
    index                                    0x20001fe8   Data           1  main.o(.data)
    m_conn_handle                            0x20001fea   Data           2  main.o(.data)
    m_adv_uuids                              0x20001fec   Data           4  main.o(.data)
    .data                                    0x20001ff4   Section        2  eeprom.o(.data)
    twi_rx_done                              0x20001ff4   Data           1  eeprom.o(.data)
    twi_tx_done                              0x20001ff5   Data           1  eeprom.o(.data)
    .data                                    0x20001ff8   Section       20  bsp.o(.data)
    m_stable_state                           0x20001ff8   Data           1  bsp.o(.data)
    m_leds_clear                             0x20001ff9   Data           1  bsp.o(.data)
    current_long_push_pin_no                 0x20001ffa   Data           1  bsp.o(.data)
    m_app_ticks_per_100ms                    0x20001ffc   Data           4  bsp.o(.data)
    m_indication_type                        0x20002000   Data           4  bsp.o(.data)
    m_registered_callback                    0x20002004   Data           4  bsp.o(.data)
    release_event_at_push                    0x20002008   Data           4  bsp.o(.data)
    .data                                    0x2000200c   Section        8  bsp_btn_ble.o(.data)
    m_error_handler                          0x2000200c   Data           4  bsp_btn_ble.o(.data)
    m_num_connections                        0x20002010   Data           4  bsp_btn_ble.o(.data)
    .data                                    0x20002014   Section       48  ble_advertising.o(.data)
    m_initialized                            0x20002014   Data           1  ble_advertising.o(.data)
    m_advertising_start_pending              0x20002015   Data           1  ble_advertising.o(.data)
    m_adv_evt                                0x20002016   Data           1  ble_advertising.o(.data)
    m_adv_mode_current                       0x20002017   Data           1  ble_advertising.o(.data)
    m_peer_addr_reply_expected               0x20002018   Data           1  ble_advertising.o(.data)
    m_whitelist_temporarily_disabled         0x20002019   Data           1  ble_advertising.o(.data)
    m_whitelist_reply_expected               0x2000201a   Data           1  ble_advertising.o(.data)
    m_current_slave_link_conn_handle         0x2000201c   Data           2  ble_advertising.o(.data)
    m_slave_conn_int                         0x2000201e   Data           4  ble_advertising.o(.data)
    m_evt_handler                            0x20002024   Data           4  ble_advertising.o(.data)
    m_error_handler                          0x20002028   Data           4  ble_advertising.o(.data)
    m_peer_address                           0x2000202c   Data           7  ble_advertising.o(.data)
    m_whitelist                              0x20002034   Data          16  ble_advertising.o(.data)
    .data                                    0x20002044   Section       20  ble_conn_params.o(.data)
    m_change_param                           0x20002044   Data           1  ble_conn_params.o(.data)
    m_update_count                           0x20002045   Data           1  ble_conn_params.o(.data)
    m_conn_handle                            0x20002046   Data           2  ble_conn_params.o(.data)
    m_preferred_conn_params                  0x20002048   Data           8  ble_conn_params.o(.data)
    m_current_conn_params                    0x20002050   Data           8  ble_conn_params.o(.data)
    .data                                    0x20002058   Section       32  app_timer.o(.data)
    m_ticks_elapsed_q_read_ind               0x20002058   Data           1  app_timer.o(.data)
    m_ticks_elapsed_q_write_ind              0x20002059   Data           1  app_timer.o(.data)
    m_rtc1_running                           0x2000205a   Data           1  app_timer.o(.data)
    m_rtc1_reset                             0x2000205b   Data           1  app_timer.o(.data)
    mp_timer_id_head                         0x2000205c   Data           4  app_timer.o(.data)
    m_ticks_latest                           0x20002060   Data           4  app_timer.o(.data)
    m_evt_schedule_func                      0x20002064   Data           4  app_timer.o(.data)
    m_op_queue                               0x20002068   Data           8  app_timer.o(.data)
    m_ticks_elapsed                          0x20002070   Data           8  app_timer.o(.data)
    .data                                    0x20002078   Section       12  app_util_platform.o(.data)
    m_in_critical_region                     0x20002078   Data           4  app_util_platform.o(.data)
    .data                                    0x20002084   Section       20  softdevice_handler.o(.data)
    m_softdevice_enabled                     0x20002084   Data           1  softdevice_handler.o(.data)
    m_suspended                              0x20002085   Data           1  softdevice_handler.o(.data)
    m_ble_evt_buffer_size                    0x20002086   Data           2  softdevice_handler.o(.data)
    m_evt_schedule_func                      0x20002088   Data           4  softdevice_handler.o(.data)
    mp_ble_evt_buffer                        0x2000208c   Data           4  softdevice_handler.o(.data)
    m_ble_evt_handler                        0x20002090   Data           4  softdevice_handler.o(.data)
    m_sys_evt_handler                        0x20002094   Data           4  softdevice_handler.o(.data)
    .data                                    0x20002098   Section        4  system_nrf51.o(.data)
    __tagsym$$used                           0x20002098   Number         0  system_nrf51.o(.data)
    .bss                                     0x2000209c   Section      240  main.o(.bss)
    BLE_EVT_BUFFER                           0x2000209c   Data          72  main.o(.bss)
    data_array                               0x200020e4   Data          20  main.o(.bss)
    APP_TIMER_BUF                            0x200020f8   Data         120  main.o(.bss)
    m_nus                                    0x20002170   Data          28  main.o(.bss)
    .bss                                     0x2000218c   Section       32  bsp.o(.bss)
    m_leds_timer_id_data                     0x2000218c   Data          32  bsp.o(.bss)
    .bss                                     0x200021ac   Section       32  bsp.o(.bss)
    m_alert_timer_id_data                    0x200021ac   Data          32  bsp.o(.bss)
    .bss                                     0x200021cc   Section       12  bsp.o(.bss)
    m_events_list                            0x200021cc   Data          12  bsp.o(.bss)
    .bss                                     0x200021d8   Section       32  bsp.o(.bss)
    m_button_timer_id_data                   0x200021d8   Data          32  bsp.o(.bss)
    .bss                                     0x200021f8   Section      363  ble_advertising.o(.bss)
    m_adv_modes_config                       0x200021f8   Data          32  ble_advertising.o(.bss)
    m_advdata                                0x20002218   Data          60  ble_advertising.o(.bss)
    m_manuf_specific_data                    0x20002254   Data          12  ble_advertising.o(.bss)
    m_manuf_data_array                       0x20002260   Data          31  ble_advertising.o(.bss)
    m_service_data                           0x20002280   Data          12  ble_advertising.o(.bss)
    m_service_data_array                     0x2000228c   Data          31  ble_advertising.o(.bss)
    m_whitelist_addrs                        0x200022ab   Data          56  ble_advertising.o(.bss)
    m_whitelist_irks                         0x200022e3   Data         128  ble_advertising.o(.bss)
    .bss                                     0x20002364   Section       32  ble_advertising.o(.bss)
    m_p_whitelist_addrs                      0x20002364   Data          32  ble_advertising.o(.bss)
    .bss                                     0x20002384   Section       32  ble_advertising.o(.bss)
    m_p_whitelist_irks                       0x20002384   Data          32  ble_advertising.o(.bss)
    .bss                                     0x200023a4   Section       32  ble_conn_params.o(.bss)
    m_conn_params_timer_id_data              0x200023a4   Data          32  ble_conn_params.o(.bss)
    .bss                                     0x200023c4   Section       28  ble_conn_params.o(.bss)
    m_conn_params_config                     0x200023c4   Data          28  ble_conn_params.o(.bss)
    .bss                                     0x200023e0   Section       20  nrf_drv_clock.o(.bss)
    m_clock_cb                               0x200023e0   Data          20  nrf_drv_clock.o(.bss)
    .bss                                     0x200023f4   Section       72  nrf_drv_gpiote.o(.bss)
    m_cb                                     0x200023f4   Data          72  nrf_drv_gpiote.o(.bss)
    .bss                                     0x2000243c   Section       28  nrf_drv_uart.o(.bss)
    m_cb                                     0x2000243c   Data          28  nrf_drv_uart.o(.bss)
    .bss                                     0x20002458   Section       20  nrf_drv_adc.o(.bss)
    m_cb                                     0x20002458   Data          20  nrf_drv_adc.o(.bss)
    .bss                                     0x2000246c   Section       40  nrf_drv_twi.o(.bss)
    m_cb                                     0x2000246c   Data          40  nrf_drv_twi.o(.bss)
    .bss                                     0x20002494   Section      104  fstorage.o(.bss)
    m_queue                                  0x20002494   Data         104  fstorage.o(.bss)
    STACK                                    0x20002500   Section     2048  arm_startup_nrf51.o(STACK)

    Global Symbols

    Symbol Name                              Value     Ov Type        Size  Object(Section)

    BuildAttributes$$THM_ISAv3M$S$PE$A:L22$X:L11$S22$IEEE1$IW$USESV6$~STKCKD$USESV7$~SHL$OSPACE$EBA8$MICROLIB$REQ8$PRES8$EABIv2 0x00000000   Number         0  anon$$obj.o ABSOLUTE
    __ARM_use_no_argv                        0x00000000   Number         0  main.o ABSOLUTE
    __cpp_initialize__aeabi_                  - Undefined Weak Reference
    __cxa_finalize                            - Undefined Weak Reference
    __decompress                              - Undefined Weak Reference
    _clock_init                               - Undefined Weak Reference
    _microlib_exit                            - Undefined Weak Reference
    fs_data$$Base                             - Undefined Reference
    fs_data$$Limit                            - Undefined Reference
    __Vectors_Size                           0x000000c0   Number         0  arm_startup_nrf51.o ABSOLUTE
    __Vectors                                0x0001b000   Data           4  arm_startup_nrf51.o(RESET)
    __Vectors_End                            0x0001b0c0   Data           0  arm_startup_nrf51.o(RESET)
    __main                                   0x0001b0c1   Thumb Code     0  entry.o(.ARM.Collect$$$$00000000)
    _main_stk                                0x0001b0c1   Thumb Code     0  entry2.o(.ARM.Collect$$$$00000001)
    _main_scatterload                        0x0001b0c5   Thumb Code     0  entry5.o(.ARM.Collect$$$$00000004)
    __main_after_scatterload                 0x0001b0c9   Thumb Code     0  entry5.o(.ARM.Collect$$$$00000004)
    _main_clock                              0x0001b0c9   Thumb Code     0  entry7b.o(.ARM.Collect$$$$00000008)
    _main_cpp_init                           0x0001b0c9   Thumb Code     0  entry8b.o(.ARM.Collect$$$$0000000A)
    _main_init                               0x0001b0c9   Thumb Code     0  entry9a.o(.ARM.Collect$$$$0000000B)
    __rt_final_cpp                           0x0001b0d1   Thumb Code     0  entry10a.o(.ARM.Collect$$$$0000000D)
    __rt_final_exit                          0x0001b0d1   Thumb Code     0  entry11a.o(.ARM.Collect$$$$0000000F)
    Reset_Handler                            0x0001b0d5   Thumb Code    26  arm_startup_nrf51.o(.text)
    NMI_Handler                              0x0001b0ef   Thumb Code     2  arm_startup_nrf51.o(.text)
    HardFault_Handler                        0x0001b0f1   Thumb Code     2  arm_startup_nrf51.o(.text)
    SVC_Handler                              0x0001b0f3   Thumb Code     2  arm_startup_nrf51.o(.text)
    PendSV_Handler                           0x0001b0f5   Thumb Code     2  arm_startup_nrf51.o(.text)
    SysTick_Handler                          0x0001b0f7   Thumb Code     2  arm_startup_nrf51.o(.text)
    CCM_AAR_IRQHandler                       0x0001b0f9   Thumb Code     0  arm_startup_nrf51.o(.text)
    ECB_IRQHandler                           0x0001b0f9   Thumb Code     0  arm_startup_nrf51.o(.text)
    LPCOMP_IRQHandler                        0x0001b0f9   Thumb Code     0  arm_startup_nrf51.o(.text)
    QDEC_IRQHandler                          0x0001b0f9   Thumb Code     0  arm_startup_nrf51.o(.text)
    RADIO_IRQHandler                         0x0001b0f9   Thumb Code     0  arm_startup_nrf51.o(.text)
    RNG_IRQHandler                           0x0001b0f9   Thumb Code     0  arm_startup_nrf51.o(.text)
    RTC0_IRQHandler                          0x0001b0f9   Thumb Code     0  arm_startup_nrf51.o(.text)
    SPI1_TWI1_IRQHandler                     0x0001b0f9   Thumb Code     0  arm_startup_nrf51.o(.text)
    SWI1_IRQHandler                          0x0001b0f9   Thumb Code     0  arm_startup_nrf51.o(.text)
    SWI3_IRQHandler                          0x0001b0f9   Thumb Code     0  arm_startup_nrf51.o(.text)
    SWI4_IRQHandler                          0x0001b0f9   Thumb Code     0  arm_startup_nrf51.o(.text)
    SWI5_IRQHandler                          0x0001b0f9   Thumb Code     0  arm_startup_nrf51.o(.text)
    TEMP_IRQHandler                          0x0001b0f9   Thumb Code     0  arm_startup_nrf51.o(.text)
    TIMER0_IRQHandler                        0x0001b0f9   Thumb Code     0  arm_startup_nrf51.o(.text)
    TIMER1_IRQHandler                        0x0001b0f9   Thumb Code     0  arm_startup_nrf51.o(.text)
    TIMER2_IRQHandler                        0x0001b0f9   Thumb Code     0  arm_startup_nrf51.o(.text)
    WDT_IRQHandler                           0x0001b0f9   Thumb Code     0  arm_startup_nrf51.o(.text)
    __aeabi_uidiv                            0x0001b10d   Thumb Code     0  uidiv.o(.text)
    __aeabi_uidivmod                         0x0001b10d   Thumb Code    44  uidiv.o(.text)
    __aeabi_memcpy                           0x0001b139   Thumb Code    36  memcpya.o(.text)
    __aeabi_memcpy4                          0x0001b139   Thumb Code     0  memcpya.o(.text)
    __aeabi_memcpy8                          0x0001b139   Thumb Code     0  memcpya.o(.text)
    __aeabi_memset                           0x0001b15d   Thumb Code    14  memseta.o(.text)
    __aeabi_memset4                          0x0001b15d   Thumb Code     0  memseta.o(.text)
    __aeabi_memset8                          0x0001b15d   Thumb Code     0  memseta.o(.text)
    __aeabi_memclr                           0x0001b16b   Thumb Code     4  memseta.o(.text)
    __aeabi_memclr4                          0x0001b16b   Thumb Code     0  memseta.o(.text)
    __aeabi_memclr8                          0x0001b16b   Thumb Code     0  memseta.o(.text)
    _memset$wrapper                          0x0001b16f   Thumb Code    18  memseta.o(.text)
    __scatterload                            0x0001b181   Thumb Code    28  init.o(.text)
    __scatterload_rt2                        0x0001b181   Thumb Code     0  init.o(.text)
    ADC_IRQHandler                           0x0001b1a5   Thumb Code    78  nrf_drv_adc.o(i.ADC_IRQHandler)
    GPIOTE_IRQHandler                        0x0001b205   Thumb Code   364  nrf_drv_gpiote.o(i.GPIOTE_IRQHandler)
    POWER_CLOCK_IRQHandler                   0x0001b3c1   Thumb Code    70  nrf_drv_clock.o(i.POWER_CLOCK_IRQHandler)
    RTC1_IRQHandler                          0x0001b415   Thumb Code    28  app_timer.o(i.RTC1_IRQHandler)
    SPI0_TWI0_IRQHandler                     0x0001b435   Thumb Code    12  nrf_drv_twi.o(i.SPI0_TWI0_IRQHandler)
    SWI0_IRQHandler                          0x0001b449   Thumb Code     8  app_timer.o(i.SWI0_IRQHandler)
    SWI2_IRQHandler                          0x0001b451   Thumb Code    28  softdevice_handler.o(i.SWI2_IRQHandler)
    SystemInit                               0x0001b471   Thumb Code   130  system_nrf51.o(i.SystemInit)
    UART0_IRQHandler                         0x0001b511   Thumb Code    12  nrf_drv_uart.o(i.UART0_IRQHandler)
    __ARM_common_switch8                     0x0001b525   Thumb Code    26  bsp.o(i.__ARM_common_switch8)
    __scatterload_copy                       0x0001b53f   Thumb Code    14  handlers.o(i.__scatterload_copy)
    __scatterload_null                       0x0001b54d   Thumb Code     2  handlers.o(i.__scatterload_null)
    __scatterload_zeroinit                   0x0001b54f   Thumb Code    14  handlers.o(i.__scatterload_zeroinit)
    adc_start                                0x0001b5f5   Thumb Code   186  main.o(i.adc_start)
    adv_data_encode                          0x0001b6dd   Thumb Code   398  ble_advdata.o(i.adv_data_encode)
    app_error_fault_handler                  0x0001b911   Thumb Code    18  app_error_weak.o(i.app_error_fault_handler)
    app_error_handler_bare                   0x0001b92d   Thumb Code    20  app_error.o(i.app_error_handler_bare)
    app_timer_create                         0x0001b945   Thumb Code    44  app_timer.o(i.app_timer_create)
    app_timer_init                           0x0001b975   Thumb Code    98  app_timer.o(i.app_timer_init)
    app_timer_start                          0x0001b9e9   Thumb Code   128  app_timer.o(i.app_timer_start)
    app_timer_stop                           0x0001ba71   Thumb Code    36  app_timer.o(i.app_timer_stop)
    app_util_critical_region_enter           0x0001ba99   Thumb Code    48  app_util_platform.o(i.app_util_critical_region_enter)
    app_util_critical_region_exit            0x0001bad5   Thumb Code    36  app_util_platform.o(i.app_util_critical_region_exit)
    ble_advdata_set                          0x0001bb01   Thumb Code   104  ble_advdata.o(i.ble_advdata_set)
    ble_advertising_init                     0x0001bb69   Thumb Code   340  ble_advertising.o(i.ble_advertising_init)
    ble_advertising_on_ble_evt               0x0001bcc5   Thumb Code    82  ble_advertising.o(i.ble_advertising_on_ble_evt)
    ble_advertising_start                    0x0001bd1d   Thumb Code   256  ble_advertising.o(i.ble_advertising_start)
    ble_conn_params_init                     0x0001be25   Thumb Code    68  ble_conn_params.o(i.ble_conn_params_init)
    ble_conn_params_on_ble_evt               0x0001be79   Thumb Code   130  ble_conn_params.o(i.ble_conn_params_on_ble_evt)
    ble_nus_init                             0x0001bf91   Thumb Code    98  ble_nus.o(i.ble_nus_init)
    ble_nus_on_ble_evt                       0x0001bff9   Thumb Code    92  ble_nus.o(i.ble_nus_on_ble_evt)
    ble_nus_string_send                      0x0001c055   Thumb Code    78  ble_nus.o(i.ble_nus_string_send)
    ble_srv_is_notification_enabled          0x0001c0a9   Thumb Code    14  ble_srv_common.o(i.ble_srv_is_notification_enabled)
    bsp_board_button_idx_to_pin              0x0001c0b9   Thumb Code     6  boards.o(i.bsp_board_button_idx_to_pin)
    bsp_board_led_invert                     0x0001c0c5   Thumb Code    24  boards.o(i.bsp_board_led_invert)
    bsp_board_led_off                        0x0001c0e5   Thumb Code    14  boards.o(i.bsp_board_led_off)
    bsp_board_led_on                         0x0001c0f9   Thumb Code    14  boards.o(i.bsp_board_led_on)
    bsp_board_led_state_get                  0x0001c10d   Thumb Code    24  boards.o(i.bsp_board_led_state_get)
    bsp_board_leds_off                       0x0001c12d   Thumb Code    18  boards.o(i.bsp_board_leds_off)
    bsp_board_leds_on                        0x0001c13f   Thumb Code    18  boards.o(i.bsp_board_leds_on)
    bsp_board_pin_to_button_idx              0x0001c151   Thumb Code    30  boards.o(i.bsp_board_pin_to_button_idx)
    bsp_btn_ble_on_ble_evt                   0x0001c175   Thumb Code   114  bsp_btn_ble.o(i.bsp_btn_ble_on_ble_evt)
    bsp_btn_ble_sleep_mode_prepare           0x0001c1ed   Thumb Code    34  bsp_btn_ble.o(i.bsp_btn_ble_sleep_mode_prepare)
    bsp_event_to_button_action_assign        0x0001c2a5   Thumb Code    66  bsp.o(i.bsp_event_to_button_action_assign)
    bsp_indication_set                       0x0001c2ed   Thumb Code    22  bsp.o(i.bsp_indication_set)
    bsp_wakeup_button_enable                 0x0001c489   Thumb Code    16  bsp.o(i.bsp_wakeup_button_enable)
    button_active                            0x0001c499   Thumb Code    84  main.o(i.button_active)
    fs_queued_op_count_get                   0x0001c70d   Thumb Code    18  fstorage.o(i.fs_queued_op_count_get)
    get_battery_value                        0x0001c725   Thumb Code    74  main.o(i.get_battery_value)
    intern_softdevice_events_execute         0x0001c775   Thumb Code   122  softdevice_handler.o(i.intern_softdevice_events_execute)
    led_gpio_init                            0x0001c905   Thumb Code    34  main.o(i.led_gpio_init)
    main                                     0x0001ca91   Thumb Code   454  main.o(i.main)
    nrf_drv_clock_init                       0x0001ce3d   Thumb Code    60  nrf_drv_clock.o(i.nrf_drv_clock_init)
    nrf_drv_clock_on_sd_enable               0x0001ce85   Thumb Code    46  nrf_drv_clock.o(i.nrf_drv_clock_on_sd_enable)
    nrf_drv_clock_on_soc_event               0x0001ceb9   Thumb Code    12  nrf_drv_clock.o(i.nrf_drv_clock_on_soc_event)
    nrf_drv_common_irq_enable                0x0001cec5   Thumb Code    78  nrf_drv_common.o(i.nrf_drv_common_irq_enable)
    nrf_drv_twi_enable                       0x0001cf25   Thumb Code    28  nrf_drv_twi.o(i.nrf_drv_twi_enable)
    nrf_drv_twi_init                         0x0001cf45   Thumb Code   124  nrf_drv_twi.o(i.nrf_drv_twi_init)
    nrf_drv_twi_tx                           0x0001cfcd   Thumb Code    36  nrf_drv_twi.o(i.nrf_drv_twi_tx)
    nrf_drv_twi_xfer                         0x0001cff1   Thumb Code    36  nrf_drv_twi.o(i.nrf_drv_twi_xfer)
    read_mode                                0x0001d2f9   Thumb Code   168  main.o(i.read_mode)
    softdevice_ble_evt_handler_set           0x0001d6ad   Thumb Code    16  softdevice_handler.o(i.softdevice_ble_evt_handler_set)
    softdevice_enable                        0x0001d6c1   Thumb Code    14  softdevice_handler.o(i.softdevice_enable)
    softdevice_enable_get_default_config     0x0001d6d5   Thumb Code    40  softdevice_handler.o(i.softdevice_enable_get_default_config)
    softdevice_fault_handler                 0x0001d6fd   Thumb Code     8  softdevice_handler.o(i.softdevice_fault_handler)
    softdevice_handler_init                  0x0001d705   Thumb Code    74  softdevice_handler.o(i.softdevice_handler_init)
    softdevice_handler_is_enabled            0x0001d75d   Thumb Code     6  softdevice_handler.o(i.softdevice_handler_is_enabled)
    twi_handler                              0x0001d99d   Thumb Code    28  eeprom.o(i.twi_handler)
    twi_init                                 0x0001d9bd   Thumb Code    48  eeprom.o(i.twi_init)
    update_device_status                     0x0001df01   Thumb Code    42  main.o(i.update_device_status)
    write_EEPROM_data                        0x0001e0bd   Thumb Code    72  eeprom.o(i.write_EEPROM_data)
    write_mode                               0x0001e111   Thumb Code   234  main.o(i.write_mode)
    Region$$Table$$Base                      0x0001e268   Number         0  anon$$obj.o(Region$$Table)
    Region$$Table$$Limit                     0x0001e288   Number         0  anon$$obj.o(Region$$Table)
    Image$$RW_IRAM1$$Base                    0x20001fe8   Number         0  anon$$obj.o ABSOLUTE
    bt_count                                 0x20001ff0   Data           4  main.o(.data)
    nrf_nvic_state                           0x2000207c   Data           8  app_util_platform.o(.data)
    SystemCoreClock                          0x20002098   Data           4  system_nrf51.o(.data)
    __initial_sp                             0x20002d00   Data           0  arm_startup_nrf51.o(STACK)



==============================================================================

Memory Map of the image

  Image Entry point : 0x0001b0c1

  Load Region LR_IROM1 (Base: 0x0001b000, Size: 0x0000333c, Max: 0x00025000, ABSOLUTE)

    Execution Region ER_IROM1 (Exec base: 0x0001b000, Load base: 0x0001b000, Size: 0x00003288, Max: 0x00025000, ABSOLUTE)

    Exec Addr    Load Addr    Size         Type   Attr      Idx    E Section Name        Object

    0x0001b000   0x0001b000   0x000000c0   Data   RO         2940    RESET               arm_startup_nrf51.o
    0x0001b0c0   0x0001b0c0   0x00000000   Code   RO         2982  * .ARM.Collect$$$$00000000  mc_p.l(entry.o)
    0x0001b0c0   0x0001b0c0   0x00000004   Code   RO         2997    .ARM.Collect$$$$00000001  mc_p.l(entry2.o)
    0x0001b0c4   0x0001b0c4   0x00000004   Code   RO         3000    .ARM.Collect$$$$00000004  mc_p.l(entry5.o)
    0x0001b0c8   0x0001b0c8   0x00000000   Code   RO         3002    .ARM.Collect$$$$00000008  mc_p.l(entry7b.o)
    0x0001b0c8   0x0001b0c8   0x00000000   Code   RO         3004    .ARM.Collect$$$$0000000A  mc_p.l(entry8b.o)
    0x0001b0c8   0x0001b0c8   0x00000008   Code   RO         3005    .ARM.Collect$$$$0000000B  mc_p.l(entry9a.o)
    0x0001b0d0   0x0001b0d0   0x00000000   Code   RO         3007    .ARM.Collect$$$$0000000D  mc_p.l(entry10a.o)
    0x0001b0d0   0x0001b0d0   0x00000000   Code   RO         3009    .ARM.Collect$$$$0000000F  mc_p.l(entry11a.o)
    0x0001b0d0   0x0001b0d0   0x00000004   Code   RO         2998    .ARM.Collect$$$$00002712  mc_p.l(entry2.o)
    0x0001b0d4   0x0001b0d4   0x00000038   Code   RO         2941    .text               arm_startup_nrf51.o
    0x0001b10c   0x0001b10c   0x0000002c   Code   RO         2985    .text               mc_p.l(uidiv.o)
    0x0001b138   0x0001b138   0x00000024   Code   RO         2987    .text               mc_p.l(memcpya.o)
    0x0001b15c   0x0001b15c   0x00000024   Code   RO         2989    .text               mc_p.l(memseta.o)
    0x0001b180   0x0001b180   0x00000024   Code   RO         3011    .text               mc_p.l(init.o)
    0x0001b1a4   0x0001b1a4   0x00000060   Code   RO         1774    i.ADC_IRQHandler    nrf_drv_adc.o
    0x0001b204   0x0001b204   0x00000178   Code   RO         1382    i.GPIOTE_IRQHandler  nrf_drv_gpiote.o
    0x0001b37c   0x0001b37c   0x00000044   Code   RO         2203    i.NVIC_SetPriority  app_timer.o
    0x0001b3c0   0x0001b3c0   0x00000054   Code   RO         1167    i.POWER_CLOCK_IRQHandler  nrf_drv_clock.o
    0x0001b414   0x0001b414   0x00000020   Code   RO         2204    i.RTC1_IRQHandler   app_timer.o
    0x0001b434   0x0001b434   0x00000014   Code   RO         1864    i.SPI0_TWI0_IRQHandler  nrf_drv_twi.o
    0x0001b448   0x0001b448   0x00000008   Code   RO         2205    i.SWI0_IRQHandler   app_timer.o
    0x0001b450   0x0001b450   0x00000020   Code   RO         2807    i.SWI2_IRQHandler   softdevice_handler.o
    0x0001b470   0x0001b470   0x000000a0   Code   RO         2948    i.SystemInit        system_nrf51.o
    0x0001b510   0x0001b510   0x00000014   Code   RO         1597    i.UART0_IRQHandler  nrf_drv_uart.o
    0x0001b524   0x0001b524   0x0000001a   Code   RO          700    i.__ARM_common_switch8  bsp.o
    0x0001b53e   0x0001b53e   0x0000000e   Code   RO         3015    i.__scatterload_copy  mc_p.l(handlers.o)
    0x0001b54c   0x0001b54c   0x00000002   Code   RO         3016    i.__scatterload_null  mc_p.l(handlers.o)
    0x0001b54e   0x0001b54e   0x0000000e   Code   RO         3017    i.__scatterload_zeroinit  mc_p.l(handlers.o)
    0x0001b55c   0x0001b55c   0x0000001c   Code   RO            3    i.__sd_nvic_app_accessible_irq  main.o
    0x0001b578   0x0001b578   0x0000001c   Code   RO         2808    i.__sd_nvic_app_accessible_irq  softdevice_handler.o
    0x0001b594   0x0001b594   0x00000060   Code   RO         1775    i.adc_sample_process  nrf_drv_adc.o
    0x0001b5f4   0x0001b5f4   0x000000e8   Code   RO            4    i.adc_start         main.o
    0x0001b6dc   0x0001b6dc   0x0000018e   Code   RO          826    i.adv_data_encode   ble_advdata.o
    0x0001b86a   0x0001b86a   0x00000002   PAD
    0x0001b86c   0x0001b86c   0x00000068   Code   RO          905    i.adv_mode_next_avail_get  ble_advertising.o
    0x0001b8d4   0x0001b8d4   0x0000003c   Code   RO          722    i.advertising_buttons_configure  bsp_btn_ble.o
    0x0001b910   0x0001b910   0x0000001c   Code   RO         2111    i.app_error_fault_handler  app_error_weak.o
    0x0001b92c   0x0001b92c   0x00000018   Code   RO         2076    i.app_error_handler_bare  app_error.o
    0x0001b944   0x0001b944   0x00000030   Code   RO         2208    i.app_timer_create  app_timer.o
    0x0001b974   0x0001b974   0x00000074   Code   RO         2209    i.app_timer_init    app_timer.o
    0x0001b9e8   0x0001b9e8   0x00000088   Code   RO         2210    i.app_timer_start   app_timer.o
    0x0001ba70   0x0001ba70   0x00000028   Code   RO         2211    i.app_timer_stop    app_timer.o
    0x0001ba98   0x0001ba98   0x0000003c   Code   RO         2345    i.app_util_critical_region_enter  app_util_platform.o
    0x0001bad4   0x0001bad4   0x0000002c   Code   RO         2346    i.app_util_critical_region_exit  app_util_platform.o
    0x0001bb00   0x0001bb00   0x00000068   Code   RO          827    i.ble_advdata_set   ble_advdata.o
    0x0001bb68   0x0001bb68   0x0000015c   Code   RO          906    i.ble_advertising_init  ble_advertising.o
    0x0001bcc4   0x0001bcc4   0x00000058   Code   RO          907    i.ble_advertising_on_ble_evt  ble_advertising.o
    0x0001bd1c   0x0001bd1c   0x00000108   Code   RO          911    i.ble_advertising_start  ble_advertising.o
    0x0001be24   0x0001be24   0x00000054   Code   RO          999    i.ble_conn_params_init  ble_conn_params.o
    0x0001be78   0x0001be78   0x00000090   Code   RO         1000    i.ble_conn_params_on_ble_evt  ble_conn_params.o
    0x0001bf08   0x0001bf08   0x0000005e   Code   RO          828    i.ble_device_addr_encode  ble_advdata.o
    0x0001bf66   0x0001bf66   0x00000002   PAD
    0x0001bf68   0x0001bf68   0x00000028   Code   RO            6    i.ble_evt_dispatch  main.o
    0x0001bf90   0x0001bf90   0x00000068   Code   RO         1121    i.ble_nus_init      ble_nus.o
    0x0001bff8   0x0001bff8   0x0000005c   Code   RO         1122    i.ble_nus_on_ble_evt  ble_nus.o
    0x0001c054   0x0001c054   0x00000054   Code   RO         1123    i.ble_nus_string_send  ble_nus.o
    0x0001c0a8   0x0001c0a8   0x0000000e   Code   RO         1068    i.ble_srv_is_notification_enabled  ble_srv_common.o
    0x0001c0b6   0x0001c0b6   0x00000002   PAD
    0x0001c0b8   0x0001c0b8   0x0000000c   Code   RO          501    i.bsp_board_button_idx_to_pin  boards.o
    0x0001c0c4   0x0001c0c4   0x00000020   Code   RO          505    i.bsp_board_led_invert  boards.o
    0x0001c0e4   0x0001c0e4   0x00000014   Code   RO          506    i.bsp_board_led_off  boards.o
    0x0001c0f8   0x0001c0f8   0x00000014   Code   RO          507    i.bsp_board_led_on  boards.o
    0x0001c10c   0x0001c10c   0x00000020   Code   RO          508    i.bsp_board_led_state_get  boards.o
    0x0001c12c   0x0001c12c   0x00000012   Code   RO          510    i.bsp_board_leds_off  boards.o
    0x0001c13e   0x0001c13e   0x00000012   Code   RO          511    i.bsp_board_leds_on  boards.o
    0x0001c150   0x0001c150   0x00000024   Code   RO          512    i.bsp_board_pin_to_button_idx  boards.o
    0x0001c174   0x0001c174   0x00000078   Code   RO          724    i.bsp_btn_ble_on_ble_evt  bsp_btn_ble.o
    0x0001c1ec   0x0001c1ec   0x00000022   Code   RO          725    i.bsp_btn_ble_sleep_mode_prepare  bsp_btn_ble.o
    0x0001c20e   0x0001c20e   0x00000002   PAD
    0x0001c210   0x0001c210   0x00000094   Code   RO          607    i.bsp_button_event_handler  bsp.o
    0x0001c2a4   0x0001c2a4   0x00000048   Code   RO          611    i.bsp_event_to_button_action_assign  bsp.o
    0x0001c2ec   0x0001c2ec   0x0000001c   Code   RO          612    i.bsp_indication_set  bsp.o
    0x0001c308   0x0001c308   0x00000180   Code   RO          614    i.bsp_led_indication  bsp.o
    0x0001c488   0x0001c488   0x00000010   Code   RO          616    i.bsp_wakeup_button_enable  bsp.o
    0x0001c498   0x0001c498   0x0000005c   Code   RO            8    i.button_active     main.o
    0x0001c4f4   0x0001c4f4   0x00000010   Code   RO         1385    i.channel_port_get  nrf_drv_gpiote.o
    0x0001c504   0x0001c504   0x00000028   Code   RO         1168    i.clock_clk_started_notify  nrf_drv_clock.o
    0x0001c52c   0x0001c52c   0x000000a8   Code   RO         2213    i.compare_reg_update  app_timer.o
    0x0001c5d4   0x0001c5d4   0x00000088   Code   RO          829    i.conn_int_encode   ble_advdata.o
    0x0001c65c   0x0001c65c   0x00000008   Code   RO            9    i.conn_params_error_handler  main.o
    0x0001c664   0x0001c664   0x00000068   Code   RO         1002    i.conn_params_negotiation  ble_conn_params.o
    0x0001c6cc   0x0001c6cc   0x00000040   Code   RO         2214    i.elapsed_ticks_acquire  app_timer.o
    0x0001c70c   0x0001c70c   0x00000018   Code   RO         2398    i.fs_queued_op_count_get  fstorage.o
    0x0001c724   0x0001c724   0x00000050   Code   RO           10    i.get_battery_value  main.o
    0x0001c774   0x0001c774   0x00000080   Code   RO         2809    i.intern_softdevice_events_execute  softdevice_handler.o
    0x0001c7f4   0x0001c7f4   0x000000ac   Code   RO         1865    i.irq_handler_twi   nrf_drv_twi.o
    0x0001c8a0   0x0001c8a0   0x0000001c   Code   RO         1003    i.is_conn_params_ok  ble_conn_params.o
    0x0001c8bc   0x0001c8bc   0x00000048   Code   RO         2949    i.is_manual_peripheral_setup_needed  system_nrf51.o
    0x0001c904   0x0001c904   0x00000022   Code   RO           11    i.led_gpio_init     main.o
    0x0001c926   0x0001c926   0x00000002   PAD
    0x0001c928   0x0001c928   0x000000ac   Code   RO         2215    i.list_deletions_handler  app_timer.o
    0x0001c9d4   0x0001c9d4   0x000000bc   Code   RO         2216    i.list_insertions_handler  app_timer.o
    0x0001ca90   0x0001ca90   0x000001f0   Code   RO           12    i.main              main.o
    0x0001cc80   0x0001cc80   0x00000068   Code   RO          830    i.manuf_specific_data_encode  ble_advdata.o
    0x0001cce8   0x0001cce8   0x0000009e   Code   RO          831    i.name_encode       ble_advdata.o
    0x0001cd86   0x0001cd86   0x00000010   Code   RO         1386    i.nrf_bitmask_bit_is_set  nrf_drv_gpiote.o
    0x0001cd96   0x0001cd96   0x00000010   Code   RO         1172    i.nrf_clock_event_check  nrf_drv_clock.o
    0x0001cda6   0x0001cda6   0x00000002   PAD
    0x0001cda8   0x0001cda8   0x00000034   Code   RO           13    i.nrf_delay_ms      main.o
    0x0001cddc   0x0001cddc   0x00000030   Code   RO         1866    i.nrf_delay_us      nrf_drv_twi.o
    0x0001ce0c   0x0001ce0c   0x00000030   Code   RO         2217    i.nrf_delay_us      app_timer.o
    0x0001ce3c   0x0001ce3c   0x00000048   Code   RO         1179    i.nrf_drv_clock_init  nrf_drv_clock.o
    0x0001ce84   0x0001ce84   0x00000034   Code   RO         1186    i.nrf_drv_clock_on_sd_enable  nrf_drv_clock.o
    0x0001ceb8   0x0001ceb8   0x0000000c   Code   RO         1187    i.nrf_drv_clock_on_soc_event  nrf_drv_clock.o
    0x0001cec4   0x0001cec4   0x00000060   Code   RO         1341    i.nrf_drv_common_irq_enable  nrf_drv_common.o
    0x0001cf24   0x0001cf24   0x00000020   Code   RO         1869    i.nrf_drv_twi_enable  nrf_drv_twi.o
    0x0001cf44   0x0001cf44   0x00000088   Code   RO         1870    i.nrf_drv_twi_init  nrf_drv_twi.o
    0x0001cfcc   0x0001cfcc   0x00000024   Code   RO         1874    i.nrf_drv_twi_tx    nrf_drv_twi.o
    0x0001cff0   0x0001cff0   0x00000028   Code   RO         1876    i.nrf_drv_twi_xfer  nrf_drv_twi.o
    0x0001d018   0x0001d018   0x00000028   Code   RO           14    i.nrf_gpio_cfg      main.o
    0x0001d040   0x0001d040   0x00000012   Code   RO           15    i.nrf_gpio_cfg_input  main.o
    0x0001d052   0x0001d052   0x00000022   Code   RO          619    i.nrf_gpio_cfg_sense_set  bsp.o
    0x0001d074   0x0001d074   0x00000022   Code   RO         1408    i.nrf_gpio_cfg_sense_set  nrf_drv_gpiote.o
    0x0001d096   0x0001d096   0x00000002   PAD
    0x0001d098   0x0001d098   0x00000010   Code   RO           16    i.nrf_gpio_pin_clear  main.o
    0x0001d0a8   0x0001d0a8   0x00000010   Code   RO           17    i.nrf_gpio_pin_read  main.o
    0x0001d0b8   0x0001d0b8   0x00000010   Code   RO           18    i.nrf_gpio_pin_set  main.o
    0x0001d0c8   0x0001d0c8   0x00000010   Code   RO         1877    i.nrf_gpio_pin_set  nrf_drv_twi.o
    0x0001d0d8   0x0001d0d8   0x00000018   Code   RO          515    i.nrf_gpio_pin_write  boards.o
    0x0001d0f0   0x0001d0f0   0x00000028   Code   RO         1409    i.nrf_gpio_ports_read  nrf_drv_gpiote.o
    0x0001d118   0x0001d118   0x00000010   Code   RO         1410    i.nrf_gpiote_event_clear  nrf_drv_gpiote.o
    0x0001d128   0x0001d128   0x00000014   Code   RO         1411    i.nrf_gpiote_event_is_set  nrf_drv_gpiote.o
    0x0001d13c   0x0001d13c   0x0000000a   Code   RO         1878    i.nrf_twi_event_check  nrf_drv_twi.o
    0x0001d146   0x0001d146   0x0000000a   Code   RO         1615    i.nrf_uart_event_check  nrf_drv_uart.o
    0x0001d150   0x0001d150   0x00000010   Code   RO         1616    i.nrf_uart_int_enable_check  nrf_drv_uart.o
    0x0001d160   0x0001d160   0x00000078   Code   RO           19    i.nus_data_handler  main.o
    0x0001d1d8   0x0001d1d8   0x00000020   Code   RO           20    i.on_adv_evt        main.o
    0x0001d1f8   0x0001d1f8   0x000000d0   Code   RO           21    i.on_ble_evt        main.o
    0x0001d2c8   0x0001d2c8   0x00000020   Code   RO           22    i.on_conn_params_evt  main.o
    0x0001d2e8   0x0001d2e8   0x0000000e   Code   RO           23    i.power_manage      main.o
    0x0001d2f6   0x0001d2f6   0x00000002   PAD
    0x0001d2f8   0x0001d2f8   0x000000b0   Code   RO           24    i.read_mode         main.o
    0x0001d3a8   0x0001d3a8   0x00000044   Code   RO         2218    i.rtc1_stop         app_timer.o
    0x0001d3ec   0x0001d3ec   0x00000026   Code   RO         1617    i.rx_byte           nrf_drv_uart.o
    0x0001d412   0x0001d412   0x0000009e   Code   RO         1124    i.rx_char_add       ble_nus.o
    0x0001d4b0   0x0001d4b0   0x00000014   Code   RO         1618    i.rx_done_event     nrf_drv_uart.o
    0x0001d4c4   0x0001d4c4   0x00000084   Code   RO         2811    i.sd_nvic_EnableIRQ  softdevice_handler.o
    0x0001d548   0x0001d548   0x0000008e   Code   RO          832    i.service_data_encode  ble_advdata.o
    0x0001d5d6   0x0001d5d6   0x00000002   PAD
    0x0001d5d8   0x0001d5d8   0x00000058   Code   RO          913    i.set_adv_mode_fast  ble_advertising.o
    0x0001d630   0x0001d630   0x00000054   Code   RO          914    i.set_adv_mode_slow  ble_advertising.o
    0x0001d684   0x0001d684   0x00000028   Code   RO           25    i.sleep_mode_enter  main.o
    0x0001d6ac   0x0001d6ac   0x00000014   Code   RO         2812    i.softdevice_ble_evt_handler_set  softdevice_handler.o
    0x0001d6c0   0x0001d6c0   0x00000014   Code   RO         2813    i.softdevice_enable  softdevice_handler.o
    0x0001d6d4   0x0001d6d4   0x00000028   Code   RO         2814    i.softdevice_enable_get_default_config  softdevice_handler.o
    0x0001d6fc   0x0001d6fc   0x00000008   Code   RO         2815    i.softdevice_fault_handler  softdevice_handler.o
    0x0001d704   0x0001d704   0x00000058   Code   RO         2816    i.softdevice_handler_init  softdevice_handler.o
    0x0001d75c   0x0001d75c   0x0000000c   Code   RO         2817    i.softdevice_handler_is_enabled  softdevice_handler.o
    0x0001d768   0x0001d768   0x00000084   Code   RO         2219    i.timer_list_handler  app_timer.o
    0x0001d7ec   0x0001d7ec   0x00000010   Code   RO         2220    i.timer_list_handler_sched  app_timer.o
    0x0001d7fc   0x0001d7fc   0x00000040   Code   RO         2221    i.timer_list_insert  app_timer.o
    0x0001d83c   0x0001d83c   0x00000048   Code   RO         2222    i.timer_stop_op_schedule  app_timer.o
    0x0001d884   0x0001d884   0x00000080   Code   RO         2223    i.timer_timeouts_check  app_timer.o
    0x0001d904   0x0001d904   0x00000098   Code   RO         1879    i.twi_clear_bus     nrf_drv_twi.o
    0x0001d99c   0x0001d99c   0x00000020   Code   RO          398    i.twi_handler       eeprom.o
    0x0001d9bc   0x0001d9bc   0x0000003c   Code   RO          399    i.twi_init          eeprom.o
    0x0001d9f8   0x0001d9f8   0x00000020   Code   RO         1880    i.twi_process_error  nrf_drv_twi.o
    0x0001da18   0x0001da18   0x000000a0   Code   RO         1881    i.twi_rx_start_transfer  nrf_drv_twi.o
    0x0001dab8   0x0001dab8   0x0000002e   Code   RO         1882    i.twi_send_byte     nrf_drv_twi.o
    0x0001dae6   0x0001dae6   0x00000108   Code   RO         1883    i.twi_transfer      nrf_drv_twi.o
    0x0001dbee   0x0001dbee   0x00000002   PAD
    0x0001dbf0   0x0001dbf0   0x0000009c   Code   RO         1884    i.twi_tx_start_transfer  nrf_drv_twi.o
    0x0001dc8c   0x0001dc8c   0x0000008c   Code   RO         1885    i.twi_xfer          nrf_drv_twi.o
    0x0001dd18   0x0001dd18   0x0000001e   Code   RO         1620    i.tx_byte           nrf_drv_uart.o
    0x0001dd36   0x0001dd36   0x00000080   Code   RO         1125    i.tx_char_add       ble_nus.o
    0x0001ddb6   0x0001ddb6   0x00000018   Code   RO         1621    i.tx_done_event     nrf_drv_uart.o
    0x0001ddce   0x0001ddce   0x00000128   Code   RO         1622    i.uart_irq_handler  nrf_drv_uart.o
    0x0001def6   0x0001def6   0x0000000a   Code   RO          833    i.uint16_encode     ble_advdata.o
    0x0001df00   0x0001df00   0x00000034   Code   RO           27    i.update_device_status  main.o
    0x0001df34   0x0001df34   0x00000064   Code   RO         1004    i.update_timeout_handler  ble_conn_params.o
    0x0001df98   0x0001df98   0x0000002c   Code   RO         2224    i.user_op_alloc     app_timer.o
    0x0001dfc4   0x0001dfc4   0x00000030   Code   RO          834    i.uuid_list_encode  ble_advdata.o
    0x0001dff4   0x0001dff4   0x000000ae   Code   RO          835    i.uuid_list_sized_encode  ble_advdata.o
    0x0001e0a2   0x0001e0a2   0x00000002   PAD
    0x0001e0a4   0x0001e0a4   0x00000018   Code   RO          915    i.whitelist_has_entries  ble_advertising.o
    0x0001e0bc   0x0001e0bc   0x00000054   Code   RO          400    i.write_EEPROM_data  eeprom.o
    0x0001e110   0x0001e110   0x000000f0   Code   RO           28    i.write_mode        main.o
    0x0001e200   0x0001e200   0x00000004   Data   RO           30    .constdata          main.o
    0x0001e204   0x0001e204   0x00000018   Data   RO          401    .constdata          eeprom.o
    0x0001e21c   0x0001e21c   0x00000008   Data   RO          516    .constdata          boards.o
    0x0001e224   0x0001e224   0x0000002c   Data   RO          624    .constdata          bsp.o
    0x0001e250   0x0001e250   0x00000004   Data   RO         1007    .constdata          ble_conn_params.o
    0x0001e254   0x0001e254   0x00000010   Data   RO         1126    .constdata          ble_nus.o
    0x0001e264   0x0001e264   0x00000004   Data   RO         1415    .constdata          nrf_drv_gpiote.o
    0x0001e268   0x0001e268   0x00000020   Data   RO         3013    Region$$Table       anon$$obj.o


    Execution Region RW_IRAM1 (Exec base: 0x20001fe8, Load base: 0x0001e288, Size: 0x00000d18, Max: 0x00002790, ABSOLUTE)

    Exec Addr    Load Addr    Size         Type   Attr      Idx    E Section Name        Object

    0x20001fe8   0x0001e288   0x0000000c   Data   RW           31    .data               main.o
    0x20001ff4   0x0001e294   0x00000002   Data   RW          402    .data               eeprom.o
    0x20001ff6   0x0001e296   0x00000002   PAD
    0x20001ff8   0x0001e298   0x00000014   Data   RW          625    .data               bsp.o
    0x2000200c   0x0001e2ac   0x00000008   Data   RW          726    .data               bsp_btn_ble.o
    0x20002014   0x0001e2b4   0x00000030   Data   RW          919    .data               ble_advertising.o
    0x20002044   0x0001e2e4   0x00000014   Data   RW         1008    .data               ble_conn_params.o
    0x20002058   0x0001e2f8   0x00000020   Data   RW         2225    .data               app_timer.o
    0x20002078   0x0001e318   0x0000000c   Data   RW         2349    .data               app_util_platform.o
    0x20002084   0x0001e324   0x00000014   Data   RW         2823    .data               softdevice_handler.o
    0x20002098   0x0001e338   0x00000004   Data   RW         2950    .data               system_nrf51.o
    0x2000209c        -       0x000000f0   Zero   RW           29    .bss                main.o
    0x2000218c        -       0x00000020   Zero   RW          620    .bss                bsp.o
    0x200021ac        -       0x00000020   Zero   RW          621    .bss                bsp.o
    0x200021cc        -       0x0000000c   Zero   RW          622    .bss                bsp.o
    0x200021d8        -       0x00000020   Zero   RW          623    .bss                bsp.o
    0x200021f8        -       0x0000016b   Zero   RW          916    .bss                ble_advertising.o
    0x20002363   0x0001e33c   0x00000001   PAD
    0x20002364        -       0x00000020   Zero   RW          917    .bss                ble_advertising.o
    0x20002384        -       0x00000020   Zero   RW          918    .bss                ble_advertising.o
    0x200023a4        -       0x00000020   Zero   RW         1005    .bss                ble_conn_params.o
    0x200023c4        -       0x0000001c   Zero   RW         1006    .bss                ble_conn_params.o
    0x200023e0        -       0x00000014   Zero   RW         1189    .bss                nrf_drv_clock.o
    0x200023f4        -       0x00000048   Zero   RW         1414    .bss                nrf_drv_gpiote.o
    0x2000243c        -       0x0000001c   Zero   RW         1623    .bss                nrf_drv_uart.o
    0x20002458        -       0x00000014   Zero   RW         1785    .bss                nrf_drv_adc.o
    0x2000246c        -       0x00000028   Zero   RW         1886    .bss                nrf_drv_twi.o
    0x20002494        -       0x00000068   Zero   RW         2407    .bss                fstorage.o
    0x200024fc   0x0001e33c   0x00000004   PAD
    0x20002500        -       0x00000800   Zero   RW         2938    STACK               arm_startup_nrf51.o


==============================================================================

Image component sizes


      Code (inc. data)   RO Data    RW Data    ZI Data      Debug   Object Name

        24          4          0          0          0       2233   app_error.o
        28         10          0          0          0       7110   app_error_weak.o
      1612        158          0         32          0      42859   app_timer.o
       104         20          0         12          0       6466   app_util_platform.o
        56         18        192          0       2048        720   arm_startup_nrf51.o
      1368          6          0          0          0      37516   ble_advdata.o
      1000         62          0         48        427      15064   ble_advertising.o
       460         60          4         20         60       6676   ble_conn_params.o
       566         12         16          0          0       6654   ble_nus.o
        14          0          0          0          0       1438   ble_srv_common.o
       212         46          8          0          0      10317   boards.o
       708         60         44         20        108      15744   bsp.o
       214          6          0          8          0      37146   bsp_btn_ble.o
       176         28         24          2          0      30453   eeprom.o
        24          6          0          0        104       3832   fstorage.o
      2082        176          4         12        240     120323   main.o
       192         34          0          0         20       7649   nrf_drv_adc.o
       276         38          0          0         20      16220   nrf_drv_clock.o
        96         18          0          0          0       9052   nrf_drv_common.o
       518         34          4          0         72      19264   nrf_drv_gpiote.o
      1460         72          0          0         40      29753   nrf_drv_twi.o
       454          8          0          0         28      16245   nrf_drv_uart.o
       508         66          0         20          0      21543   softdevice_handler.o
       232         36          0          4          0       2391   system_nrf51.o

    ----------------------------------------------------------------------
     12406        978        328        180       3172     466668   Object Totals
         0          0         32          0          0          0   (incl. Generated)
        22          0          0          2          5          0   (incl. Padding)

    ----------------------------------------------------------------------

      Code (inc. data)   RO Data    RW Data    ZI Data      Debug   Library Member Name

         0          0          0          0          0          0   entry.o
         0          0          0          0          0          0   entry10a.o
         0          0          0          0          0          0   entry11a.o
         8          4          0          0          0          0   entry2.o
         4          0          0          0          0          0   entry5.o
         0          0          0          0          0          0   entry7b.o
         0          0          0          0          0          0   entry8b.o
         8          4          0          0          0          0   entry9a.o
        30          0          0          0          0          0   handlers.o
        36          8          0          0          0         68   init.o
        36          0          0          0          0         60   memcpya.o
        36          0          0          0          0        100   memseta.o
        44          0          0          0          0         72   uidiv.o

    ----------------------------------------------------------------------
       202         16          0          0          0        300   Library Totals
         0          0          0          0          0          0   (incl. Padding)

    ----------------------------------------------------------------------

      Code (inc. data)   RO Data    RW Data    ZI Data      Debug   Library Name

       202         16          0          0          0        300   mc_p.l

    ----------------------------------------------------------------------
       202         16          0          0          0        300   Library Totals

    ----------------------------------------------------------------------

==============================================================================


      Code (inc. data)   RO Data    RW Data    ZI Data      Debug   

     12608        994        328        180       3172     460652   Grand Totals
     12608        994        328        180       3172     460652   ELF Image Totals
     12608        994        328        180          0          0   ROM Totals

==============================================================================

    Total RO  Size (Code + RO Data)                12936 (  12.63kB)
    Total RW  Size (RW Data + ZI Data)              3352 (   3.27kB)
    Total ROM Size (Code + RO Data + RW Data)      13116 (  12.81kB)

==============================================================================

